Archive member included to satisfy reference by file (symbol)

/usr/lib/gcc/arm-none-eabi/5.4.1/../../../arm-none-eabi/lib/armv7e-m/fpu/libc_nano.a(lib_a-atexit.o)
                              /usr/lib/gcc/arm-none-eabi/5.4.1/../../../arm-none-eabi/lib/armv7e-m/fpu/crt0.o (atexit)
/usr/lib/gcc/arm-none-eabi/5.4.1/../../../arm-none-eabi/lib/armv7e-m/fpu/libc_nano.a(lib_a-ctype_.o)
                              _build/nrf52832_xxaa/nrf_log_str_formatter.c.o (__ctype_ptr__)
/usr/lib/gcc/arm-none-eabi/5.4.1/../../../arm-none-eabi/lib/armv7e-m/fpu/libc_nano.a(lib_a-exit.o)
                              /usr/lib/gcc/arm-none-eabi/5.4.1/../../../arm-none-eabi/lib/armv7e-m/fpu/crt0.o (exit)
/usr/lib/gcc/arm-none-eabi/5.4.1/../../../arm-none-eabi/lib/armv7e-m/fpu/libc_nano.a(lib_a-fini.o)
                              /usr/lib/gcc/arm-none-eabi/5.4.1/../../../arm-none-eabi/lib/armv7e-m/fpu/crt0.o (__libc_fini_array)
/usr/lib/gcc/arm-none-eabi/5.4.1/../../../arm-none-eabi/lib/armv7e-m/fpu/libc_nano.a(lib_a-impure.o)
                              /usr/lib/gcc/arm-none-eabi/5.4.1/../../../arm-none-eabi/lib/armv7e-m/fpu/libc_nano.a(lib_a-exit.o) (_global_impure_ptr)
/usr/lib/gcc/arm-none-eabi/5.4.1/../../../arm-none-eabi/lib/armv7e-m/fpu/libc_nano.a(lib_a-init.o)
                              /usr/lib/gcc/arm-none-eabi/5.4.1/../../../arm-none-eabi/lib/armv7e-m/fpu/crt0.o (__libc_init_array)
/usr/lib/gcc/arm-none-eabi/5.4.1/../../../arm-none-eabi/lib/armv7e-m/fpu/libc_nano.a(lib_a-memcpy.o)
                              _build/nrf52832_xxaa/nrf_log_frontend.c.o (memcpy)
/usr/lib/gcc/arm-none-eabi/5.4.1/../../../arm-none-eabi/lib/armv7e-m/fpu/libc_nano.a(lib_a-memset.o)
                              /usr/lib/gcc/arm-none-eabi/5.4.1/../../../arm-none-eabi/lib/armv7e-m/fpu/crt0.o (memset)
/usr/lib/gcc/arm-none-eabi/5.4.1/../../../arm-none-eabi/lib/armv7e-m/fpu/libc_nano.a(lib_a-strcpy.o)
                              _build/nrf52832_xxaa/SEGGER_RTT.c.o (strcpy)
/usr/lib/gcc/arm-none-eabi/5.4.1/../../../arm-none-eabi/lib/armv7e-m/fpu/libc_nano.a(lib_a-strlen.o)
                              _build/nrf52832_xxaa/nrf_log_frontend.c.o (strlen)
/usr/lib/gcc/arm-none-eabi/5.4.1/../../../arm-none-eabi/lib/armv7e-m/fpu/libc_nano.a(lib_a-__atexit.o)
                              /usr/lib/gcc/arm-none-eabi/5.4.1/../../../arm-none-eabi/lib/armv7e-m/fpu/libc_nano.a(lib_a-atexit.o) (__register_exitproc)
/usr/lib/gcc/arm-none-eabi/5.4.1/../../../arm-none-eabi/lib/armv7e-m/fpu/libc_nano.a(lib_a-__call_atexit.o)
                              /usr/lib/gcc/arm-none-eabi/5.4.1/../../../arm-none-eabi/lib/armv7e-m/fpu/libc_nano.a(lib_a-__atexit.o) (__call_exitprocs)
/usr/lib/gcc/arm-none-eabi/5.4.1/../../../arm-none-eabi/lib/armv7e-m/fpu/libnosys.a(_exit.o)
                              /usr/lib/gcc/arm-none-eabi/5.4.1/../../../arm-none-eabi/lib/armv7e-m/fpu/libc_nano.a(lib_a-exit.o) (_exit)

Allocating common symbols
Common symbol       size              file

nrf_drv_uart_use_easy_dma
                    0x1               _build/nrf52832_xxaa/nrf_drv_uart.c.o
_SEGGER_RTT         0x78              _build/nrf52832_xxaa/SEGGER_RTT.c.o

Discarded input sections

 .text          0x0000000000000000        0x0 /usr/lib/gcc/arm-none-eabi/5.4.1/armv7e-m/fpu/crti.o
 .data          0x0000000000000000        0x0 /usr/lib/gcc/arm-none-eabi/5.4.1/armv7e-m/fpu/crti.o
 .bss           0x0000000000000000        0x0 /usr/lib/gcc/arm-none-eabi/5.4.1/armv7e-m/fpu/crti.o
 .data          0x0000000000000000        0x4 /usr/lib/gcc/arm-none-eabi/5.4.1/armv7e-m/fpu/crtbegin.o
 .data          0x0000000000000000        0x0 /usr/lib/gcc/arm-none-eabi/5.4.1/../../../arm-none-eabi/lib/armv7e-m/fpu/crt0.o
 .bss           0x0000000000000000        0x0 /usr/lib/gcc/arm-none-eabi/5.4.1/../../../arm-none-eabi/lib/armv7e-m/fpu/crt0.o
 .ARM.extab     0x0000000000000000        0x0 /usr/lib/gcc/arm-none-eabi/5.4.1/../../../arm-none-eabi/lib/armv7e-m/fpu/crt0.o
 .data          0x0000000000000000        0x0 _build/nrf52832_xxaa/gcc_startup_nrf52.S.o
 .bss           0x0000000000000000        0x0 _build/nrf52832_xxaa/gcc_startup_nrf52.S.o
 .group         0x0000000000000000        0x8 _build/nrf52832_xxaa/nrf_log_backend_rtt.c.o
 .group         0x0000000000000000        0x8 _build/nrf52832_xxaa/nrf_log_backend_rtt.c.o
 .group         0x0000000000000000        0x8 _build/nrf52832_xxaa/nrf_log_backend_rtt.c.o
 .group         0x0000000000000000        0x8 _build/nrf52832_xxaa/nrf_log_backend_rtt.c.o
 .group         0x0000000000000000        0x8 _build/nrf52832_xxaa/nrf_log_backend_rtt.c.o
 .group         0x0000000000000000        0x8 _build/nrf52832_xxaa/nrf_log_backend_rtt.c.o
 .group         0x0000000000000000        0x8 _build/nrf52832_xxaa/nrf_log_backend_rtt.c.o
 .group         0x0000000000000000        0x8 _build/nrf52832_xxaa/nrf_log_backend_rtt.c.o
 .group         0x0000000000000000        0x8 _build/nrf52832_xxaa/nrf_log_backend_rtt.c.o
[...]
Memory Configuration

Name             Origin             Length             Attributes
FLASH            0x0000000000000000 0x0000000000080000 xr
RAM              0x0000000020000000 0x0000000000010000 xrw
*default*        0x0000000000000000 0xffffffffffffffff

Linker script and memory map


.text           0x0000000000000000     0x394c
 *(.isr_vector)
 .isr_vector    0x0000000000000000      0x200 _build/nrf52832_xxaa/gcc_startup_nrf52.S.o
                0x0000000000000000                __isr_vector
 *(.text*)
 .text          0x0000000000000200       0xa4 /usr/lib/gcc/arm-none-eabi/5.4.1/armv7e-m/fpu/crtbegin.o
 .text          0x00000000000002a4       0x68 /usr/lib/gcc/arm-none-eabi/5.4.1/../../../arm-none-eabi/lib/armv7e-m/fpu/crt0.o
                0x00000000000002a4                _mainCRTStartup
                0x00000000000002a4                _start
 .text          0x000000000000030c       0x3c _build/nrf52832_xxaa/gcc_startup_nrf52.S.o
                0x000000000000030c                Reset_Handler
                0x0000000000000334                NMI_Handler
                0x0000000000000336                HardFault_Handler
                0x0000000000000338                MemoryManagement_Handler
                0x000000000000033a                BusFault_Handler
                0x000000000000033c                UsageFault_Handler
                0x000000000000033e                SVC_Handler
                0x0000000000000340                DebugMon_Handler
                0x0000000000000342                PendSV_Handler
                0x0000000000000344                SysTick_Handler
                0x0000000000000346                TIMER2_IRQHandler
                0x0000000000000346                RTC0_IRQHandler
                0x0000000000000346                SWI0_EGU0_IRQHandler
                0x0000000000000346                SWI2_EGU2_IRQHandler
                0x0000000000000346                GPIOTE_IRQHandler
                0x0000000000000346                PWM1_IRQHandler
                0x0000000000000346                POWER_CLOCK_IRQHandler
                0x0000000000000346                RADIO_IRQHandler
                0x0000000000000346                PDM_IRQHandler
                0x0000000000000346                TEMP_IRQHandler
                0x0000000000000346                QDEC_IRQHandler
                0x0000000000000346                TIMER3_IRQHandler
                0x0000000000000346                FPU_IRQHandler
                0x0000000000000346                SPIM0_SPIS0_TWIM0_TWIS0_SPI0_TWI0_IRQHandler
                0x0000000000000346                TIMER4_IRQHandler
                0x0000000000000346                SWI4_EGU4_IRQHandler
                0x0000000000000346                TIMER0_IRQHandler
                0x0000000000000346                TIMER1_IRQHandler
                0x0000000000000346                PWM2_IRQHandler
                0x0000000000000346                ECB_IRQHandler
                0x0000000000000346                SPIM1_SPIS1_TWIM1_TWIS1_SPI1_TWI1_IRQHandler
                0x0000000000000346                Default_Handler
                0x0000000000000346                SAADC_IRQHandler
                0x0000000000000346                CCM_AAR_IRQHandler
                0x0000000000000346                WDT_IRQHandler
                0x0000000000000346                SWI5_EGU5_IRQHandler
                0x0000000000000346                RNG_IRQHandler
                0x0000000000000346                RTC2_IRQHandler
                0x0000000000000346                PWM0_IRQHandler
                0x0000000000000346                SWI3_EGU3_IRQHandler
                0x0000000000000346                RTC1_IRQHandler
                0x0000000000000346                SWI1_EGU1_IRQHandler
                0x0000000000000346                SPIM2_SPIS2_SPI2_IRQHandler
                0x0000000000000346                NFCT_IRQHandler
                0x0000000000000346                MWU_IRQHandler
                0x0000000000000346                COMP_LPCOMP_IRQHandler
 .text.nrf_log_backend_serial_put
                0x0000000000000348       0xd8 _build/nrf52832_xxaa/nrf_log_backend_serial.c.o
                0x0000000000000348                nrf_log_backend_serial_put
 .text.uart_evt_handler
                0x0000000000000420        0xc _build/nrf52832_xxaa/nrf_log_backend_uart.c.o
 .text.nrf_log_backend_uart_flush
                0x000000000000042c        0x4 _build/nrf52832_xxaa/nrf_log_backend_uart.c.o
 .text.nrf_log_backend_uart_put
                0x0000000000000430       0x20 _build/nrf52832_xxaa/nrf_log_backend_uart.c.o
 .text.serial_tx
                0x0000000000000450       0x4c _build/nrf52832_xxaa/nrf_log_backend_uart.c.o
 .text.nrf_log_backend_uart_panic_set
                0x000000000000049c       0x6c _build/nrf52832_xxaa/nrf_log_backend_uart.c.o
 .text.nrf_log_backend_uart_init
                0x0000000000000508       0x54 _build/nrf52832_xxaa/nrf_log_backend_uart.c.o
                0x0000000000000508                nrf_log_backend_uart_init
 .text.nrf_log_default_backends_init
                0x000000000000055c       0x20 _build/nrf52832_xxaa/nrf_log_default_backends.c.o
                0x000000000000055c                nrf_log_default_backends_init
 .text.log_skip
                0x000000000000057c       0xc8 _build/nrf52832_xxaa/nrf_log_frontend.c.o
 .text.nrf_log_init
                0x0000000000000644       0x3c _build/nrf52832_xxaa/nrf_log_frontend.c.o
                0x0000000000000644                nrf_log_init
 .text.nrf_log_module_name_get
                0x0000000000000680       0x54 _build/nrf52832_xxaa/nrf_log_frontend.c.o
                0x0000000000000680                nrf_log_module_name_get
 .text.nrf_log_color_id_get
                0x00000000000006d4       0x2c _build/nrf52832_xxaa/nrf_log_frontend.c.o
                0x00000000000006d4                nrf_log_color_id_get
 .text.nrf_log_frontend_dequeue
                0x0000000000000700      0x284 _build/nrf52832_xxaa/nrf_log_frontend.c.o
                0x0000000000000700                nrf_log_frontend_dequeue
 .text.nrf_log_frontend_std_0
                0x0000000000000984       0xe0 _build/nrf52832_xxaa/nrf_log_frontend.c.o
                0x0000000000000984                nrf_log_frontend_std_0
 .text.nrf_log_frontend_std_1
                0x0000000000000a64       0xec _build/nrf52832_xxaa/nrf_log_frontend.c.o
                0x0000000000000a64                nrf_log_frontend_std_1
 .text.nrf_log_frontend_std_6
                0x0000000000000b50      0x144 _build/nrf52832_xxaa/nrf_log_frontend.c.o
                0x0000000000000b50                nrf_log_frontend_std_6
 .text.nrf_log_backend_add
                0x0000000000000c94       0x64 _build/nrf52832_xxaa/nrf_log_frontend.c.o
                0x0000000000000c94                nrf_log_backend_add
 .text.nrf_log_std_entry_process
                0x0000000000000cf8      0x14c _build/nrf52832_xxaa/nrf_log_str_formatter.c.o
                0x0000000000000cf8                nrf_log_std_entry_process
 .text.nrf_log_hexdump_entry_process
                0x0000000000000e44      0x158 _build/nrf52832_xxaa/nrf_log_str_formatter.c.o
                0x0000000000000e44                nrf_log_hexdump_entry_process
 .text.bsp_board_led_off
                0x0000000000000f9c       0x18 _build/nrf52832_xxaa/boards.c.o
                0x0000000000000f9c                bsp_board_led_off
 .text.bsp_board_leds_off
                0x0000000000000fb4       0x2c _build/nrf52832_xxaa/boards.c.o
                0x0000000000000fb4                bsp_board_leds_off
 .text.bsp_board_leds_on
                0x0000000000000fe0       0x2c _build/nrf52832_xxaa/boards.c.o
                0x0000000000000fe0                bsp_board_leds_on
 .text.bsp_board_led_invert
                0x000000000000100c       0x28 _build/nrf52832_xxaa/boards.c.o
                0x000000000000100c                bsp_board_led_invert
 .text.bsp_board_init
                0x0000000000001034       0x5c _build/nrf52832_xxaa/boards.c.o
                0x0000000000001034                bsp_board_init
 .text.app_error_handler_bare
                0x0000000000001090       0x20 _build/nrf52832_xxaa/app_error.c.o
                0x0000000000001090                app_error_handler_bare
 .text.app_error_save_and_stop
                0x00000000000010b0       0x64 _build/nrf52832_xxaa/app_error.c.o
                0x00000000000010b0                app_error_save_and_stop
 .text.app_util_critical_region_enter
                0x0000000000001114       0x10 _build/nrf52832_xxaa/app_util_platform.c.o
                0x0000000000001114                app_util_critical_region_enter
 .text.app_util_critical_region_exit
                0x0000000000001124       0x14 _build/nrf52832_xxaa/app_util_platform.c.o
                0x0000000000001124                app_util_critical_region_exit
 .text.nrf_atomic_u32_fetch_store
                0x0000000000001138       0x18 _build/nrf52832_xxaa/nrf_atomic.c.o
                0x0000000000001138                nrf_atomic_u32_fetch_store
 .text.nrf_atomic_u32_add
                0x0000000000001150       0x1c _build/nrf52832_xxaa/nrf_atomic.c.o
                0x0000000000001150                nrf_atomic_u32_add
 .text.nrf_atomic_u32_sub
                0x000000000000116c       0x1c _build/nrf52832_xxaa/nrf_atomic.c.o
                0x000000000000116c                nrf_atomic_u32_sub
 .text.nrf_atomic_flag_set
                0x0000000000001188       0x1c _build/nrf52832_xxaa/nrf_atomic.c.o
                0x0000000000001188                nrf_atomic_flag_set
 .text.nrf_atomic_flag_clear_fetch
                0x00000000000011a4       0x1c _build/nrf52832_xxaa/nrf_atomic.c.o
                0x00000000000011a4                nrf_atomic_flag_clear_fetch
 .text.nrf_balloc_init
                0x00000000000011c0       0x38 _build/nrf52832_xxaa/nrf_balloc.c.o
                0x00000000000011c0                nrf_balloc_init
 .text.nrf_balloc_alloc
                0x00000000000011f8       0x4c _build/nrf52832_xxaa/nrf_balloc.c.o
                0x00000000000011f8                nrf_balloc_alloc
 .text.nrf_balloc_free
                0x0000000000001244       0x2c _build/nrf52832_xxaa/nrf_balloc.c.o
                0x0000000000001244                nrf_balloc_free
 .text.nrf_fprintf_buffer_flush
                0x0000000000001270       0x18 _build/nrf52832_xxaa/nrf_fprintf.c.o
                0x0000000000001270                nrf_fprintf_buffer_flush
 .text.nrf_fprintf
                0x0000000000001288       0x20 _build/nrf52832_xxaa/nrf_fprintf.c.o
                0x0000000000001288                nrf_fprintf
 .text.unsigned_print
                0x00000000000012a8      0x13c _build/nrf52832_xxaa/nrf_fprintf_format.c.o
 .text.nrf_fprintf_fmt
                0x00000000000013e4      0x580 _build/nrf52832_xxaa/nrf_fprintf_format.c.o
                0x00000000000013e4                nrf_fprintf_fmt
 .text.nrf_memobj_pool_init
                0x0000000000001964        0x4 _build/nrf52832_xxaa/nrf_memobj.c.o
                0x0000000000001964                nrf_memobj_pool_init
 .text.nrf_memobj_alloc
                0x0000000000001968       0x8c _build/nrf52832_xxaa/nrf_memobj.c.o
                0x0000000000001968                nrf_memobj_alloc
 .text.nrf_memobj_get
                0x00000000000019f4        0x8 _build/nrf52832_xxaa/nrf_memobj.c.o
                0x00000000000019f4                nrf_memobj_get
 .text.nrf_memobj_put
                0x00000000000019fc       0x40 _build/nrf52832_xxaa/nrf_memobj.c.o
                0x00000000000019fc                nrf_memobj_put
 .text.nrf_memobj_write
                0x0000000000001a3c       0x68 _build/nrf52832_xxaa/nrf_memobj.c.o
                0x0000000000001a3c                nrf_memobj_write
 .text.nrf_memobj_read
                0x0000000000001aa4       0x70 _build/nrf52832_xxaa/nrf_memobj.c.o
                0x0000000000001aa4                nrf_memobj_read
 .text.nrf_ringbuf_init
                0x0000000000001b14       0x1c _build/nrf52832_xxaa/nrf_ringbuf.c.o
                0x0000000000001b14                nrf_ringbuf_init
 .text.uarte_evt_handler
                0x0000000000001b30       0x34 _build/nrf52832_xxaa/nrf_drv_uart.c.o
 .text.uart_evt_handler
                0x0000000000001b64       0x34 _build/nrf52832_xxaa/nrf_drv_uart.c.o
 .text.nrf_drv_uart_init
                0x0000000000001b98       0x80 _build/nrf52832_xxaa/nrf_drv_uart.c.o
                0x0000000000001b98                nrf_drv_uart_init
 .text.nrfx_i2s_init
                0x0000000000001c18      0x14c _build/nrf52832_xxaa/nrfx_i2s.c.o
                0x0000000000001c18                nrfx_i2s_init
 .text.nrfx_i2s_start
                0x0000000000001d64       0xf4 _build/nrf52832_xxaa/nrfx_i2s.c.o
                0x0000000000001d64                nrfx_i2s_start
 .text.nrfx_i2s_next_buffers_set
                0x0000000000001e58       0x70 _build/nrf52832_xxaa/nrfx_i2s.c.o
                0x0000000000001e58                nrfx_i2s_next_buffers_set
 .text.nrfx_i2s_stop
                0x0000000000001ec8       0x3c _build/nrf52832_xxaa/nrfx_i2s.c.o
                0x0000000000001ec8                nrfx_i2s_stop
 .text.I2S_IRQHandler
                0x0000000000001f04      0x134 _build/nrf52832_xxaa/nrfx_i2s.c.o
                0x0000000000001f04                I2S_IRQHandler
 .text.UARTE0_UART0_IRQHandler
                0x0000000000002038        0xc _build/nrf52832_xxaa/nrfx_prs.c.o
                0x0000000000002038                UARTE0_UART0_IRQHandler
 .text.nrfx_prs_acquire
                0x0000000000002044       0x3c _build/nrf52832_xxaa/nrfx_prs.c.o
                0x0000000000002044                nrfx_prs_acquire
 .text.nrfx_prs_release
                0x0000000000002080       0x18 _build/nrf52832_xxaa/nrfx_prs.c.o
                0x0000000000002080                nrfx_prs_release
 .text.nrfx_uart_0_irq_handler
                0x0000000000002098      0x1c8 _build/nrf52832_xxaa/nrfx_uart.c.o
                0x0000000000002098                nrfx_uart_0_irq_handler
 .text.nrfx_uart_init
                0x0000000000002260      0x18c _build/nrf52832_xxaa/nrfx_uart.c.o
                0x0000000000002260                nrfx_uart_init
 .text.nrfx_uart_uninit
                0x00000000000023ec       0xcc _build/nrf52832_xxaa/nrfx_uart.c.o
                0x00000000000023ec                nrfx_uart_uninit
 .text.nrfx_uart_tx
                0x00000000000024b8       0xc8 _build/nrf52832_xxaa/nrfx_uart.c.o
                0x00000000000024b8                nrfx_uart_tx
 .text.nrfx_uarte_0_irq_handler
                0x0000000000002580      0x12c _build/nrf52832_xxaa/nrfx_uarte.c.o
                0x0000000000002580                nrfx_uarte_0_irq_handler
 .text.nrfx_uarte_init
                0x00000000000026ac      0x1cc _build/nrf52832_xxaa/nrfx_uarte.c.o
                0x00000000000026ac                nrfx_uarte_init
 .text.nrfx_uarte_uninit
                0x0000000000002878       0xd0 _build/nrf52832_xxaa/nrfx_uarte.c.o
                0x0000000000002878                nrfx_uarte_uninit
 .text.nrfx_uarte_tx
                0x0000000000002948       0x98 _build/nrf52832_xxaa/nrfx_uarte.c.o
                0x0000000000002948                nrfx_uarte_tx
 .text.data_handler
                0x00000000000029e0       0x58 _build/nrf52832_xxaa/main.c.o
 .text.app_error_fault_handler
                0x0000000000002a38       0x1c _build/nrf52832_xxaa/main.c.o
                0x0000000000002a38                app_error_fault_handler
 .text.startup.main
                0x0000000000002a54      0x2a8 _build/nrf52832_xxaa/main.c.o
                0x0000000000002a54                main
 .text.SystemInit
                0x0000000000002cfc      0x3cc _build/nrf52832_xxaa/system_nrf52.c.o
                0x0000000000002cfc                SystemInit
 .text          0x00000000000030c8        0xc /usr/lib/gcc/arm-none-eabi/5.4.1/../../../arm-none-eabi/lib/armv7e-m/fpu/libc_nano.a(lib_a-atexit.o)
                0x00000000000030c8                atexit
 .text          0x00000000000030d4       0x28 /usr/lib/gcc/arm-none-eabi/5.4.1/../../../arm-none-eabi/lib/armv7e-m/fpu/libc_nano.a(lib_a-exit.o)
                0x00000000000030d4                exit
 .text          0x00000000000030fc       0x28 /usr/lib/gcc/arm-none-eabi/5.4.1/../../../arm-none-eabi/lib/armv7e-m/fpu/libc_nano.a(lib_a-fini.o)
                0x00000000000030fc                __libc_fini_array
 .text          0x0000000000003124       0x50 /usr/lib/gcc/arm-none-eabi/5.4.1/../../../arm-none-eabi/lib/armv7e-m/fpu/libc_nano.a(lib_a-init.o)
                0x0000000000003124                __libc_init_array
 .text          0x0000000000003174      0x134 /usr/lib/gcc/arm-none-eabi/5.4.1/../../../arm-none-eabi/lib/armv7e-m/fpu/libc_nano.a(lib_a-memcpy.o)
                0x0000000000003174                memcpy
 .text          0x00000000000032a8       0x9c /usr/lib/gcc/arm-none-eabi/5.4.1/../../../arm-none-eabi/lib/armv7e-m/fpu/libc_nano.a(lib_a-memset.o)
                0x00000000000032a8                memset
 *fill*         0x0000000000003344       0x3c 
 .text          0x0000000000003380       0xdc /usr/lib/gcc/arm-none-eabi/5.4.1/../../../arm-none-eabi/lib/armv7e-m/fpu/libc_nano.a(lib_a-strlen.o)
                0x0000000000003380                strlen
 .text          0x000000000000345c       0xd0 /usr/lib/gcc/arm-none-eabi/5.4.1/../../../arm-none-eabi/lib/armv7e-m/fpu/libc_nano.a(lib_a-__atexit.o)
                0x000000000000345c                __register_exitproc
 .text          0x000000000000352c       0xf8 /usr/lib/gcc/arm-none-eabi/5.4.1/../../../arm-none-eabi/lib/armv7e-m/fpu/libc_nano.a(lib_a-__call_atexit.o)
                0x000000000000352c                __call_exitprocs
 .text          0x0000000000003624        0x4 /usr/lib/gcc/arm-none-eabi/5.4.1/../../../arm-none-eabi/lib/armv7e-m/fpu/libnosys.a(_exit.o)
                0x0000000000003624                _exit
 *(.init)
 .init          0x0000000000003628        0x4 /usr/lib/gcc/arm-none-eabi/5.4.1/armv7e-m/fpu/crti.o
                0x0000000000003628                _init
 .init          0x000000000000362c        0x8 /usr/lib/gcc/arm-none-eabi/5.4.1/armv7e-m/fpu/crtn.o
 *(.fini)
 .fini          0x0000000000003634        0x4 /usr/lib/gcc/arm-none-eabi/5.4.1/armv7e-m/fpu/crti.o
                0x0000000000003634                _fini
 .fini          0x0000000000003638        0x8 /usr/lib/gcc/arm-none-eabi/5.4.1/armv7e-m/fpu/crtn.o
 *crtbegin.o(.ctors)
 *crtbegin?.o(.ctors)
 *(EXCLUDE_FILE(*crtend.o *crtend?.o) .ctors)
 *(SORT(.ctors.*))
 *(.ctors)
 *crtbegin.o(.dtors)
 *crtbegin?.o(.dtors)
 *(EXCLUDE_FILE(*crtend.o *crtend?.o) .dtors)
 *(SORT(.dtors.*))
 *(.dtors)
 *(.rodata*)
 .rodata        0x0000000000003640       0x20 _build/nrf52832_xxaa/nrf_log_backend_uart.c.o
 .rodata.nrf_log_backend_uart_api
                0x0000000000003660        0xc _build/nrf52832_xxaa/nrf_log_backend_uart.c.o
                0x0000000000003660                nrf_log_backend_uart_api
 .rodata.str1.4
                0x000000000000366c       0x11 _build/nrf52832_xxaa/nrf_log_default_backends.c.o
 *fill*         0x000000000000367d        0x3 
 .rodata.str1.4
                0x0000000000003680       0x18 _build/nrf52832_xxaa/nrf_log_frontend.c.o
 .rodata.m_log_push_ringbuf
                0x0000000000003698        0xc _build/nrf52832_xxaa/nrf_log_frontend.c.o
 .rodata.severity_names
                0x00000000000036a4       0x14 _build/nrf52832_xxaa/nrf_log_str_formatter.c.o
 .rodata.m_colors
                0x00000000000036b8       0x24 _build/nrf52832_xxaa/nrf_log_str_formatter.c.o
 .rodata.str1.4
                0x00000000000036dc       0xa6 _build/nrf52832_xxaa/nrf_log_str_formatter.c.o
                                         0xaa (size before relaxing)
 *fill*         0x0000000000003782        0x2 
 .rodata.m_board_led_list
                0x0000000000003784        0x4 _build/nrf52832_xxaa/boards.c.o
 .rodata._aV2C.6168
                0x0000000000003788       0x10 _build/nrf52832_xxaa/nrf_fprintf_format.c.o
 .rodata.str1.4
                0x0000000000003798        0x4 _build/nrf52832_xxaa/nrfx_i2s.c.o
 .rodata.str1.4
                0x000000000000379c        0x4 _build/nrf52832_xxaa/nrfx_prs.c.o
 .rodata.str1.4
                0x00000000000037a0        0x5 _build/nrf52832_xxaa/nrfx_uart.c.o
 *fill*         0x00000000000037a5        0x3 
 .rodata.str1.4
                0x00000000000037a8        0x6 _build/nrf52832_xxaa/nrfx_uarte.c.o
 *fill*         0x00000000000037ae        0x2 
 .rodata        0x00000000000037b0       0x24 _build/nrf52832_xxaa/main.c.o
 *fill*         0x00000000000037d4        0xc 
 .rodata.delay_machine_code.6673
                0x00000000000037e0        0x6 _build/nrf52832_xxaa/main.c.o
 *fill*         0x00000000000037e6        0x2 
 .rodata.str1.4
                0x00000000000037e8       0x54 _build/nrf52832_xxaa/main.c.o
 .rodata        0x000000000000383c      0x101 /usr/lib/gcc/arm-none-eabi/5.4.1/../../../arm-none-eabi/lib/armv7e-m/fpu/libc_nano.a(lib_a-ctype_.o)
                0x000000000000383c                _ctype_
 *fill*         0x000000000000393d        0x3 
 .rodata        0x0000000000003940        0x4 /usr/lib/gcc/arm-none-eabi/5.4.1/../../../arm-none-eabi/lib/armv7e-m/fpu/libc_nano.a(lib_a-impure.o)
                0x0000000000003940                _global_impure_ptr
 .rodata.str1.4
                0x0000000000003944        0x4 /usr/lib/gcc/arm-none-eabi/5.4.1/../../../arm-none-eabi/lib/armv7e-m/fpu/libc_nano.a(lib_a-impure.o)
                                          0x2 (size before relaxing)
 *(.eh_frame*)
 .eh_frame      0x0000000000003948        0x0 /usr/lib/gcc/arm-none-eabi/5.4.1/armv7e-m/fpu/crtbegin.o
 .eh_frame      0x0000000000003948        0x4 /usr/lib/gcc/arm-none-eabi/5.4.1/armv7e-m/fpu/crtend.o

.glue_7         0x000000000000394c        0x0
 .glue_7        0x000000000000394c        0x0 linker stubs

.glue_7t        0x000000000000394c        0x0
 .glue_7t       0x000000000000394c        0x0 linker stubs

.vfp11_veneer   0x000000000000394c        0x0
 .vfp11_veneer  0x000000000000394c        0x0 linker stubs

.v4_bx          0x000000000000394c        0x0
 .v4_bx         0x000000000000394c        0x0 linker stubs

.iplt           0x000000000000394c        0x0
 .iplt          0x000000000000394c        0x0 /usr/lib/gcc/arm-none-eabi/5.4.1/armv7e-m/fpu/crtbegin.o

.mem_section_dummy_rom

.log_const_data
                0x000000000000394c       0x28
                0x000000000000394c                PROVIDE (__start_log_const_data, .)
 *(SORT(.log_const_data*))
 .log_const_data_I2S
                0x000000000000394c        0x8 _build/nrf52832_xxaa/nrfx_i2s.c.o
                0x000000000000394c                m_nrf_log_I2S_logs_data_const
 .log_const_data_PRS
                0x0000000000003954        0x8 _build/nrf52832_xxaa/nrfx_prs.c.o
                0x0000000000003954                m_nrf_log_PRS_logs_data_const
 .log_const_data_UART
                0x000000000000395c        0x8 _build/nrf52832_xxaa/nrfx_uart.c.o
                0x000000000000395c                m_nrf_log_UART_logs_data_const
 .log_const_data_UARTE
                0x0000000000003964        0x8 _build/nrf52832_xxaa/nrfx_uarte.c.o
                0x0000000000003964                m_nrf_log_UARTE_logs_data_const
 .log_const_data_app
                0x000000000000396c        0x8 _build/nrf52832_xxaa/nrf_log_frontend.c.o
                0x000000000000396c                m_nrf_log_app_logs_data_const
                0x0000000000003974                PROVIDE (__stop_log_const_data, .)

.log_backends   0x0000000000003974       0x10
                [!provide]                        PROVIDE (__start_log_backends, .)
 *(SORT(.log_backends*))
 .log_backends  0x0000000000003974       0x10 _build/nrf52832_xxaa/nrf_log_default_backends.c.o
                [!provide]                        PROVIDE (__stop_log_backends, .)

.nrf_balloc     0x0000000000003984       0x14
                [!provide]                        PROVIDE (__start_nrf_balloc, .)
 *(.nrf_balloc)
 .nrf_balloc    0x0000000000003984       0x14 _build/nrf52832_xxaa/nrf_log_frontend.c.o
                0x0000000000003984                log_mempool
                [!provide]                        PROVIDE (__stop_nrf_balloc, .)

.ARM.extab
 *(.ARM.extab* .gnu.linkonce.armextab.*)
                0x0000000000003998                __exidx_start = .

.ARM.exidx      0x0000000000003998        0x8
 *(.ARM.exidx* .gnu.linkonce.armexidx.*)
 .ARM.exidx     0x0000000000003998        0x8 /usr/lib/gcc/arm-none-eabi/5.4.1/../../../arm-none-eabi/lib/armv7e-m/fpu/crt0.o
                0x00000000000039a0                __exidx_end = .
                0x00000000000039a0                __etext = .

.rel.dyn        0x00000000000039a0        0x0
 .rel.iplt      0x00000000000039a0        0x0 /usr/lib/gcc/arm-none-eabi/5.4.1/armv7e-m/fpu/crtbegin.o

.data           0x0000000020000000       0x94 load address 0x00000000000039a0
                0x0000000020000000                __data_start__ = .
 *(vtable)
 *(.data*)
 .data.m_uart   0x0000000020000000       0x14 _build/nrf52832_xxaa/nrf_log_backend_uart.c.o
                0x0000000020000000                m_uart
 .data.log_backend_cb_uart_log_backend
                0x0000000020000014        0x8 _build/nrf52832_xxaa/nrf_log_default_backends.c.o
 .data.SystemCoreClock
                0x000000002000001c        0x4 _build/nrf52832_xxaa/system_nrf52.c.o
                0x000000002000001c                SystemCoreClock
 .data          0x0000000020000020        0x4 /usr/lib/gcc/arm-none-eabi/5.4.1/../../../arm-none-eabi/lib/armv7e-m/fpu/libc_nano.a(lib_a-ctype_.o)
                0x0000000020000020                __ctype_ptr__
 .data          0x0000000020000024       0x64 /usr/lib/gcc/arm-none-eabi/5.4.1/../../../arm-none-eabi/lib/armv7e-m/fpu/libc_nano.a(lib_a-impure.o)
                0x0000000020000024                _impure_ptr
                0x0000000020000088                . = ALIGN (0x4)
                0x0000000020000088                PROVIDE (__preinit_array_start, .)
 *(.preinit_array)
                0x0000000020000088                PROVIDE (__preinit_array_end, .)
                0x0000000020000088                . = ALIGN (0x4)
                0x0000000020000088                PROVIDE (__init_array_start, .)
 *(SORT(.init_array.*))
 *(.init_array)
 .init_array    0x0000000020000088        0x4 /usr/lib/gcc/arm-none-eabi/5.4.1/armv7e-m/fpu/crtbegin.o
                0x000000002000008c                PROVIDE (__init_array_end, .)
                0x000000002000008c                . = ALIGN (0x4)
                0x000000002000008c                PROVIDE (__fini_array_start, .)
 *(SORT(.fini_array.*))
 *(.fini_array)
 .fini_array    0x000000002000008c        0x4 /usr/lib/gcc/arm-none-eabi/5.4.1/armv7e-m/fpu/crtbegin.o
                0x0000000020000090                PROVIDE (__fini_array_end, .)
 *(.jcr*)
 .jcr           0x0000000020000090        0x0 /usr/lib/gcc/arm-none-eabi/5.4.1/armv7e-m/fpu/crtbegin.o
 .jcr           0x0000000020000090        0x4 /usr/lib/gcc/arm-none-eabi/5.4.1/armv7e-m/fpu/crtend.o
                0x0000000020000094                . = ALIGN (0x4)
                0x0000000020000094                __data_end__ = .
LOAD /usr/lib/gcc/arm-none-eabi/5.4.1/armv7e-m/fpu/crti.o
LOAD /usr/lib/gcc/arm-none-eabi/5.4.1/armv7e-m/fpu/crtbegin.o
LOAD /usr/lib/gcc/arm-none-eabi/5.4.1/../../../arm-none-eabi/lib/armv7e-m/fpu/crt0.o
LOAD _build/nrf52832_xxaa/gcc_startup_nrf52.S.o
LOAD _build/nrf52832_xxaa/nrf_log_backend_rtt.c.o
LOAD _build/nrf52832_xxaa/nrf_log_backend_serial.c.o
LOAD _build/nrf52832_xxaa/nrf_log_backend_uart.c.o
LOAD _build/nrf52832_xxaa/nrf_log_default_backends.c.o
LOAD _build/nrf52832_xxaa/nrf_log_frontend.c.o
LOAD _build/nrf52832_xxaa/nrf_log_str_formatter.c.o
LOAD _build/nrf52832_xxaa/boards.c.o
LOAD _build/nrf52832_xxaa/app_error.c.o
LOAD _build/nrf52832_xxaa/app_error_handler_gcc.c.o
LOAD _build/nrf52832_xxaa/app_error_weak.c.o
LOAD _build/nrf52832_xxaa/app_util_platform.c.o
LOAD _build/nrf52832_xxaa/nrf_assert.c.o
LOAD _build/nrf52832_xxaa/nrf_atomic.c.o
LOAD _build/nrf52832_xxaa/nrf_balloc.c.o
LOAD _build/nrf52832_xxaa/nrf_fprintf.c.o
LOAD _build/nrf52832_xxaa/nrf_fprintf_format.c.o
LOAD _build/nrf52832_xxaa/nrf_memobj.c.o
LOAD _build/nrf52832_xxaa/nrf_ringbuf.c.o
LOAD _build/nrf52832_xxaa/nrf_strerror.c.o
LOAD _build/nrf52832_xxaa/nrf_drv_uart.c.o
LOAD _build/nrf52832_xxaa/nrfx_atomic.c.o
LOAD _build/nrf52832_xxaa/nrfx_i2s.c.o
LOAD _build/nrf52832_xxaa/nrfx_prs.c.o
LOAD _build/nrf52832_xxaa/nrfx_uart.c.o
LOAD _build/nrf52832_xxaa/nrfx_uarte.c.o
LOAD _build/nrf52832_xxaa/main.c.o
LOAD _build/nrf52832_xxaa/SEGGER_RTT.c.o
LOAD _build/nrf52832_xxaa/SEGGER_RTT_Syscalls_GCC.c.o
LOAD _build/nrf52832_xxaa/SEGGER_RTT_printf.c.o
LOAD _build/nrf52832_xxaa/system_nrf52.c.o
LOAD /usr/lib/gcc/arm-none-eabi/5.4.1/../../../arm-none-eabi/lib/armv7e-m/fpu/libc_nano.a
LOAD /usr/lib/gcc/arm-none-eabi/5.4.1/../../../arm-none-eabi/lib/armv7e-m/fpu/libnosys.a
LOAD /usr/lib/gcc/arm-none-eabi/5.4.1/../../../arm-none-eabi/lib/armv7e-m/fpu/libm.a
START GROUP
LOAD /usr/lib/gcc/arm-none-eabi/5.4.1/armv7e-m/fpu/libgcc.a
LOAD /usr/lib/gcc/arm-none-eabi/5.4.1/../../../arm-none-eabi/lib/armv7e-m/fpu/libg_nano.a
LOAD /usr/lib/gcc/arm-none-eabi/5.4.1/../../../arm-none-eabi/lib/armv7e-m/fpu/libc_nano.a
END GROUP
START GROUP
LOAD /usr/lib/gcc/arm-none-eabi/5.4.1/armv7e-m/fpu/libgcc.a
LOAD /usr/lib/gcc/arm-none-eabi/5.4.1/../../../arm-none-eabi/lib/armv7e-m/fpu/libc_nano.a
END GROUP
LOAD /usr/lib/gcc/arm-none-eabi/5.4.1/armv7e-m/fpu/crtend.o
LOAD /usr/lib/gcc/arm-none-eabi/5.4.1/armv7e-m/fpu/crtn.o
START GROUP
LOAD /usr/lib/gcc/arm-none-eabi/5.4.1/armv7e-m/fpu/libgcc.a
LOAD /usr/lib/gcc/arm-none-eabi/5.4.1/../../../arm-none-eabi/lib/armv7e-m/fpu/libc.a
LOAD /usr/lib/gcc/arm-none-eabi/5.4.1/../../../arm-none-eabi/lib/armv7e-m/fpu/libnosys.a
END GROUP

.tm_clone_table
                0x0000000020000094        0x0 load address 0x0000000000003a34
 .tm_clone_table
                0x0000000020000094        0x0 /usr/lib/gcc/arm-none-eabi/5.4.1/armv7e-m/fpu/crtbegin.o
 .tm_clone_table
                0x0000000020000094        0x0 /usr/lib/gcc/arm-none-eabi/5.4.1/armv7e-m/fpu/crtend.o

.igot.plt       0x0000000020000094        0x0 load address 0x0000000000003a34
 .igot.plt      0x0000000020000094        0x0 /usr/lib/gcc/arm-none-eabi/5.4.1/armv7e-m/fpu/crtbegin.o
                0x0000000020000094                . = ALIGN (0x4)

.mem_section_dummy_ram

.log_dynamic_data
                0x0000000020000094        0x0
                0x0000000020000094                PROVIDE (__start_log_dynamic_data, .)
 *(SORT(.log_dynamic_data*))
                [!provide]                        PROVIDE (__stop_log_dynamic_data, .)

.log_filter_data
                0x0000000020000094        0x0
                [!provide]                        PROVIDE (__start_log_filter_data, .)
 *(SORT(.log_filter_data*))
                [!provide]                        PROVIDE (__stop_log_filter_data, .)

.bss            0x0000000020000094     0x2730 load address 0x0000000000003a34
                0x0000000020000094                . = ALIGN (0x4)
                0x0000000020000094                __bss_start__ = .
 *(.bss*)
 .bss           0x0000000020000094       0x1c /usr/lib/gcc/arm-none-eabi/5.4.1/armv7e-m/fpu/crtbegin.o
 .bss.m_xfer_done
                0x00000000200000b0        0x1 _build/nrf52832_xxaa/nrf_log_backend_uart.c.o
 .bss.m_async_mode
                0x00000000200000b1        0x1 _build/nrf52832_xxaa/nrf_log_backend_uart.c.o
 *fill*         0x00000000200000b2        0x2 
 .bss.m_string_buff
                0x00000000200000b4       0x40 _build/nrf52832_xxaa/nrf_log_backend_uart.c.o
 .bss.m_log_data
                0x00000000200000f4      0x424 _build/nrf52832_xxaa/nrf_log_frontend.c.o
 .bss.log_mempool_nrf_balloc_pool_mem
                0x0000000020000518       0xc0 _build/nrf52832_xxaa/nrf_log_frontend.c.o
 .bss.m_log_push_ringbuf_buf
                0x00000000200005d8       0x80 _build/nrf52832_xxaa/nrf_log_frontend.c.o
 .bss.log_mempool_nrf_balloc_pool_stack
                0x0000000020000658        0x8 _build/nrf52832_xxaa/nrf_log_frontend.c.o
 .bss.log_mempool_nrf_balloc_cb
                0x0000000020000660        0x8 _build/nrf52832_xxaa/nrf_log_frontend.c.o
 .bss.m_log_push_ringbuf_cb
                0x0000000020000668       0x18 _build/nrf52832_xxaa/nrf_log_frontend.c.o
 .bss.m_error_data.6529
                0x0000000020000680       0x20 _build/nrf52832_xxaa/app_error.c.o
 .bss.m_in_critical_region
                0x00000000200006a0        0x4 _build/nrf52832_xxaa/app_util_platform.c.o
 .bss.m_handlers
                0x00000000200006a4        0x4 _build/nrf52832_xxaa/nrf_drv_uart.c.o
 .bss.m_contexts
                0x00000000200006a8        0x4 _build/nrf52832_xxaa/nrf_drv_uart.c.o
 .bss.m_cb      0x00000000200006ac       0x18 _build/nrf52832_xxaa/nrfx_i2s.c.o
 .bss.m_prs_box_4
                0x00000000200006c4        0x8 _build/nrf52832_xxaa/nrfx_prs.c.o
 .bss.m_cb      0x00000000200006cc       0x2c _build/nrf52832_xxaa/nrfx_uart.c.o
 .bss.m_cb      0x00000000200006f8       0x24 _build/nrf52832_xxaa/nrfx_uarte.c.o
 .bss.m_error_encountered
                0x000000002000071c        0x1 _build/nrf52832_xxaa/main.c.o
 *fill*         0x000000002000071d        0x1 
 .bss.m_sample_value_to_send
                0x000000002000071e        0x2 _build/nrf52832_xxaa/main.c.o
 .bss.m_zero_samples_to_ignore
                0x0000000020000720        0x1 _build/nrf52832_xxaa/main.c.o
 *fill*         0x0000000020000721        0x1 
 .bss.m_sample_value_expected
                0x0000000020000722        0x2 _build/nrf52832_xxaa/main.c.o
 .bss.m_buffer_rx
                0x0000000020000724     0x1000 _build/nrf52832_xxaa/main.c.o
 .bss.mp_block_to_fill
                0x0000000020001724        0x4 _build/nrf52832_xxaa/main.c.o
 .bss.mp_block_to_check
                0x0000000020001728        0x4 _build/nrf52832_xxaa/main.c.o
 .bss.m_blocks_transferred
                0x000000002000172c        0x1 _build/nrf52832_xxaa/main.c.o
 *fill*         0x000000002000172d        0x3 
 .bss.m_buffer_tx
                0x0000000020001730     0x1000 _build/nrf52832_xxaa/main.c.o
 .bss           0x0000000020002730       0x8c /usr/lib/gcc/arm-none-eabi/5.4.1/../../../arm-none-eabi/lib/armv7e-m/fpu/libc_nano.a(lib_a-__atexit.o)
 .bss           0x00000000200027bc        0x4 /usr/lib/gcc/arm-none-eabi/5.4.1/../../../arm-none-eabi/lib/armv7e-m/fpu/libc_nano.a(lib_a-__call_atexit.o)
                0x00000000200027bc                _global_atexit
 *(COMMON)
 COMMON         0x00000000200027c0        0x1 _build/nrf52832_xxaa/nrf_drv_uart.c.o
                0x00000000200027c0                nrf_drv_uart_use_easy_dma
                0x00000000200027c4                . = ALIGN (0x4)
 *fill*         0x00000000200027c1        0x3 
                0x00000000200027c4                __bss_end__ = .

.heap           0x00000000200027c8     0x2000
                0x00000000200027c8                __HeapBase = .
                0x00000000200027c8                __end__ = .
                [!provide]                        PROVIDE (end, .)
 *(.heap*)
 .heap          0x00000000200027c8     0x2000 _build/nrf52832_xxaa/gcc_startup_nrf52.S.o
                0x00000000200047c8                __HeapLimit = .

.stack_dummy    0x00000000200027c8     0x2000
 *(.stack*)
 .stack         0x00000000200027c8     0x2000 _build/nrf52832_xxaa/gcc_startup_nrf52.S.o
                0x0000000020010000                __StackTop = (ORIGIN (RAM) + LENGTH (RAM))
                0x000000002000e000                __StackLimit = (__StackTop - SIZEOF (.stack_dummy))
                0x0000000020010000                PROVIDE (__stack, __StackTop)
                0x0000000000000001                ASSERT ((__StackLimit >= __HeapLimit), region RAM overflowed with stack)
                0x0000000000000094                DataInitFlashUsed = (__bss_start__ - __data_start__)
                0x00000000000039a0                CodeFlashUsed = (__etext - ORIGIN (FLASH))
                0x0000000000003a34                TotalFlashUsed = (CodeFlashUsed + DataInitFlashUsed)
                0x0000000000000001                ASSERT ((TotalFlashUsed <= LENGTH (FLASH)), region FLASH overflowed with .data and user data)
OUTPUT(_build/nrf52832_xxaa.out elf32-littlearm)

.ARM.attributes
                0x0000000000000000       0x30
 .ARM.attributes
                0x0000000000000000       0x22 /usr/lib/gcc/arm-none-eabi/5.4.1/armv7e-m/fpu/crti.o
 .ARM.attributes
                0x0000000000000022       0x34 /usr/lib/gcc/arm-none-eabi/5.4.1/armv7e-m/fpu/crtbegin.o
 .ARM.attributes
                0x0000000000000056       0x20 /usr/lib/gcc/arm-none-eabi/5.4.1/../../../arm-none-eabi/lib/armv7e-m/fpu/crt0.o
 .ARM.attributes
                0x0000000000000076       0x20 _build/nrf52832_xxaa/gcc_startup_nrf52.S.o
 .ARM.attributes
                0x0000000000000096       0x39 _build/nrf52832_xxaa/nrf_log_backend_serial.c.o
 .ARM.attributes
                0x00000000000000cf       0x39 _build/nrf52832_xxaa/nrf_log_backend_uart.c.o
 .ARM.attributes
                0x0000000000000108       0x39 _build/nrf52832_xxaa/nrf_log_default_backends.c.o
 .ARM.attributes
                0x0000000000000141       0x39 _build/nrf52832_xxaa/nrf_log_frontend.c.o
 .ARM.attributes
                0x000000000000017a       0x39 _build/nrf52832_xxaa/nrf_log_str_formatter.c.o
 .ARM.attributes
                0x00000000000001b3       0x39 _build/nrf52832_xxaa/boards.c.o
 .ARM.attributes
                0x00000000000001ec       0x39 _build/nrf52832_xxaa/app_error.c.o
 .ARM.attributes
                0x0000000000000225       0x39 _build/nrf52832_xxaa/app_util_platform.c.o
 .ARM.attributes
                0x000000000000025e       0x39 _build/nrf52832_xxaa/nrf_atomic.c.o
 .ARM.attributes
                0x0000000000000297       0x39 _build/nrf52832_xxaa/nrf_balloc.c.o
 .ARM.attributes
                0x00000000000002d0       0x39 _build/nrf52832_xxaa/nrf_fprintf.c.o
 .ARM.attributes
                0x0000000000000309       0x39 _build/nrf52832_xxaa/nrf_fprintf_format.c.o
 .ARM.attributes
                0x0000000000000342       0x39 _build/nrf52832_xxaa/nrf_memobj.c.o
 .ARM.attributes
                0x000000000000037b       0x39 _build/nrf52832_xxaa/nrf_ringbuf.c.o
 .ARM.attributes
                0x00000000000003b4       0x39 _build/nrf52832_xxaa/nrf_drv_uart.c.o
 .ARM.attributes
                0x00000000000003ed       0x39 _build/nrf52832_xxaa/nrfx_i2s.c.o
 .ARM.attributes
                0x0000000000000426       0x39 _build/nrf52832_xxaa/nrfx_prs.c.o
 .ARM.attributes
                0x000000000000045f       0x39 _build/nrf52832_xxaa/nrfx_uart.c.o
 .ARM.attributes
                0x0000000000000498       0x39 _build/nrf52832_xxaa/nrfx_uarte.c.o
 .ARM.attributes
                0x00000000000004d1       0x39 _build/nrf52832_xxaa/main.c.o
 .ARM.attributes
                0x000000000000050a       0x39 _build/nrf52832_xxaa/system_nrf52.c.o
 .ARM.attributes
                0x0000000000000543       0x34 /usr/lib/gcc/arm-none-eabi/5.4.1/../../../arm-none-eabi/lib/armv7e-m/fpu/libc_nano.a(lib_a-atexit.o)
 .ARM.attributes
                0x0000000000000577       0x34 /usr/lib/gcc/arm-none-eabi/5.4.1/../../../arm-none-eabi/lib/armv7e-m/fpu/libc_nano.a(lib_a-ctype_.o)
 .ARM.attributes
                0x00000000000005ab       0x34 /usr/lib/gcc/arm-none-eabi/5.4.1/../../../arm-none-eabi/lib/armv7e-m/fpu/libc_nano.a(lib_a-exit.o)
 .ARM.attributes
                0x00000000000005df       0x34 /usr/lib/gcc/arm-none-eabi/5.4.1/../../../arm-none-eabi/lib/armv7e-m/fpu/libc_nano.a(lib_a-fini.o)
 .ARM.attributes
                0x0000000000000613       0x34 /usr/lib/gcc/arm-none-eabi/5.4.1/../../../arm-none-eabi/lib/armv7e-m/fpu/libc_nano.a(lib_a-impure.o)
 .ARM.attributes
                0x0000000000000647       0x34 /usr/lib/gcc/arm-none-eabi/5.4.1/../../../arm-none-eabi/lib/armv7e-m/fpu/libc_nano.a(lib_a-init.o)
 .ARM.attributes
                0x000000000000067b       0x20 /usr/lib/gcc/arm-none-eabi/5.4.1/../../../arm-none-eabi/lib/armv7e-m/fpu/libc_nano.a(lib_a-memcpy.o)
 .ARM.attributes
                0x000000000000069b       0x34 /usr/lib/gcc/arm-none-eabi/5.4.1/../../../arm-none-eabi/lib/armv7e-m/fpu/libc_nano.a(lib_a-memset.o)
 .ARM.attributes
                0x00000000000006cf       0x20 /usr/lib/gcc/arm-none-eabi/5.4.1/../../../arm-none-eabi/lib/armv7e-m/fpu/libc_nano.a(lib_a-strlen.o)
 .ARM.attributes
                0x00000000000006ef       0x34 /usr/lib/gcc/arm-none-eabi/5.4.1/../../../arm-none-eabi/lib/armv7e-m/fpu/libc_nano.a(lib_a-__atexit.o)
 .ARM.attributes
                0x0000000000000723       0x34 /usr/lib/gcc/arm-none-eabi/5.4.1/../../../arm-none-eabi/lib/armv7e-m/fpu/libc_nano.a(lib_a-__call_atexit.o)
 .ARM.attributes
                0x0000000000000757       0x34 /usr/lib/gcc/arm-none-eabi/5.4.1/../../../arm-none-eabi/lib/armv7e-m/fpu/libnosys.a(_exit.o)
 .ARM.attributes
                0x000000000000078b       0x34 /usr/lib/gcc/arm-none-eabi/5.4.1/armv7e-m/fpu/crtend.o
 .ARM.attributes
                0x00000000000007bf       0x22 /usr/lib/gcc/arm-none-eabi/5.4.1/armv7e-m/fpu/crtn.o

.comment        0x0000000000000000       0x2b
 .comment       0x0000000000000000       0x2b /usr/lib/gcc/arm-none-eabi/5.4.1/armv7e-m/fpu/crtbegin.o
                                         0x2c (size before relaxing)
 .comment       0x000000000000002b       0x2c _build/nrf52832_xxaa/nrf_log_backend_serial.c.o
 .comment       0x000000000000002b       0x2c _build/nrf52832_xxaa/nrf_log_backend_uart.c.o
 .comment       0x000000000000002b       0x2c _build/nrf52832_xxaa/nrf_log_default_backends.c.o
 .comment       0x000000000000002b       0x2c _build/nrf52832_xxaa/nrf_log_frontend.c.o
 .comment       0x000000000000002b       0x2c _build/nrf52832_xxaa/nrf_log_str_formatter.c.o
 .comment       0x000000000000002b       0x2c _build/nrf52832_xxaa/boards.c.o
 .comment       0x000000000000002b       0x2c _build/nrf52832_xxaa/app_error.c.o
 .comment       0x000000000000002b       0x2c _build/nrf52832_xxaa/app_util_platform.c.o
 .comment       0x000000000000002b       0x2c _build/nrf52832_xxaa/nrf_atomic.c.o
 .comment       0x000000000000002b       0x2c _build/nrf52832_xxaa/nrf_balloc.c.o
 .comment       0x000000000000002b       0x2c _build/nrf52832_xxaa/nrf_fprintf.c.o
 .comment       0x000000000000002b       0x2c _build/nrf52832_xxaa/nrf_fprintf_format.c.o
 .comment       0x000000000000002b       0x2c _build/nrf52832_xxaa/nrf_memobj.c.o
 .comment       0x000000000000002b       0x2c _build/nrf52832_xxaa/nrf_ringbuf.c.o
 .comment       0x000000000000002b       0x2c _build/nrf52832_xxaa/nrf_drv_uart.c.o
 .comment       0x000000000000002b       0x2c _build/nrf52832_xxaa/nrfx_i2s.c.o
 .comment       0x000000000000002b       0x2c _build/nrf52832_xxaa/nrfx_prs.c.o
 .comment       0x000000000000002b       0x2c _build/nrf52832_xxaa/nrfx_uart.c.o
 .comment       0x000000000000002b       0x2c _build/nrf52832_xxaa/nrfx_uarte.c.o
 .comment       0x000000000000002b       0x2c _build/nrf52832_xxaa/main.c.o
 .comment       0x000000000000002b       0x2c _build/nrf52832_xxaa/system_nrf52.c.o
 .comment       0x000000000000002b       0x2c /usr/lib/gcc/arm-none-eabi/5.4.1/../../../arm-none-eabi/lib/armv7e-m/fpu/libc_nano.a(lib_a-atexit.o)
 .comment       0x000000000000002b       0x2c /usr/lib/gcc/arm-none-eabi/5.4.1/../../../arm-none-eabi/lib/armv7e-m/fpu/libc_nano.a(lib_a-ctype_.o)
 .comment       0x000000000000002b       0x2c /usr/lib/gcc/arm-none-eabi/5.4.1/../../../arm-none-eabi/lib/armv7e-m/fpu/libc_nano.a(lib_a-exit.o)
 .comment       0x000000000000002b       0x2c /usr/lib/gcc/arm-none-eabi/5.4.1/../../../arm-none-eabi/lib/armv7e-m/fpu/libc_nano.a(lib_a-fini.o)
 .comment       0x000000000000002b       0x2c /usr/lib/gcc/arm-none-eabi/5.4.1/../../../arm-none-eabi/lib/armv7e-m/fpu/libc_nano.a(lib_a-impure.o)
 .comment       0x000000000000002b       0x2c /usr/lib/gcc/arm-none-eabi/5.4.1/../../../arm-none-eabi/lib/armv7e-m/fpu/libc_nano.a(lib_a-init.o)
 .comment       0x000000000000002b       0x2c /usr/lib/gcc/arm-none-eabi/5.4.1/../../../arm-none-eabi/lib/armv7e-m/fpu/libc_nano.a(lib_a-memset.o)
 .comment       0x000000000000002b       0x2c /usr/lib/gcc/arm-none-eabi/5.4.1/../../../arm-none-eabi/lib/armv7e-m/fpu/libc_nano.a(lib_a-__atexit.o)
 .comment       0x000000000000002b       0x2c /usr/lib/gcc/arm-none-eabi/5.4.1/../../../arm-none-eabi/lib/armv7e-m/fpu/libc_nano.a(lib_a-__call_atexit.o)
 .comment       0x000000000000002b       0x2c /usr/lib/gcc/arm-none-eabi/5.4.1/../../../arm-none-eabi/lib/armv7e-m/fpu/libnosys.a(_exit.o)
 .comment       0x000000000000002b       0x2c /usr/lib/gcc/arm-none-eabi/5.4.1/armv7e-m/fpu/crtend.o

.debug_line     0x0000000000000000     0xaec2
 .debug_line    0x0000000000000000       0x7e /usr/lib/gcc/arm-none-eabi/5.4.1/../../../arm-none-eabi/lib/armv7e-m/fpu/crt0.o
 .debug_line    0x000000000000007e       0x86 _build/nrf52832_xxaa/gcc_startup_nrf52.S.o
 .debug_line    0x0000000000000104      0x6e8 _build/nrf52832_xxaa/nrf_log_backend_serial.c.o
 .debug_line    0x00000000000007ec      0x970 _build/nrf52832_xxaa/nrf_log_backend_uart.c.o
 .debug_line    0x000000000000115c      0x65c _build/nrf52832_xxaa/nrf_log_default_backends.c.o
 .debug_line    0x00000000000017b8      0xdc0 _build/nrf52832_xxaa/nrf_log_frontend.c.o
 .debug_line    0x0000000000002578      0x74c _build/nrf52832_xxaa/nrf_log_str_formatter.c.o
 .debug_line    0x0000000000002cc4      0x78b _build/nrf52832_xxaa/boards.c.o
 .debug_line    0x000000000000344f      0x3f3 _build/nrf52832_xxaa/app_error.c.o
 .debug_line    0x0000000000003842      0x481 _build/nrf52832_xxaa/app_util_platform.c.o
 .debug_line    0x0000000000003cc3      0x5b7 _build/nrf52832_xxaa/nrf_atomic.c.o
 .debug_line    0x000000000000427a      0x628 _build/nrf52832_xxaa/nrf_balloc.c.o
 .debug_line    0x00000000000048a2      0x44f _build/nrf52832_xxaa/nrf_fprintf.c.o
 .debug_line    0x0000000000004cf1      0x68a _build/nrf52832_xxaa/nrf_fprintf_format.c.o
 .debug_line    0x000000000000537b      0x705 _build/nrf52832_xxaa/nrf_memobj.c.o
 .debug_line    0x0000000000005a80      0x5c0 _build/nrf52832_xxaa/nrf_ringbuf.c.o
 .debug_line    0x0000000000006040      0x6b5 _build/nrf52832_xxaa/nrf_drv_uart.c.o
 .debug_line    0x00000000000066f5      0xbad _build/nrf52832_xxaa/nrfx_i2s.c.o
 .debug_line    0x00000000000072a2      0x7aa _build/nrf52832_xxaa/nrfx_prs.c.o
 .debug_line    0x0000000000007a4c      0xe99 _build/nrf52832_xxaa/nrfx_uart.c.o
 .debug_line    0x00000000000088e5      0xdbc _build/nrf52832_xxaa/nrfx_uarte.c.o
 .debug_line    0x00000000000096a1      0xa66 _build/nrf52832_xxaa/main.c.o
 .debug_line    0x000000000000a107      0x396 _build/nrf52832_xxaa/system_nrf52.c.o
 .debug_line    0x000000000000a49d       0xb8 /usr/lib/gcc/arm-none-eabi/5.4.1/../../../arm-none-eabi/lib/armv7e-m/fpu/libc_nano.a(lib_a-atexit.o)
 .debug_line    0x000000000000a555       0x67 /usr/lib/gcc/arm-none-eabi/5.4.1/../../../arm-none-eabi/lib/armv7e-m/fpu/libc_nano.a(lib_a-ctype_.o)
 .debug_line    0x000000000000a5bc      0x155 /usr/lib/gcc/arm-none-eabi/5.4.1/../../../arm-none-eabi/lib/armv7e-m/fpu/libc_nano.a(lib_a-exit.o)
 .debug_line    0x000000000000a711       0x9f /usr/lib/gcc/arm-none-eabi/5.4.1/../../../arm-none-eabi/lib/armv7e-m/fpu/libc_nano.a(lib_a-fini.o)
 .debug_line    0x000000000000a7b0       0xe9 /usr/lib/gcc/arm-none-eabi/5.4.1/../../../arm-none-eabi/lib/armv7e-m/fpu/libc_nano.a(lib_a-impure.o)
 .debug_line    0x000000000000a899       0xb8 /usr/lib/gcc/arm-none-eabi/5.4.1/../../../arm-none-eabi/lib/armv7e-m/fpu/libc_nano.a(lib_a-init.o)
 .debug_line    0x000000000000a951       0xbb /usr/lib/gcc/arm-none-eabi/5.4.1/../../../arm-none-eabi/lib/armv7e-m/fpu/libc_nano.a(lib_a-memcpy.o)
 .debug_line    0x000000000000aa0c      0x111 /usr/lib/gcc/arm-none-eabi/5.4.1/../../../arm-none-eabi/lib/armv7e-m/fpu/libc_nano.a(lib_a-memset.o)
 .debug_line    0x000000000000ab1d       0xac /usr/lib/gcc/arm-none-eabi/5.4.1/../../../arm-none-eabi/lib/armv7e-m/fpu/libc_nano.a(lib_a-strlen.o)
 .debug_line    0x000000000000abc9      0x140 /usr/lib/gcc/arm-none-eabi/5.4.1/../../../arm-none-eabi/lib/armv7e-m/fpu/libc_nano.a(lib_a-__atexit.o)
 .debug_line    0x000000000000ad09      0x15e /usr/lib/gcc/arm-none-eabi/5.4.1/../../../arm-none-eabi/lib/armv7e-m/fpu/libc_nano.a(lib_a-__call_atexit.o)
 .debug_line    0x000000000000ae67       0x5b /usr/lib/gcc/arm-none-eabi/5.4.1/../../../arm-none-eabi/lib/armv7e-m/fpu/libnosys.a(_exit.o)

.debug_info     0x0000000000000000    0x15dce
 .debug_info    0x0000000000000000       0xa5 /usr/lib/gcc/arm-none-eabi/5.4.1/../../../arm-none-eabi/lib/armv7e-m/fpu/crt0.o
 .debug_info    0x00000000000000a5       0xb7 _build/nrf52832_xxaa/gcc_startup_nrf52.S.o
 .debug_info    0x000000000000015c      0x774 _build/nrf52832_xxaa/nrf_log_backend_serial.c.o
 .debug_info    0x00000000000008d0     0x10ec _build/nrf52832_xxaa/nrf_log_backend_uart.c.o
 .debug_info    0x00000000000019bc      0x319 _build/nrf52832_xxaa/nrf_log_default_backends.c.o
 .debug_info    0x0000000000001cd5     0x2ba1 _build/nrf52832_xxaa/nrf_log_frontend.c.o
 .debug_info    0x0000000000004876      0x835 _build/nrf52832_xxaa/nrf_log_str_formatter.c.o
 .debug_info    0x00000000000050ab      0xc61 _build/nrf52832_xxaa/boards.c.o
 .debug_info    0x0000000000005d0c      0x2cc _build/nrf52832_xxaa/app_error.c.o
 .debug_info    0x0000000000005fd8      0x79c _build/nrf52832_xxaa/app_util_platform.c.o
 .debug_info    0x0000000000006774      0x9e9 _build/nrf52832_xxaa/nrf_atomic.c.o
 .debug_info    0x000000000000715d      0x428 _build/nrf52832_xxaa/nrf_balloc.c.o
 .debug_info    0x0000000000007585      0x286 _build/nrf52832_xxaa/nrf_fprintf.c.o
 .debug_info    0x000000000000780b      0xa43 _build/nrf52832_xxaa/nrf_fprintf_format.c.o
 .debug_info    0x000000000000824e      0x9d6 _build/nrf52832_xxaa/nrf_memobj.c.o
 .debug_info    0x0000000000008c24      0x5b5 _build/nrf52832_xxaa/nrf_ringbuf.c.o
 .debug_info    0x00000000000091d9     0x10d8 _build/nrf52832_xxaa/nrf_drv_uart.c.o
 .debug_info    0x000000000000a2b1     0x1e0c _build/nrf52832_xxaa/nrfx_i2s.c.o
 .debug_info    0x000000000000c0bd      0x7c8 _build/nrf52832_xxaa/nrfx_prs.c.o
 .debug_info    0x000000000000c885     0x2f0f _build/nrf52832_xxaa/nrfx_uart.c.o
 .debug_info    0x000000000000f794     0x2c3d _build/nrf52832_xxaa/nrfx_uarte.c.o
 .debug_info    0x00000000000123d1      0xd4a _build/nrf52832_xxaa/main.c.o
 .debug_info    0x000000000001311b     0x117f _build/nrf52832_xxaa/system_nrf52.c.o
 .debug_info    0x000000000001429a       0xfe /usr/lib/gcc/arm-none-eabi/5.4.1/../../../arm-none-eabi/lib/armv7e-m/fpu/libc_nano.a(lib_a-atexit.o)
 .debug_info    0x0000000000014398       0xbc /usr/lib/gcc/arm-none-eabi/5.4.1/../../../arm-none-eabi/lib/armv7e-m/fpu/libc_nano.a(lib_a-ctype_.o)
 .debug_info    0x0000000000014454      0x7a0 /usr/lib/gcc/arm-none-eabi/5.4.1/../../../arm-none-eabi/lib/armv7e-m/fpu/libc_nano.a(lib_a-exit.o)
 .debug_info    0x0000000000014bf4       0xfa /usr/lib/gcc/arm-none-eabi/5.4.1/../../../arm-none-eabi/lib/armv7e-m/fpu/libc_nano.a(lib_a-fini.o)
 .debug_info    0x0000000000014cee      0x7da /usr/lib/gcc/arm-none-eabi/5.4.1/../../../arm-none-eabi/lib/armv7e-m/fpu/libc_nano.a(lib_a-impure.o)
 .debug_info    0x00000000000154c8      0x110 /usr/lib/gcc/arm-none-eabi/5.4.1/../../../arm-none-eabi/lib/armv7e-m/fpu/libc_nano.a(lib_a-init.o)
 .debug_info    0x00000000000155d8       0xcf /usr/lib/gcc/arm-none-eabi/5.4.1/../../../arm-none-eabi/lib/armv7e-m/fpu/libc_nano.a(lib_a-memcpy.o)
 .debug_info    0x00000000000156a7      0x11e /usr/lib/gcc/arm-none-eabi/5.4.1/../../../arm-none-eabi/lib/armv7e-m/fpu/libc_nano.a(lib_a-memset.o)
 .debug_info    0x00000000000157c5       0xce /usr/lib/gcc/arm-none-eabi/5.4.1/../../../arm-none-eabi/lib/armv7e-m/fpu/libc_nano.a(lib_a-strlen.o)
 .debug_info    0x0000000000015893      0x25e /usr/lib/gcc/arm-none-eabi/5.4.1/../../../arm-none-eabi/lib/armv7e-m/fpu/libc_nano.a(lib_a-__atexit.o)
 .debug_info    0x0000000000015af1      0x243 /usr/lib/gcc/arm-none-eabi/5.4.1/../../../arm-none-eabi/lib/armv7e-m/fpu/libc_nano.a(lib_a-__call_atexit.o)
 .debug_info    0x0000000000015d34       0x9a /usr/lib/gcc/arm-none-eabi/5.4.1/../../../arm-none-eabi/lib/armv7e-m/fpu/libnosys.a(_exit.o)

.debug_abbrev   0x0000000000000000     0x3d96
 .debug_abbrev  0x0000000000000000       0x14 /usr/lib/gcc/arm-none-eabi/5.4.1/../../../arm-none-eabi/lib/armv7e-m/fpu/crt0.o
 .debug_abbrev  0x0000000000000014       0x14 _build/nrf52832_xxaa/gcc_startup_nrf52.S.o
 .debug_abbrev  0x0000000000000028      0x1fd _build/nrf52832_xxaa/nrf_log_backend_serial.c.o
 .debug_abbrev  0x0000000000000225      0x33f _build/nrf52832_xxaa/nrf_log_backend_uart.c.o
 .debug_abbrev  0x0000000000000564      0x17f _build/nrf52832_xxaa/nrf_log_default_backends.c.o
 .debug_abbrev  0x00000000000006e3      0x4b9 _build/nrf52832_xxaa/nrf_log_frontend.c.o
 .debug_abbrev  0x0000000000000b9c      0x1b2 _build/nrf52832_xxaa/nrf_log_str_formatter.c.o
 .debug_abbrev  0x0000000000000d4e      0x2ab _build/nrf52832_xxaa/boards.c.o
 .debug_abbrev  0x0000000000000ff9      0x129 _build/nrf52832_xxaa/app_error.c.o
 .debug_abbrev  0x0000000000001122      0x22d _build/nrf52832_xxaa/app_util_platform.c.o
 .debug_abbrev  0x000000000000134f      0x1d7 _build/nrf52832_xxaa/nrf_atomic.c.o
 .debug_abbrev  0x0000000000001526      0x1d4 _build/nrf52832_xxaa/nrf_balloc.c.o
 .debug_abbrev  0x00000000000016fa      0x148 _build/nrf52832_xxaa/nrf_fprintf.c.o
 .debug_abbrev  0x0000000000001842      0x28a _build/nrf52832_xxaa/nrf_fprintf_format.c.o
 .debug_abbrev  0x0000000000001acc      0x265 _build/nrf52832_xxaa/nrf_memobj.c.o
 .debug_abbrev  0x0000000000001d31      0x15d _build/nrf52832_xxaa/nrf_ringbuf.c.o
 .debug_abbrev  0x0000000000001e8e      0x206 _build/nrf52832_xxaa/nrf_drv_uart.c.o
 .debug_abbrev  0x0000000000002094      0x3c1 _build/nrf52832_xxaa/nrfx_i2s.c.o
 .debug_abbrev  0x0000000000002455      0x25d _build/nrf52832_xxaa/nrfx_prs.c.o
 .debug_abbrev  0x00000000000026b2      0x471 _build/nrf52832_xxaa/nrfx_uart.c.o
 .debug_abbrev  0x0000000000002b23      0x429 _build/nrf52832_xxaa/nrfx_uarte.c.o
 .debug_abbrev  0x0000000000002f4c      0x2fd _build/nrf52832_xxaa/main.c.o
 .debug_abbrev  0x0000000000003249      0x1e7 _build/nrf52832_xxaa/system_nrf52.c.o
 .debug_abbrev  0x0000000000003430       0xaa /usr/lib/gcc/arm-none-eabi/5.4.1/../../../arm-none-eabi/lib/armv7e-m/fpu/libc_nano.a(lib_a-atexit.o)
 .debug_abbrev  0x00000000000034da       0x59 /usr/lib/gcc/arm-none-eabi/5.4.1/../../../arm-none-eabi/lib/armv7e-m/fpu/libc_nano.a(lib_a-ctype_.o)
 .debug_abbrev  0x0000000000003533      0x18e /usr/lib/gcc/arm-none-eabi/5.4.1/../../../arm-none-eabi/lib/armv7e-m/fpu/libc_nano.a(lib_a-exit.o)
 .debug_abbrev  0x00000000000036c1       0xbd /usr/lib/gcc/arm-none-eabi/5.4.1/../../../arm-none-eabi/lib/armv7e-m/fpu/libc_nano.a(lib_a-fini.o)
 .debug_abbrev  0x000000000000377e      0x136 /usr/lib/gcc/arm-none-eabi/5.4.1/../../../arm-none-eabi/lib/armv7e-m/fpu/libc_nano.a(lib_a-impure.o)
 .debug_abbrev  0x00000000000038b4       0xba /usr/lib/gcc/arm-none-eabi/5.4.1/../../../arm-none-eabi/lib/armv7e-m/fpu/libc_nano.a(lib_a-init.o)
 .debug_abbrev  0x000000000000396e       0x14 /usr/lib/gcc/arm-none-eabi/5.4.1/../../../arm-none-eabi/lib/armv7e-m/fpu/libc_nano.a(lib_a-memcpy.o)
 .debug_abbrev  0x0000000000003982       0x9f /usr/lib/gcc/arm-none-eabi/5.4.1/../../../arm-none-eabi/lib/armv7e-m/fpu/libc_nano.a(lib_a-memset.o)
 .debug_abbrev  0x0000000000003a21       0x14 /usr/lib/gcc/arm-none-eabi/5.4.1/../../../arm-none-eabi/lib/armv7e-m/fpu/libc_nano.a(lib_a-strlen.o)
 .debug_abbrev  0x0000000000003a35      0x19c /usr/lib/gcc/arm-none-eabi/5.4.1/../../../arm-none-eabi/lib/armv7e-m/fpu/libc_nano.a(lib_a-__atexit.o)
 .debug_abbrev  0x0000000000003bd1      0x164 /usr/lib/gcc/arm-none-eabi/5.4.1/../../../arm-none-eabi/lib/armv7e-m/fpu/libc_nano.a(lib_a-__call_atexit.o)
 .debug_abbrev  0x0000000000003d35       0x61 /usr/lib/gcc/arm-none-eabi/5.4.1/../../../arm-none-eabi/lib/armv7e-m/fpu/libnosys.a(_exit.o)

.debug_aranges  0x0000000000000000      0x7c0
 .debug_aranges
                0x0000000000000000       0x20 /usr/lib/gcc/arm-none-eabi/5.4.1/../../../arm-none-eabi/lib/armv7e-m/fpu/crt0.o
 .debug_aranges
                0x0000000000000020       0x20 _build/nrf52832_xxaa/gcc_startup_nrf52.S.o
 .debug_aranges
                0x0000000000000040       0x20 _build/nrf52832_xxaa/nrf_log_backend_serial.c.o
 .debug_aranges
                0x0000000000000060       0x48 _build/nrf52832_xxaa/nrf_log_backend_uart.c.o
 .debug_aranges
                0x00000000000000a8       0x20 _build/nrf52832_xxaa/nrf_log_default_backends.c.o
 .debug_aranges
                0x00000000000000c8       0xc0 _build/nrf52832_xxaa/nrf_log_frontend.c.o
 .debug_aranges
                0x0000000000000188       0x30 _build/nrf52832_xxaa/nrf_log_str_formatter.c.o
 .debug_aranges
                0x00000000000001b8       0x78 _build/nrf52832_xxaa/boards.c.o
 .debug_aranges
                0x0000000000000230       0x28 _build/nrf52832_xxaa/app_error.c.o
 .debug_aranges
                0x0000000000000258       0x48 _build/nrf52832_xxaa/app_util_platform.c.o
 .debug_aranges
                0x00000000000002a0       0xb0 _build/nrf52832_xxaa/nrf_atomic.c.o
 .debug_aranges
                0x0000000000000350       0x30 _build/nrf52832_xxaa/nrf_balloc.c.o
 .debug_aranges
                0x0000000000000380       0x28 _build/nrf52832_xxaa/nrf_fprintf.c.o
 .debug_aranges
                0x00000000000003a8       0x28 _build/nrf52832_xxaa/nrf_fprintf_format.c.o
 .debug_aranges
                0x00000000000003d0       0x50 _build/nrf52832_xxaa/nrf_memobj.c.o
 .debug_aranges
                0x0000000000000420       0x50 _build/nrf52832_xxaa/nrf_ringbuf.c.o
 .debug_aranges
                0x0000000000000470       0x30 _build/nrf52832_xxaa/nrf_drv_uart.c.o
 .debug_aranges
                0x00000000000004a0       0x48 _build/nrf52832_xxaa/nrfx_i2s.c.o
 .debug_aranges
                0x00000000000004e8       0x30 _build/nrf52832_xxaa/nrfx_prs.c.o
 .debug_aranges
                0x0000000000000518       0x78 _build/nrf52832_xxaa/nrfx_uart.c.o
 .debug_aranges
                0x0000000000000590       0x68 _build/nrf52832_xxaa/nrfx_uarte.c.o
 .debug_aranges
                0x00000000000005f8       0x30 _build/nrf52832_xxaa/main.c.o
 .debug_aranges
                0x0000000000000628       0x28 _build/nrf52832_xxaa/system_nrf52.c.o
 .debug_aranges
                0x0000000000000650       0x20 /usr/lib/gcc/arm-none-eabi/5.4.1/../../../arm-none-eabi/lib/armv7e-m/fpu/libc_nano.a(lib_a-atexit.o)
 .debug_aranges
                0x0000000000000670       0x18 /usr/lib/gcc/arm-none-eabi/5.4.1/../../../arm-none-eabi/lib/armv7e-m/fpu/libc_nano.a(lib_a-ctype_.o)
 .debug_aranges
                0x0000000000000688       0x20 /usr/lib/gcc/arm-none-eabi/5.4.1/../../../arm-none-eabi/lib/armv7e-m/fpu/libc_nano.a(lib_a-exit.o)
 .debug_aranges
                0x00000000000006a8       0x20 /usr/lib/gcc/arm-none-eabi/5.4.1/../../../arm-none-eabi/lib/armv7e-m/fpu/libc_nano.a(lib_a-fini.o)
 .debug_aranges
                0x00000000000006c8       0x18 /usr/lib/gcc/arm-none-eabi/5.4.1/../../../arm-none-eabi/lib/armv7e-m/fpu/libc_nano.a(lib_a-impure.o)
 .debug_aranges
                0x00000000000006e0       0x20 /usr/lib/gcc/arm-none-eabi/5.4.1/../../../arm-none-eabi/lib/armv7e-m/fpu/libc_nano.a(lib_a-init.o)
 .debug_aranges
                0x0000000000000700       0x20 /usr/lib/gcc/arm-none-eabi/5.4.1/../../../arm-none-eabi/lib/armv7e-m/fpu/libc_nano.a(lib_a-memcpy.o)
 .debug_aranges
                0x0000000000000720       0x20 /usr/lib/gcc/arm-none-eabi/5.4.1/../../../arm-none-eabi/lib/armv7e-m/fpu/libc_nano.a(lib_a-memset.o)
 .debug_aranges
                0x0000000000000740       0x20 /usr/lib/gcc/arm-none-eabi/5.4.1/../../../arm-none-eabi/lib/armv7e-m/fpu/libc_nano.a(lib_a-strlen.o)
 .debug_aranges
                0x0000000000000760       0x20 /usr/lib/gcc/arm-none-eabi/5.4.1/../../../arm-none-eabi/lib/armv7e-m/fpu/libc_nano.a(lib_a-__atexit.o)
 .debug_aranges
                0x0000000000000780       0x20 /usr/lib/gcc/arm-none-eabi/5.4.1/../../../arm-none-eabi/lib/armv7e-m/fpu/libc_nano.a(lib_a-__call_atexit.o)
 .debug_aranges
                0x00000000000007a0       0x20 /usr/lib/gcc/arm-none-eabi/5.4.1/../../../arm-none-eabi/lib/armv7e-m/fpu/libnosys.a(_exit.o)

.debug_loc      0x0000000000000000     0xa044
 .debug_loc     0x0000000000000000      0x185 _build/nrf52832_xxaa/nrf_log_backend_serial.c.o
 .debug_loc     0x0000000000000185      0x227 _build/nrf52832_xxaa/nrf_log_backend_uart.c.o
 .debug_loc     0x00000000000003ac       0x15 _build/nrf52832_xxaa/nrf_log_default_backends.c.o
 .debug_loc     0x00000000000003c1     0x284a _build/nrf52832_xxaa/nrf_log_frontend.c.o
 .debug_loc     0x0000000000002c0b      0x418 _build/nrf52832_xxaa/nrf_log_str_formatter.c.o
 .debug_loc     0x0000000000003023      0x841 _build/nrf52832_xxaa/boards.c.o
 .debug_loc     0x0000000000003864       0xca _build/nrf52832_xxaa/app_error.c.o
 .debug_loc     0x000000000000392e       0xa0 _build/nrf52832_xxaa/app_util_platform.c.o
 .debug_loc     0x00000000000039ce      0x35c _build/nrf52832_xxaa/nrf_atomic.c.o
 .debug_loc     0x0000000000003d2a      0x1e4 _build/nrf52832_xxaa/nrf_balloc.c.o
 .debug_loc     0x0000000000003f0e       0x3f _build/nrf52832_xxaa/nrf_fprintf.c.o
 .debug_loc     0x0000000000003f4d      0xd19 _build/nrf52832_xxaa/nrf_fprintf_format.c.o
 .debug_loc     0x0000000000004c66      0xade _build/nrf52832_xxaa/nrf_memobj.c.o
 .debug_loc     0x0000000000005744      0x603 _build/nrf52832_xxaa/nrf_ringbuf.c.o
 .debug_loc     0x0000000000005d47      0x1ae _build/nrf52832_xxaa/nrf_drv_uart.c.o
 .debug_loc     0x0000000000005ef5      0x941 _build/nrf52832_xxaa/nrfx_i2s.c.o
 .debug_loc     0x0000000000006836       0xc6 _build/nrf52832_xxaa/nrfx_prs.c.o
 .debug_loc     0x00000000000068fc     0x176c _build/nrf52832_xxaa/nrfx_uart.c.o
 .debug_loc     0x0000000000008068     0x1400 _build/nrf52832_xxaa/nrfx_uarte.c.o
 .debug_loc     0x0000000000009468      0x5a6 _build/nrf52832_xxaa/main.c.o
 .debug_loc     0x0000000000009a0e       0x2c /usr/lib/gcc/arm-none-eabi/5.4.1/../../../arm-none-eabi/lib/armv7e-m/fpu/libc_nano.a(lib_a-atexit.o)
 .debug_loc     0x0000000000009a3a       0x1e /usr/lib/gcc/arm-none-eabi/5.4.1/../../../arm-none-eabi/lib/armv7e-m/fpu/libc_nano.a(lib_a-exit.o)
 .debug_loc     0x0000000000009a58       0x5c /usr/lib/gcc/arm-none-eabi/5.4.1/../../../arm-none-eabi/lib/armv7e-m/fpu/libc_nano.a(lib_a-fini.o)
 .debug_loc     0x0000000000009ab4       0xae /usr/lib/gcc/arm-none-eabi/5.4.1/../../../arm-none-eabi/lib/armv7e-m/fpu/libc_nano.a(lib_a-init.o)
 .debug_loc     0x0000000000009b62      0x1ae /usr/lib/gcc/arm-none-eabi/5.4.1/../../../arm-none-eabi/lib/armv7e-m/fpu/libc_nano.a(lib_a-memset.o)
 .debug_loc     0x0000000000009d10      0x1ce /usr/lib/gcc/arm-none-eabi/5.4.1/../../../arm-none-eabi/lib/armv7e-m/fpu/libc_nano.a(lib_a-__atexit.o)
 .debug_loc     0x0000000000009ede      0x166 /usr/lib/gcc/arm-none-eabi/5.4.1/../../../arm-none-eabi/lib/armv7e-m/fpu/libc_nano.a(lib_a-__call_atexit.o)

.debug_ranges   0x0000000000000000     0x1d98
 .debug_ranges  0x0000000000000000       0x28 _build/nrf52832_xxaa/nrf_log_backend_serial.c.o
 .debug_ranges  0x0000000000000028       0xb0 _build/nrf52832_xxaa/nrf_log_backend_uart.c.o
 .debug_ranges  0x00000000000000d8       0x10 _build/nrf52832_xxaa/nrf_log_default_backends.c.o
 .debug_ranges  0x00000000000000e8      0x6c8 _build/nrf52832_xxaa/nrf_log_frontend.c.o
 .debug_ranges  0x00000000000007b0       0xb8 _build/nrf52832_xxaa/nrf_log_str_formatter.c.o
 .debug_ranges  0x0000000000000868      0x128 _build/nrf52832_xxaa/boards.c.o
 .debug_ranges  0x0000000000000990       0x18 _build/nrf52832_xxaa/app_error.c.o
 .debug_ranges  0x00000000000009a8       0x50 _build/nrf52832_xxaa/app_util_platform.c.o
 .debug_ranges  0x00000000000009f8       0xb8 _build/nrf52832_xxaa/nrf_atomic.c.o
 .debug_ranges  0x0000000000000ab0       0x38 _build/nrf52832_xxaa/nrf_balloc.c.o
 .debug_ranges  0x0000000000000ae8       0x18 _build/nrf52832_xxaa/nrf_fprintf.c.o
 .debug_ranges  0x0000000000000b00      0x2e0 _build/nrf52832_xxaa/nrf_fprintf_format.c.o
 .debug_ranges  0x0000000000000de0       0x80 _build/nrf52832_xxaa/nrf_memobj.c.o
 .debug_ranges  0x0000000000000e60       0x40 _build/nrf52832_xxaa/nrf_ringbuf.c.o
 .debug_ranges  0x0000000000000ea0       0x20 _build/nrf52832_xxaa/nrf_drv_uart.c.o
 .debug_ranges  0x0000000000000ec0      0x2f8 _build/nrf52832_xxaa/nrfx_i2s.c.o
 .debug_ranges  0x00000000000011b8       0x38 _build/nrf52832_xxaa/nrfx_prs.c.o
 .debug_ranges  0x00000000000011f0      0x4c0 _build/nrf52832_xxaa/nrfx_uart.c.o
 .debug_ranges  0x00000000000016b0      0x458 _build/nrf52832_xxaa/nrfx_uarte.c.o
 .debug_ranges  0x0000000000001b08      0x110 _build/nrf52832_xxaa/main.c.o
 .debug_ranges  0x0000000000001c18      0x160 _build/nrf52832_xxaa/system_nrf52.c.o
 .debug_ranges  0x0000000000001d78       0x20 /usr/lib/gcc/arm-none-eabi/5.4.1/../../../arm-none-eabi/lib/armv7e-m/fpu/libc_nano.a(lib_a-__call_atexit.o)

.debug_macro    0x0000000000000000     0x60c6
 .debug_macro   0x0000000000000000      0x367 _build/nrf52832_xxaa/nrf_log_backend_serial.c.o
 .debug_macro   0x0000000000000367       0x16 _build/nrf52832_xxaa/nrf_log_backend_serial.c.o
 .debug_macro   0x000000000000037d       0x22 _build/nrf52832_xxaa/nrf_log_backend_serial.c.o
 .debug_macro   0x000000000000039f       0x1c _build/nrf52832_xxaa/nrf_log_backend_serial.c.o
 .debug_macro   0x00000000000003bb       0x10 _build/nrf52832_xxaa/nrf_log_backend_serial.c.o
 .debug_macro   0x00000000000003cb       0x10 _build/nrf52832_xxaa/nrf_log_backend_serial.c.o
 .debug_macro   0x00000000000003db       0xb6 _build/nrf52832_xxaa/nrf_log_backend_serial.c.o
 .debug_macro   0x0000000000000491       0x16 _build/nrf52832_xxaa/nrf_log_backend_serial.c.o
 .debug_macro   0x00000000000004a7      0x143 _build/nrf52832_xxaa/nrf_log_backend_serial.c.o
 .debug_macro   0x00000000000005ea       0x49 _build/nrf52832_xxaa/nrf_log_backend_serial.c.o
 .debug_macro   0x0000000000000633       0x8c _build/nrf52832_xxaa/nrf_log_backend_serial.c.o
 .debug_macro   0x00000000000006bf       0x31 _build/nrf52832_xxaa/nrf_log_backend_serial.c.o
 .debug_macro   0x00000000000006f0       0x55 _build/nrf52832_xxaa/nrf_log_backend_serial.c.o
 .debug_macro   0x0000000000000745       0x98 _build/nrf52832_xxaa/nrf_log_backend_serial.c.o
 .debug_macro   0x00000000000007dd       0x10 _build/nrf52832_xxaa/nrf_log_backend_serial.c.o
 .debug_macro   0x00000000000007ed       0x1d _build/nrf52832_xxaa/nrf_log_backend_serial.c.o
 .debug_macro   0x000000000000080a       0x2e _build/nrf52832_xxaa/nrf_log_backend_serial.c.o
 .debug_macro   0x0000000000000838       0x1c _build/nrf52832_xxaa/nrf_log_backend_serial.c.o
 .debug_macro   0x0000000000000854      0x185 _build/nrf52832_xxaa/nrf_log_backend_serial.c.o
 .debug_macro   0x00000000000009d9      0x44a _build/nrf52832_xxaa/nrf_log_backend_uart.c.o
 .debug_macro   0x0000000000000e23      0x3b1 _build/nrf52832_xxaa/nrf_log_backend_uart.c.o
 .debug_macro   0x00000000000011d4       0x52 _build/nrf52832_xxaa/nrf_log_backend_uart.c.o
 .debug_macro   0x0000000000001226      0x233 _build/nrf52832_xxaa/nrf_log_backend_uart.c.o
 .debug_macro   0x0000000000001459      0x125 _build/nrf52832_xxaa/nrf_log_backend_uart.c.o
 .debug_macro   0x000000000000157e       0x5a _build/nrf52832_xxaa/nrf_log_backend_uart.c.o
 .debug_macro   0x00000000000015d8       0x1d _build/nrf52832_xxaa/nrf_log_backend_uart.c.o
 .debug_macro   0x00000000000015f5       0xac _build/nrf52832_xxaa/nrf_log_backend_uart.c.o
 .debug_macro   0x00000000000016a1       0x64 _build/nrf52832_xxaa/nrf_log_backend_uart.c.o
 .debug_macro   0x0000000000001705       0x20 _build/nrf52832_xxaa/nrf_log_backend_uart.c.o
 .debug_macro   0x0000000000001725       0x10 _build/nrf52832_xxaa/nrf_log_backend_uart.c.o
 .debug_macro   0x0000000000001735       0x10 _build/nrf52832_xxaa/nrf_log_backend_uart.c.o
 .debug_macro   0x0000000000001745       0x10 _build/nrf52832_xxaa/nrf_log_backend_uart.c.o
 .debug_macro   0x0000000000001755       0x10 _build/nrf52832_xxaa/nrf_log_backend_uart.c.o
 .debug_macro   0x0000000000001765       0x10 _build/nrf52832_xxaa/nrf_log_backend_uart.c.o
 .debug_macro   0x0000000000001775       0x3f _build/nrf52832_xxaa/nrf_log_backend_uart.c.o
 .debug_macro   0x00000000000017b4      0x358 _build/nrf52832_xxaa/nrf_log_default_backends.c.o
 .debug_macro   0x0000000000001b0c       0x10 _build/nrf52832_xxaa/nrf_log_default_backends.c.o
 .debug_macro   0x0000000000001b1c      0x3d9 _build/nrf52832_xxaa/nrf_log_frontend.c.o
 .debug_macro   0x0000000000001ef5       0x16 _build/nrf52832_xxaa/nrf_log_frontend.c.o
 .debug_macro   0x0000000000001f0b       0x9a _build/nrf52832_xxaa/nrf_log_frontend.c.o
 .debug_macro   0x0000000000001fa5       0x9e _build/nrf52832_xxaa/nrf_log_frontend.c.o
 .debug_macro   0x0000000000002043      0x3a9 _build/nrf52832_xxaa/nrf_log_str_formatter.c.o
 .debug_macro   0x00000000000023ec       0x94 _build/nrf52832_xxaa/nrf_log_str_formatter.c.o
 .debug_macro   0x0000000000002480      0x330 _build/nrf52832_xxaa/boards.c.o
 .debug_macro   0x00000000000027b0       0x26 _build/nrf52832_xxaa/boards.c.o
 .debug_macro   0x00000000000027d6       0x3f _build/nrf52832_xxaa/boards.c.o
 .debug_macro   0x0000000000002815       0x16 _build/nrf52832_xxaa/boards.c.o
 .debug_macro   0x000000000000282b       0x19 _build/nrf52832_xxaa/boards.c.o
 .debug_macro   0x0000000000002844       0x35 _build/nrf52832_xxaa/boards.c.o
 .debug_macro   0x0000000000002879       0x7b _build/nrf52832_xxaa/boards.c.o
 .debug_macro   0x00000000000028f4       0x16 _build/nrf52832_xxaa/boards.c.o
 .debug_macro   0x000000000000290a      0x25a _build/nrf52832_xxaa/boards.c.o
 .debug_macro   0x0000000000002b64      0x16d _build/nrf52832_xxaa/boards.c.o
 .debug_macro   0x0000000000002cd1      0x215 _build/nrf52832_xxaa/app_error.c.o
 .debug_macro   0x0000000000002ee6       0x35 _build/nrf52832_xxaa/app_error.c.o
 .debug_macro   0x0000000000002f1b       0x97 _build/nrf52832_xxaa/app_error.c.o
 .debug_macro   0x0000000000002fb2       0xf6 _build/nrf52832_xxaa/app_error.c.o
 .debug_macro   0x00000000000030a8      0x22b _build/nrf52832_xxaa/app_util_platform.c.o
 .debug_macro   0x00000000000032d3      0x224 _build/nrf52832_xxaa/nrf_atomic.c.o
 .debug_macro   0x00000000000034f7       0x42 _build/nrf52832_xxaa/nrf_atomic.c.o
 .debug_macro   0x0000000000003539      0x31c _build/nrf52832_xxaa/nrf_balloc.c.o
 .debug_macro   0x0000000000003855       0x10 _build/nrf52832_xxaa/nrf_balloc.c.o
 .debug_macro   0x0000000000003865      0x230 _build/nrf52832_xxaa/nrf_fprintf.c.o
 .debug_macro   0x0000000000003a95       0x58 _build/nrf52832_xxaa/nrf_fprintf.c.o
 .debug_macro   0x0000000000003aed      0x242 _build/nrf52832_xxaa/nrf_fprintf_format.c.o
 .debug_macro   0x0000000000003d2f      0x2ff _build/nrf52832_xxaa/nrf_memobj.c.o
 .debug_macro   0x000000000000402e      0x10e _build/nrf52832_xxaa/nrf_memobj.c.o
 .debug_macro   0x000000000000413c       0x86 _build/nrf52832_xxaa/nrf_memobj.c.o
 .debug_macro   0x00000000000041c2       0x54 _build/nrf52832_xxaa/nrf_memobj.c.o
 .debug_macro   0x0000000000004216      0x2ae _build/nrf52832_xxaa/nrf_ringbuf.c.o
 .debug_macro   0x00000000000044c4      0x359 _build/nrf52832_xxaa/nrf_drv_uart.c.o
 .debug_macro   0x000000000000481d      0x3d8 _build/nrf52832_xxaa/nrfx_i2s.c.o
 .debug_macro   0x0000000000004bf5       0x10 _build/nrf52832_xxaa/nrfx_i2s.c.o
 .debug_macro   0x0000000000004c05       0x16 _build/nrf52832_xxaa/nrfx_i2s.c.o
 .debug_macro   0x0000000000004c1b       0x1c _build/nrf52832_xxaa/nrfx_i2s.c.o
 .debug_macro   0x0000000000004c37       0x1c _build/nrf52832_xxaa/nrfx_i2s.c.o
 .debug_macro   0x0000000000004c53       0x37 _build/nrf52832_xxaa/nrfx_i2s.c.o
 .debug_macro   0x0000000000004c8a      0x17f _build/nrf52832_xxaa/nrfx_i2s.c.o
 .debug_macro   0x0000000000004e09       0x42 _build/nrf52832_xxaa/nrfx_i2s.c.o
 .debug_macro   0x0000000000004e4b      0x3c6 _build/nrf52832_xxaa/nrfx_prs.c.o
 .debug_macro   0x0000000000005211       0x28 _build/nrf52832_xxaa/nrfx_prs.c.o
 .debug_macro   0x0000000000005239      0x3e1 _build/nrf52832_xxaa/nrfx_uart.c.o
 .debug_macro   0x000000000000561a      0x3ff _build/nrf52832_xxaa/nrfx_uarte.c.o
 .debug_macro   0x0000000000005a19      0x477 _build/nrf52832_xxaa/main.c.o
 .debug_macro   0x0000000000005e90       0x4c _build/nrf52832_xxaa/main.c.o
 .debug_macro   0x0000000000005edc       0x55 _build/nrf52832_xxaa/main.c.o
 .debug_macro   0x0000000000005f31       0x4a _build/nrf52832_xxaa/main.c.o
 .debug_macro   0x0000000000005f7b       0x3a _build/nrf52832_xxaa/main.c.o
 .debug_macro   0x0000000000005fb5       0x10 _build/nrf52832_xxaa/main.c.o
 .debug_macro   0x0000000000005fc5       0x10 _build/nrf52832_xxaa/main.c.o
 .debug_macro   0x0000000000005fd5       0xf1 _build/nrf52832_xxaa/system_nrf52.c.o

.debug_str      0x0000000000000000    0x7895a
 .debug_str     0x0000000000000000    0x6cbb8 _build/nrf52832_xxaa/nrf_log_backend_serial.c.o
                                      0x6db7a (size before relaxing)
 .debug_str     0x000000000006cbb8     0x404e _build/nrf52832_xxaa/nrf_log_backend_uart.c.o
                                      0x7164d (size before relaxing)
 .debug_str     0x0000000000070c06      0x11c _build/nrf52832_xxaa/nrf_log_default_backends.c.o
                                      0x6d91e (size before relaxing)
 .debug_str     0x0000000000070d22     0x1442 _build/nrf52832_xxaa/nrf_log_frontend.c.o
                                      0x6eeb0 (size before relaxing)
 .debug_str     0x0000000000072164      0x659 _build/nrf52832_xxaa/nrf_log_str_formatter.c.o
                                      0x6dfaa (size before relaxing)
 .debug_str     0x00000000000727bd     0x1554 _build/nrf52832_xxaa/boards.c.o
                                      0x6e1ef (size before relaxing)
 .debug_str     0x0000000000073d11       0xf4 _build/nrf52832_xxaa/app_error.c.o
                                      0x5fc56 (size before relaxing)
 .debug_str     0x0000000000073e05      0x405 _build/nrf52832_xxaa/app_util_platform.c.o
                                      0x60448 (size before relaxing)
 .debug_str     0x000000000007420a      0x6b9 _build/nrf52832_xxaa/nrf_atomic.c.o
                                      0x69b97 (size before relaxing)
 .debug_str     0x00000000000748c3      0x13f _build/nrf52832_xxaa/nrf_balloc.c.o
                                      0x6da23 (size before relaxing)
 .debug_str     0x0000000000074a02      0x144 _build/nrf52832_xxaa/nrf_fprintf.c.o
                                      0x697f0 (size before relaxing)
 .debug_str     0x0000000000074b46      0x11d _build/nrf52832_xxaa/nrf_fprintf_format.c.o
                                      0x698e5 (size before relaxing)
 .debug_str     0x0000000000074c63      0x1ac _build/nrf52832_xxaa/nrf_memobj.c.o
                                      0x6bd15 (size before relaxing)
 .debug_str     0x0000000000074e0f       0xdc _build/nrf52832_xxaa/nrf_ringbuf.c.o
                                      0x6a5f9 (size before relaxing)
 .debug_str     0x0000000000074eeb      0x47e _build/nrf52832_xxaa/nrf_drv_uart.c.o
                                      0x6e0cd (size before relaxing)
 .debug_str     0x0000000000075369      0xfc8 _build/nrf52832_xxaa/nrfx_i2s.c.o
                                      0x710ff (size before relaxing)
 .debug_str     0x0000000000076331      0x326 _build/nrf52832_xxaa/nrfx_prs.c.o
                                      0x701f5 (size before relaxing)
 .debug_str     0x0000000000076657      0x6a0 _build/nrf52832_xxaa/nrfx_uart.c.o
                                      0x7138e (size before relaxing)
 .debug_str     0x0000000000076cf7      0x93c _build/nrf52832_xxaa/nrfx_uarte.c.o
                                      0x71821 (size before relaxing)
 .debug_str     0x0000000000077633      0x486 _build/nrf52832_xxaa/main.c.o
                                      0x72b62 (size before relaxing)
 .debug_str     0x0000000000077ab9      0x48c _build/nrf52832_xxaa/system_nrf52.c.o
                                      0x5bc15 (size before relaxing)
 .debug_str     0x0000000000077f45      0x17a /usr/lib/gcc/arm-none-eabi/5.4.1/../../../arm-none-eabi/lib/armv7e-m/fpu/libc_nano.a(lib_a-atexit.o)
                                        0x21f (size before relaxing)
 .debug_str     0x00000000000780bf       0x9b /usr/lib/gcc/arm-none-eabi/5.4.1/../../../arm-none-eabi/lib/armv7e-m/fpu/libc_nano.a(lib_a-ctype_.o)
                                        0x1e8 (size before relaxing)
 .debug_str     0x000000000007815a      0x32a /usr/lib/gcc/arm-none-eabi/5.4.1/../../../arm-none-eabi/lib/armv7e-m/fpu/libc_nano.a(lib_a-exit.o)
                                        0x554 (size before relaxing)
 .debug_str     0x0000000000078484       0xcb /usr/lib/gcc/arm-none-eabi/5.4.1/../../../arm-none-eabi/lib/armv7e-m/fpu/libc_nano.a(lib_a-fini.o)
                                        0x217 (size before relaxing)
 .debug_str     0x000000000007854f       0xde /usr/lib/gcc/arm-none-eabi/5.4.1/../../../arm-none-eabi/lib/armv7e-m/fpu/libc_nano.a(lib_a-impure.o)
                                        0x58a (size before relaxing)
 .debug_str     0x000000000007862d       0x8d /usr/lib/gcc/arm-none-eabi/5.4.1/../../../arm-none-eabi/lib/armv7e-m/fpu/libc_nano.a(lib_a-init.o)
                                        0x241 (size before relaxing)
 .debug_str     0x00000000000786ba       0xa9 /usr/lib/gcc/arm-none-eabi/5.4.1/../../../arm-none-eabi/lib/armv7e-m/fpu/libc_nano.a(lib_a-memset.o)
                                        0x1f6 (size before relaxing)
 .debug_str     0x0000000000078763       0xb8 /usr/lib/gcc/arm-none-eabi/5.4.1/../../../arm-none-eabi/lib/armv7e-m/fpu/libc_nano.a(lib_a-__atexit.o)
                                        0x2cd (size before relaxing)
 .debug_str     0x000000000007881b       0x54 /usr/lib/gcc/arm-none-eabi/5.4.1/../../../arm-none-eabi/lib/armv7e-m/fpu/libc_nano.a(lib_a-__call_atexit.o)
                                        0x28b (size before relaxing)
 .debug_str     0x000000000007886f       0xeb /usr/lib/gcc/arm-none-eabi/5.4.1/../../../arm-none-eabi/lib/armv7e-m/fpu/libnosys.a(_exit.o)
                                        0x181 (size before relaxing)

.debug_frame    0x0000000000000000     0x1234
 .debug_frame   0x0000000000000000       0x3c _build/nrf52832_xxaa/nrf_log_backend_serial.c.o
 .debug_frame   0x000000000000003c       0xac _build/nrf52832_xxaa/nrf_log_backend_uart.c.o
 .debug_frame   0x00000000000000e8       0x28 _build/nrf52832_xxaa/nrf_log_default_backends.c.o
 .debug_frame   0x0000000000000110      0x2fc _build/nrf52832_xxaa/nrf_log_frontend.c.o
 .debug_frame   0x000000000000040c       0x80 _build/nrf52832_xxaa/nrf_log_str_formatter.c.o
 .debug_frame   0x000000000000048c       0xf8 _build/nrf52832_xxaa/boards.c.o
 .debug_frame   0x0000000000000584       0x54 _build/nrf52832_xxaa/app_error.c.o
 .debug_frame   0x00000000000005d8       0x70 _build/nrf52832_xxaa/app_util_platform.c.o
 .debug_frame   0x0000000000000648      0x1e0 _build/nrf52832_xxaa/nrf_atomic.c.o
 .debug_frame   0x0000000000000828       0x6c _build/nrf52832_xxaa/nrf_balloc.c.o
 .debug_frame   0x0000000000000894       0x58 _build/nrf52832_xxaa/nrf_fprintf.c.o
 .debug_frame   0x00000000000008ec       0xa4 _build/nrf52832_xxaa/nrf_fprintf_format.c.o
 .debug_frame   0x0000000000000990       0xd8 _build/nrf52832_xxaa/nrf_memobj.c.o
 .debug_frame   0x0000000000000a68       0xdc _build/nrf52832_xxaa/nrf_ringbuf.c.o
 .debug_frame   0x0000000000000b44       0x84 _build/nrf52832_xxaa/nrf_drv_uart.c.o
 .debug_frame   0x0000000000000bc8      0x100 _build/nrf52832_xxaa/nrfx_i2s.c.o
 .debug_frame   0x0000000000000cc8       0x4c _build/nrf52832_xxaa/nrfx_prs.c.o
 .debug_frame   0x0000000000000d14      0x190 _build/nrf52832_xxaa/nrfx_uart.c.o
 .debug_frame   0x0000000000000ea4      0x150 _build/nrf52832_xxaa/nrfx_uarte.c.o
 .debug_frame   0x0000000000000ff4       0x88 _build/nrf52832_xxaa/main.c.o
 .debug_frame   0x000000000000107c       0x48 _build/nrf52832_xxaa/system_nrf52.c.o
 .debug_frame   0x00000000000010c4       0x20 /usr/lib/gcc/arm-none-eabi/5.4.1/../../../arm-none-eabi/lib/armv7e-m/fpu/libc_nano.a(lib_a-atexit.o)
 .debug_frame   0x00000000000010e4       0x28 /usr/lib/gcc/arm-none-eabi/5.4.1/../../../arm-none-eabi/lib/armv7e-m/fpu/libc_nano.a(lib_a-exit.o)
 .debug_frame   0x000000000000110c       0x34 /usr/lib/gcc/arm-none-eabi/5.4.1/../../../arm-none-eabi/lib/armv7e-m/fpu/libc_nano.a(lib_a-fini.o)
 .debug_frame   0x0000000000001140       0x2c /usr/lib/gcc/arm-none-eabi/5.4.1/../../../arm-none-eabi/lib/armv7e-m/fpu/libc_nano.a(lib_a-init.o)
 .debug_frame   0x000000000000116c       0x34 /usr/lib/gcc/arm-none-eabi/5.4.1/../../../arm-none-eabi/lib/armv7e-m/fpu/libc_nano.a(lib_a-memset.o)
 .debug_frame   0x00000000000011a0       0x34 /usr/lib/gcc/arm-none-eabi/5.4.1/../../../arm-none-eabi/lib/armv7e-m/fpu/libc_nano.a(lib_a-__atexit.o)
 .debug_frame   0x00000000000011d4       0x40 /usr/lib/gcc/arm-none-eabi/5.4.1/../../../arm-none-eabi/lib/armv7e-m/fpu/libc_nano.a(lib_a-__call_atexit.o)
 .debug_frame   0x0000000000001214       0x20 /usr/lib/gcc/arm-none-eabi/5.4.1/../../../arm-none-eabi/lib/armv7e-m/fpu/libnosys.a(_exit.o)
