Archive member included to satisfy reference by file (symbol)

/usr/lib/gcc/arm-none-eabi/5.4.1/../../../arm-none-eabi/lib/armv7e-m/fpu/libc_nano.a(lib_a-atexit.o)
                              /usr/lib/gcc/arm-none-eabi/5.4.1/../../../arm-none-eabi/lib/armv7e-m/fpu/crt0.o (atexit)
/usr/lib/gcc/arm-none-eabi/5.4.1/../../../arm-none-eabi/lib/armv7e-m/fpu/libc_nano.a(lib_a-ctype_.o)
                              _build/nrf52832_xxaa/nrf_log_str_formatter.c.o (__ctype_ptr__)
/usr/lib/gcc/arm-none-eabi/5.4.1/../../../arm-none-eabi/lib/armv7e-m/fpu/libc_nano.a(lib_a-exit.o)
                              /usr/lib/gcc/arm-none-eabi/5.4.1/../../../arm-none-eabi/lib/armv7e-m/fpu/crt0.o (exit)
/usr/lib/gcc/arm-none-eabi/5.4.1/../../../arm-none-eabi/lib/armv7e-m/fpu/libc_nano.a(lib_a-fini.o)
                              /usr/lib/gcc/arm-none-eabi/5.4.1/../../../arm-none-eabi/lib/armv7e-m/fpu/crt0.o (__libc_fini_array)
/usr/lib/gcc/arm-none-eabi/5.4.1/../../../arm-none-eabi/lib/armv7e-m/fpu/libc_nano.a(lib_a-impure.o)
                              /usr/lib/gcc/arm-none-eabi/5.4.1/../../../arm-none-eabi/lib/armv7e-m/fpu/libc_nano.a(lib_a-exit.o) (_global_impure_ptr)
/usr/lib/gcc/arm-none-eabi/5.4.1/../../../arm-none-eabi/lib/armv7e-m/fpu/libc_nano.a(lib_a-init.o)
                              /usr/lib/gcc/arm-none-eabi/5.4.1/../../../arm-none-eabi/lib/armv7e-m/fpu/crt0.o (__libc_init_array)
/usr/lib/gcc/arm-none-eabi/5.4.1/../../../arm-none-eabi/lib/armv7e-m/fpu/libc_nano.a(lib_a-memcmp.o)
                              _build/nrf52832_xxaa/ble_advdata.c.o (memcmp)
/usr/lib/gcc/arm-none-eabi/5.4.1/../../../arm-none-eabi/lib/armv7e-m/fpu/libc_nano.a(lib_a-memcpy.o)
                              _build/nrf52832_xxaa/nrf_log_frontend.c.o (memcpy)
/usr/lib/gcc/arm-none-eabi/5.4.1/../../../arm-none-eabi/lib/armv7e-m/fpu/libc_nano.a(lib_a-memset.o)
                              /usr/lib/gcc/arm-none-eabi/5.4.1/../../../arm-none-eabi/lib/armv7e-m/fpu/crt0.o (memset)
/usr/lib/gcc/arm-none-eabi/5.4.1/../../../arm-none-eabi/lib/armv7e-m/fpu/libc_nano.a(lib_a-printf.o)
                              _build/nrf52832_xxaa/main.c.o (printf)
/usr/lib/gcc/arm-none-eabi/5.4.1/../../../arm-none-eabi/lib/armv7e-m/fpu/libc_nano.a(lib_a-strcpy.o)
                              _build/nrf52832_xxaa/SEGGER_RTT.c.o (strcpy)
/usr/lib/gcc/arm-none-eabi/5.4.1/../../../arm-none-eabi/lib/armv7e-m/fpu/libc_nano.a(lib_a-strlen.o)
                              _build/nrf52832_xxaa/nrf_log_frontend.c.o (strlen)
/usr/lib/gcc/arm-none-eabi/5.4.1/../../../arm-none-eabi/lib/armv7e-m/fpu/libc_nano.a(lib_a-__atexit.o)
                              /usr/lib/gcc/arm-none-eabi/5.4.1/../../../arm-none-eabi/lib/armv7e-m/fpu/libc_nano.a(lib_a-atexit.o) (__register_exitproc)
/usr/lib/gcc/arm-none-eabi/5.4.1/../../../arm-none-eabi/lib/armv7e-m/fpu/libc_nano.a(lib_a-__call_atexit.o)
                              /usr/lib/gcc/arm-none-eabi/5.4.1/../../../arm-none-eabi/lib/armv7e-m/fpu/libc_nano.a(lib_a-__atexit.o) (__call_exitprocs)
/usr/lib/gcc/arm-none-eabi/5.4.1/../../../arm-none-eabi/lib/armv7e-m/fpu/libc_nano.a(lib_a-findfp.o)
                              /usr/lib/gcc/arm-none-eabi/5.4.1/../../../arm-none-eabi/lib/armv7e-m/fpu/libc_nano.a(lib_a-printf.o) (__sinit)
/usr/lib/gcc/arm-none-eabi/5.4.1/../../../arm-none-eabi/lib/armv7e-m/fpu/libc_nano.a(lib_a-fwalk.o)
                              /usr/lib/gcc/arm-none-eabi/5.4.1/../../../arm-none-eabi/lib/armv7e-m/fpu/libc_nano.a(lib_a-findfp.o) (_fwalk)
/usr/lib/gcc/arm-none-eabi/5.4.1/../../../arm-none-eabi/lib/armv7e-m/fpu/libc_nano.a(lib_a-nano-mallocr.o)
                              /usr/lib/gcc/arm-none-eabi/5.4.1/../../../arm-none-eabi/lib/armv7e-m/fpu/libc_nano.a(lib_a-findfp.o) (_malloc_r)
/usr/lib/gcc/arm-none-eabi/5.4.1/../../../arm-none-eabi/lib/armv7e-m/fpu/libc_nano.a(lib_a-nano-vfprintf.o)
                              /usr/lib/gcc/arm-none-eabi/5.4.1/../../../arm-none-eabi/lib/armv7e-m/fpu/libc_nano.a(lib_a-printf.o) (_vfprintf_r)
/usr/lib/gcc/arm-none-eabi/5.4.1/../../../arm-none-eabi/lib/armv7e-m/fpu/libc_nano.a(lib_a-nano-vfprintf_i.o)
                              /usr/lib/gcc/arm-none-eabi/5.4.1/../../../arm-none-eabi/lib/armv7e-m/fpu/libc_nano.a(lib_a-nano-vfprintf.o) (_printf_i)
/usr/lib/gcc/arm-none-eabi/5.4.1/../../../arm-none-eabi/lib/armv7e-m/fpu/libc_nano.a(lib_a-sbrkr.o)
                              /usr/lib/gcc/arm-none-eabi/5.4.1/../../../arm-none-eabi/lib/armv7e-m/fpu/libc_nano.a(lib_a-nano-mallocr.o) (_sbrk_r)
/usr/lib/gcc/arm-none-eabi/5.4.1/../../../arm-none-eabi/lib/armv7e-m/fpu/libc_nano.a(lib_a-stdio.o)
                              /usr/lib/gcc/arm-none-eabi/5.4.1/../../../arm-none-eabi/lib/armv7e-m/fpu/libc_nano.a(lib_a-findfp.o) (__sread)
/usr/lib/gcc/arm-none-eabi/5.4.1/../../../arm-none-eabi/lib/armv7e-m/fpu/libc_nano.a(lib_a-wbuf.o)
[...]
Memory Configuration

Name             Origin             Length             Attributes
FLASH            0x0000000000026000 0x000000000005a000 xr
RAM              0x0000000020002a98 0x000000000000d568 xrw
*default*        0x0000000000000000 0xffffffffffffffff

Linker script and memory map


.text           0x0000000000026000     0xa274
 *(.isr_vector)
 .isr_vector    0x0000000000026000      0x200 _build/nrf52832_xxaa/gcc_startup_nrf52.S.o
                0x0000000000026000                __isr_vector
 *(.text*)
 .text          0x0000000000026200       0xa4 /usr/lib/gcc/arm-none-eabi/5.4.1/armv7e-m/fpu/crtbegin.o
 .text          0x00000000000262a4       0x68 /usr/lib/gcc/arm-none-eabi/5.4.1/../../../arm-none-eabi/lib/armv7e-m/fpu/crt0.o
                0x00000000000262a4                _mainCRTStartup
                0x00000000000262a4                _start
 .text          0x000000000002630c       0x3c _build/nrf52832_xxaa/gcc_startup_nrf52.S.o
                0x000000000002630c                Reset_Handler
                0x0000000000026334                NMI_Handler
                0x0000000000026336                HardFault_Handler
                0x0000000000026338                MemoryManagement_Handler
                0x000000000002633a                BusFault_Handler
                0x000000000002633c                UsageFault_Handler
                0x000000000002633e                SVC_Handler
                0x0000000000026340                DebugMon_Handler
                0x0000000000026342                PendSV_Handler
                0x0000000000026344                SysTick_Handler
                0x0000000000026346                TIMER2_IRQHandler
                0x0000000000026346                RTC0_IRQHandler
                0x0000000000026346                PWM1_IRQHandler
                0x0000000000026346                RADIO_IRQHandler
                0x0000000000026346                PDM_IRQHandler
                0x0000000000026346                TEMP_IRQHandler
                0x0000000000026346                QDEC_IRQHandler
                0x0000000000026346                TIMER3_IRQHandler
                0x0000000000026346                FPU_IRQHandler
                0x0000000000026346                SPIM0_SPIS0_TWIM0_TWIS0_SPI0_TWI0_IRQHandler
                0x0000000000026346                TIMER4_IRQHandler
                0x0000000000026346                I2S_IRQHandler
                0x0000000000026346                SWI4_EGU4_IRQHandler
                0x0000000000026346                TIMER0_IRQHandler
                0x0000000000026346                TIMER1_IRQHandler
                0x0000000000026346                PWM2_IRQHandler
                0x0000000000026346                ECB_IRQHandler
                0x0000000000026346                SPIM1_SPIS1_TWIM1_TWIS1_SPI1_TWI1_IRQHandler
                0x0000000000026346                Default_Handler
                0x0000000000026346                SAADC_IRQHandler
                0x0000000000026346                CCM_AAR_IRQHandler
                0x0000000000026346                WDT_IRQHandler
                0x0000000000026346                SWI5_EGU5_IRQHandler
                0x0000000000026346                RNG_IRQHandler
                0x0000000000026346                RTC2_IRQHandler
                0x0000000000026346                PWM0_IRQHandler
                0x0000000000026346                SWI3_EGU3_IRQHandler
                0x0000000000026346                SWI1_EGU1_IRQHandler
                0x0000000000026346                SPIM2_SPIS2_SPI2_IRQHandler
                0x0000000000026346                NFCT_IRQHandler
                0x0000000000026346                MWU_IRQHandler
                0x0000000000026346                COMP_LPCOMP_IRQHandler
 .text.nrf_log_backend_rtt_panic_set
                0x0000000000026348        0x4 _build/nrf52832_xxaa/nrf_log_backend_rtt.c.o
 .text.nrf_log_backend_rtt_put
                0x000000000002634c       0x20 _build/nrf52832_xxaa/nrf_log_backend_rtt.c.o
 .text.serial_tx
                0x000000000002636c       0x5c _build/nrf52832_xxaa/nrf_log_backend_rtt.c.o
 .text.nrf_log_backend_rtt_flush
                0x00000000000263c8        0x4 _build/nrf52832_xxaa/nrf_log_backend_rtt.c.o
 .text.nrf_log_backend_rtt_init
                0x00000000000263cc        0x4 _build/nrf52832_xxaa/nrf_log_backend_rtt.c.o
                0x00000000000263cc                nrf_log_backend_rtt_init
 .text.nrf_log_backend_serial_put
                0x00000000000263d0       0xd8 _build/nrf52832_xxaa/nrf_log_backend_serial.c.o
                0x00000000000263d0                nrf_log_backend_serial_put
 .text.nrf_log_default_backends_init
                0x00000000000264a8       0x20 _build/nrf52832_xxaa/nrf_log_default_backends.c.o
                0x00000000000264a8                nrf_log_default_backends_init
 .text.log_skip
                0x00000000000264c8       0xc8 _build/nrf52832_xxaa/nrf_log_frontend.c.o
 .text.nrf_log_init
                0x0000000000026590       0x3c _build/nrf52832_xxaa/nrf_log_frontend.c.o
                0x0000000000026590                nrf_log_init
 .text.nrf_log_module_name_get
                0x00000000000265cc       0x54 _build/nrf52832_xxaa/nrf_log_frontend.c.o
                0x00000000000265cc                nrf_log_module_name_get
 .text.nrf_log_color_id_get
                0x0000000000026620       0x2c _build/nrf52832_xxaa/nrf_log_frontend.c.o
                0x0000000000026620                nrf_log_color_id_get
 .text.nrf_log_frontend_dequeue
                0x000000000002664c      0x290 _build/nrf52832_xxaa/nrf_log_frontend.c.o
                0x000000000002664c                nrf_log_frontend_dequeue
 .text.nrf_log_frontend_std_0
                0x00000000000268dc       0xec _build/nrf52832_xxaa/nrf_log_frontend.c.o
                0x00000000000268dc                nrf_log_frontend_std_0
 .text.nrf_log_frontend_std_1
                0x00000000000269c8       0xfc _build/nrf52832_xxaa/nrf_log_frontend.c.o
                0x00000000000269c8                nrf_log_frontend_std_1
 .text.nrf_log_frontend_std_2
                0x0000000000026ac4      0x100 _build/nrf52832_xxaa/nrf_log_frontend.c.o
                0x0000000000026ac4                nrf_log_frontend_std_2
 .text.nrf_log_backend_add
                0x0000000000026bc4       0x64 _build/nrf52832_xxaa/nrf_log_frontend.c.o
                0x0000000000026bc4                nrf_log_backend_add
 .text.nrf_log_panic
                0x0000000000026c28       0x2c _build/nrf52832_xxaa/nrf_log_frontend.c.o
                0x0000000000026c28                nrf_log_panic
 .text.nrf_log_std_entry_process
                0x0000000000026c54      0x14c _build/nrf52832_xxaa/nrf_log_str_formatter.c.o
                0x0000000000026c54                nrf_log_std_entry_process
 .text.nrf_log_hexdump_entry_process
                0x0000000000026da0      0x158 _build/nrf52832_xxaa/nrf_log_str_formatter.c.o
                0x0000000000026da0                nrf_log_hexdump_entry_process
 .text.detection_delay_timeout_handler
                0x0000000000026ef8      0x11c _build/nrf52832_xxaa/app_button.c.o
 .text.gpiote_event_handler
                0x0000000000027014       0x98 _build/nrf52832_xxaa/app_button.c.o
 .text.app_button_init
                0x00000000000270ac       0xa8 _build/nrf52832_xxaa/app_button.c.o
                0x00000000000270ac                app_button_init
 .text.app_button_enable
                0x0000000000027154       0x2c _build/nrf52832_xxaa/app_button.c.o
                0x0000000000027154                app_button_enable
 .text.app_error_handler_bare
                0x0000000000027180       0x20 _build/nrf52832_xxaa/app_error.c.o
                0x0000000000027180                app_error_handler_bare
 .text.app_error_fault_handler
                0x00000000000271a0       0x70 _build/nrf52832_xxaa/app_error_weak.c.o
                0x00000000000271a0                app_error_fault_handler
 .text.app_fifo_init
                0x0000000000027210       0x20 _build/nrf52832_xxaa/app_fifo.c.o
                0x0000000000027210                app_fifo_init
 .text.app_fifo_put
                0x0000000000027230       0x30 _build/nrf52832_xxaa/app_fifo.c.o
                0x0000000000027230                app_fifo_put
 .text.app_fifo_get
                0x0000000000027260       0x2c _build/nrf52832_xxaa/app_fifo.c.o
                0x0000000000027260                app_fifo_get
 .text.RTC1_IRQHandler
                0x000000000002728c       0xa0 _build/nrf52832_xxaa/app_timer.c.o
                0x000000000002728c                RTC1_IRQHandler
 .text.SWI0_EGU0_IRQHandler
                0x000000000002732c      0x3a0 _build/nrf52832_xxaa/app_timer.c.o
                0x000000000002732c                SWI0_EGU0_IRQHandler
 .text.app_timer_init
                0x00000000000276cc       0xa8 _build/nrf52832_xxaa/app_timer.c.o
                0x00000000000276cc                app_timer_init
 .text.app_timer_create
                0x0000000000027774       0x24 _build/nrf52832_xxaa/app_timer.c.o
                0x0000000000027774                app_timer_create
 .text.app_timer_start
                0x0000000000027798       0xac _build/nrf52832_xxaa/app_timer.c.o
                0x0000000000027798                app_timer_start
 .text.app_timer_stop
                0x0000000000027844       0x78 _build/nrf52832_xxaa/app_timer.c.o
                0x0000000000027844                app_timer_stop
 .text.uart_event_handler
                0x00000000000278bc      0x114 _build/nrf52832_xxaa/app_uart_fifo.c.o
 .text.app_uart_init
                0x00000000000279d0       0xf4 _build/nrf52832_xxaa/app_uart_fifo.c.o
                0x00000000000279d0                app_uart_init
 .text.app_uart_get
                0x0000000000027ac4       0x60 _build/nrf52832_xxaa/app_uart_fifo.c.o
                0x0000000000027ac4                app_uart_get
 .text.app_uart_put
                0x0000000000027b24       0x78 _build/nrf52832_xxaa/app_uart_fifo.c.o
                0x0000000000027b24                app_uart_put
 .text.app_util_critical_region_enter
                0x0000000000027b9c       0x50 _build/nrf52832_xxaa/app_util_platform.c.o
                0x0000000000027b9c                app_util_critical_region_enter
 .text.app_util_critical_region_exit
                0x0000000000027bec       0x30 _build/nrf52832_xxaa/app_util_platform.c.o
                0x0000000000027bec                app_util_critical_region_exit
 .text.nrf_atflags_set
                0x0000000000027c1c       0x14 _build/nrf52832_xxaa/nrf_atflags.c.o
                0x0000000000027c1c                nrf_atflags_set
 .text.nrf_atflags_clear
                0x0000000000027c30       0x1c _build/nrf52832_xxaa/nrf_atflags.c.o
                0x0000000000027c30                nrf_atflags_clear
 .text.nrf_atflags_get
                0x0000000000027c4c       0x14 _build/nrf52832_xxaa/nrf_atflags.c.o
                0x0000000000027c4c                nrf_atflags_get
 .text.nrf_atomic_u32_fetch_store
                0x0000000000027c60       0x18 _build/nrf52832_xxaa/nrf_atomic.c.o
                0x0000000000027c60                nrf_atomic_u32_fetch_store
 .text.nrf_atomic_u32_or
                0x0000000000027c78       0x1c _build/nrf52832_xxaa/nrf_atomic.c.o
                0x0000000000027c78                nrf_atomic_u32_or
 .text.nrf_atomic_u32_and
                0x0000000000027c94       0x1c _build/nrf52832_xxaa/nrf_atomic.c.o
                0x0000000000027c94                nrf_atomic_u32_and
 .text.nrf_atomic_u32_add
                0x0000000000027cb0       0x1c _build/nrf52832_xxaa/nrf_atomic.c.o
                0x0000000000027cb0                nrf_atomic_u32_add
 .text.nrf_atomic_u32_sub
                0x0000000000027ccc       0x1c _build/nrf52832_xxaa/nrf_atomic.c.o
                0x0000000000027ccc                nrf_atomic_u32_sub
 .text.nrf_atomic_flag_set
                0x0000000000027ce8       0x1c _build/nrf52832_xxaa/nrf_atomic.c.o
                0x0000000000027ce8                nrf_atomic_flag_set
 .text.nrf_atomic_flag_clear_fetch
                0x0000000000027d04       0x1c _build/nrf52832_xxaa/nrf_atomic.c.o
                0x0000000000027d04                nrf_atomic_flag_clear_fetch
 .text.nrf_balloc_init
                0x0000000000027d20       0x38 _build/nrf52832_xxaa/nrf_balloc.c.o
                0x0000000000027d20                nrf_balloc_init
 .text.nrf_balloc_alloc
                0x0000000000027d58       0x50 _build/nrf52832_xxaa/nrf_balloc.c.o
                0x0000000000027d58                nrf_balloc_alloc
 .text.nrf_balloc_free
                0x0000000000027da8       0x38 _build/nrf52832_xxaa/nrf_balloc.c.o
                0x0000000000027da8                nrf_balloc_free
 .text.nrf_fprintf_buffer_flush
                0x0000000000027de0       0x18 _build/nrf52832_xxaa/nrf_fprintf.c.o
                0x0000000000027de0                nrf_fprintf_buffer_flush
 .text.nrf_fprintf
                0x0000000000027df8       0x20 _build/nrf52832_xxaa/nrf_fprintf.c.o
                0x0000000000027df8                nrf_fprintf
 .text.unsigned_print
                0x0000000000027e18      0x13c _build/nrf52832_xxaa/nrf_fprintf_format.c.o
 .text.nrf_fprintf_fmt
                0x0000000000027f54      0x580 _build/nrf52832_xxaa/nrf_fprintf_format.c.o
                0x0000000000027f54                nrf_fprintf_fmt
 .text.nrf_memobj_pool_init
                0x00000000000284d4        0x4 _build/nrf52832_xxaa/nrf_memobj.c.o
                0x00000000000284d4                nrf_memobj_pool_init
 .text.nrf_memobj_alloc
                0x00000000000284d8       0x8c _build/nrf52832_xxaa/nrf_memobj.c.o
                0x00000000000284d8                nrf_memobj_alloc
 .text.nrf_memobj_get
                0x0000000000028564        0x8 _build/nrf52832_xxaa/nrf_memobj.c.o
                0x0000000000028564                nrf_memobj_get
 .text.nrf_memobj_put
                0x000000000002856c       0x40 _build/nrf52832_xxaa/nrf_memobj.c.o
                0x000000000002856c                nrf_memobj_put
 .text.nrf_memobj_write
                0x00000000000285ac       0x68 _build/nrf52832_xxaa/nrf_memobj.c.o
                0x00000000000285ac                nrf_memobj_write
 .text.nrf_memobj_read
                0x0000000000028614       0x70 _build/nrf52832_xxaa/nrf_memobj.c.o
                0x0000000000028614                nrf_memobj_read
 .text.sd_app_evt_wait
                0x0000000000028684        0x4 _build/nrf52832_xxaa/nrf_pwr_mgmt.c.o
 .text.nrf_pwr_mgmt_init
                0x0000000000028688       0x2c _build/nrf52832_xxaa/nrf_pwr_mgmt.c.o
                0x0000000000028688                nrf_pwr_mgmt_init
 .text.nrf_pwr_mgmt_run
                0x00000000000286b4       0x50 _build/nrf52832_xxaa/nrf_pwr_mgmt.c.o
                0x00000000000286b4                nrf_pwr_mgmt_run
 .text.nrf_ringbuf_init
                0x0000000000028704       0x1c _build/nrf52832_xxaa/nrf_ringbuf.c.o
                0x0000000000028704                nrf_ringbuf_init
 .text.nrf_section_iter_init
                0x0000000000028720       0x14 _build/nrf52832_xxaa/nrf_section_iter.c.o
                0x0000000000028720                nrf_section_iter_init
 .text.nrf_section_iter_next
                0x0000000000028734       0x18 _build/nrf52832_xxaa/nrf_section_iter.c.o
                0x0000000000028734                nrf_section_iter_next
 .text.nrf_strerror_get
                0x000000000002874c       0x6c _build/nrf52832_xxaa/nrf_strerror.c.o
                0x000000000002874c                nrf_strerror_get
 .text._write   0x00000000000287b8       0x1c _build/nrf52832_xxaa/retarget.c.o
                0x00000000000287b8                _write
 .text._read    0x00000000000287d4       0x14 _build/nrf52832_xxaa/retarget.c.o
                0x00000000000287d4                _read
 .text.SystemInit
                0x00000000000287e8      0x3cc _build/nrf52832_xxaa/system_nrf52.c.o
                0x00000000000287e8                SystemInit
 .text.bsp_board_led_state_get
                0x0000000000028bb4       0x20 _build/nrf52832_xxaa/boards.c.o
                0x0000000000028bb4                bsp_board_led_state_get
 .text.bsp_board_led_on
                0x0000000000028bd4       0x18 _build/nrf52832_xxaa/boards.c.o
                0x0000000000028bd4                bsp_board_led_on
 .text.bsp_board_led_off
                0x0000000000028bec       0x18 _build/nrf52832_xxaa/boards.c.o
                0x0000000000028bec                bsp_board_led_off
 .text.bsp_board_leds_off
                0x0000000000028c04       0x2c _build/nrf52832_xxaa/boards.c.o
                0x0000000000028c04                bsp_board_leds_off
 .text.bsp_board_leds_on
                0x0000000000028c30       0x2c _build/nrf52832_xxaa/boards.c.o
                0x0000000000028c30                bsp_board_leds_on
 .text.bsp_board_led_invert
                0x0000000000028c5c       0x28 _build/nrf52832_xxaa/boards.c.o
                0x0000000000028c5c                bsp_board_led_invert
 .text.bsp_board_button_state_get
                0x0000000000028c84       0x20 _build/nrf52832_xxaa/boards.c.o
                0x0000000000028c84                bsp_board_button_state_get
 .text.bsp_board_pin_to_button_idx
                0x0000000000028ca4       0x24 _build/nrf52832_xxaa/boards.c.o
                0x0000000000028ca4                bsp_board_pin_to_button_idx
 .text.bsp_board_button_idx_to_pin
                0x0000000000028cc8        0xc _build/nrf52832_xxaa/boards.c.o
                0x0000000000028cc8                bsp_board_button_idx_to_pin
 .text.bsp_board_init
                0x0000000000028cd4       0x5c _build/nrf52832_xxaa/boards.c.o
                0x0000000000028cd4                bsp_board_init
 .text.clock_irq_handler
                0x0000000000028d30       0x40 _build/nrf52832_xxaa/nrf_drv_clock.c.o
 .text.soc_evt_handler
                0x0000000000028d70       0x24 _build/nrf52832_xxaa/nrf_drv_clock.c.o
 .text.sd_state_evt_handler
                0x0000000000028d94       0x9c _build/nrf52832_xxaa/nrf_drv_clock.c.o
 .text.uarte_evt_handler
                0x0000000000028e30       0x34 _build/nrf52832_xxaa/nrf_drv_uart.c.o
 .text.uart_evt_handler
                0x0000000000028e64       0x34 _build/nrf52832_xxaa/nrf_drv_uart.c.o
 .text.nrf_drv_uart_init
                0x0000000000028e98       0x80 _build/nrf52832_xxaa/nrf_drv_uart.c.o
                0x0000000000028e98                nrf_drv_uart_init
 .text.nrfx_clock_init
                0x0000000000028f18       0x1c _build/nrf52832_xxaa/nrfx_clock.c.o
                0x0000000000028f18                nrfx_clock_init
 .text.nrfx_clock_enable
                0x0000000000028f34       0x24 _build/nrf52832_xxaa/nrfx_clock.c.o
                0x0000000000028f34                nrfx_clock_enable
 .text.nrfx_clock_lfclk_stop
                0x0000000000028f58       0x18 _build/nrf52832_xxaa/nrfx_clock.c.o
                0x0000000000028f58                nrfx_clock_lfclk_stop
 .text.POWER_CLOCK_IRQHandler
                0x0000000000028f70       0x60 _build/nrf52832_xxaa/nrfx_clock.c.o
                0x0000000000028f70                POWER_CLOCK_IRQHandler
 .text.nrfx_gpiote_init
                0x0000000000028fd0       0x98 _build/nrf52832_xxaa/nrfx_gpiote.c.o
                0x0000000000028fd0                nrfx_gpiote_init
 .text.nrfx_gpiote_is_init
                0x0000000000029068       0x14 _build/nrf52832_xxaa/nrfx_gpiote.c.o
                0x0000000000029068                nrfx_gpiote_is_init
 .text.nrfx_gpiote_in_init
                0x000000000002907c      0x1b4 _build/nrf52832_xxaa/nrfx_gpiote.c.o
                0x000000000002907c                nrfx_gpiote_in_init
 .text.nrfx_gpiote_in_event_enable
                0x0000000000029230       0xc4 _build/nrf52832_xxaa/nrfx_gpiote.c.o
                0x0000000000029230                nrfx_gpiote_in_event_enable
 .text.nrfx_gpiote_in_is_set
                0x00000000000292f4       0x14 _build/nrf52832_xxaa/nrfx_gpiote.c.o
                0x00000000000292f4                nrfx_gpiote_in_is_set
 .text.GPIOTE_IRQHandler
                0x0000000000029308      0x4f4 _build/nrf52832_xxaa/nrfx_gpiote.c.o
                0x0000000000029308                GPIOTE_IRQHandler
 .text.UARTE0_UART0_IRQHandler
                0x00000000000297fc        0xc _build/nrf52832_xxaa/nrfx_prs.c.o
                0x00000000000297fc                UARTE0_UART0_IRQHandler
 .text.nrfx_prs_acquire
                0x0000000000029808       0x4c _build/nrf52832_xxaa/nrfx_prs.c.o
                0x0000000000029808                nrfx_prs_acquire
 .text.nrfx_uart_0_irq_handler
                0x0000000000029854      0x1c8 _build/nrf52832_xxaa/nrfx_uart.c.o
                0x0000000000029854                nrfx_uart_0_irq_handler
 .text.nrfx_uart_init
                0x0000000000029a1c      0x18c _build/nrf52832_xxaa/nrfx_uart.c.o
                0x0000000000029a1c                nrfx_uart_init
 .text.nrfx_uart_tx
                0x0000000000029ba8       0xc8 _build/nrf52832_xxaa/nrfx_uart.c.o
                0x0000000000029ba8                nrfx_uart_tx
 .text.nrfx_uart_tx_in_progress
                0x0000000000029c70       0x18 _build/nrf52832_xxaa/nrfx_uart.c.o
                0x0000000000029c70                nrfx_uart_tx_in_progress
 .text.nrfx_uart_rx
                0x0000000000029c88      0x154 _build/nrf52832_xxaa/nrfx_uart.c.o
                0x0000000000029c88                nrfx_uart_rx
 .text.nrfx_uarte_0_irq_handler
                0x0000000000029ddc      0x12c _build/nrf52832_xxaa/nrfx_uarte.c.o
                0x0000000000029ddc                nrfx_uarte_0_irq_handler
 .text.nrfx_uarte_init
                0x0000000000029f08      0x1cc _build/nrf52832_xxaa/nrfx_uarte.c.o
                0x0000000000029f08                nrfx_uarte_init
 .text.nrfx_uarte_tx
                0x000000000002a0d4       0x98 _build/nrf52832_xxaa/nrfx_uarte.c.o
                0x000000000002a0d4                nrfx_uarte_tx
 .text.nrfx_uarte_tx_in_progress
                0x000000000002a16c       0x1c _build/nrf52832_xxaa/nrfx_uarte.c.o
                0x000000000002a16c                nrfx_uarte_tx_in_progress
 .text.nrfx_uarte_rx
                0x000000000002a188      0x12c _build/nrf52832_xxaa/nrfx_uarte.c.o
                0x000000000002a188                nrfx_uarte_rx
 .text.alert_timer_handler
                0x000000000002a2b4        0x8 _build/nrf52832_xxaa/bsp.c.o
 .text.bsp_button_event_handler
                0x000000000002a2bc       0xa4 _build/nrf52832_xxaa/bsp.c.o
 .text.button_timer_handler
                0x000000000002a360       0x30 _build/nrf52832_xxaa/bsp.c.o
 .text.leds_timer_handler
                0x000000000002a390      0x2ec _build/nrf52832_xxaa/bsp.c.o
 .text.bsp_button_is_pressed
                0x000000000002a67c        0xc _build/nrf52832_xxaa/bsp.c.o
                0x000000000002a67c                bsp_button_is_pressed
 .text.bsp_indication_set
                0x000000000002a688      0x334 _build/nrf52832_xxaa/bsp.c.o
                0x000000000002a688                bsp_indication_set
 .text.bsp_init
                0x000000000002a9bc       0xc0 _build/nrf52832_xxaa/bsp.c.o
                0x000000000002a9bc                bsp_init
 .text.bsp_event_to_button_action_assign
                0x000000000002aa7c       0x50 _build/nrf52832_xxaa/bsp.c.o
                0x000000000002aa7c                bsp_event_to_button_action_assign
 .text.bsp_wakeup_button_enable
                0x000000000002aacc       0x30 _build/nrf52832_xxaa/bsp.c.o
                0x000000000002aacc                bsp_wakeup_button_enable
 .text.ble_evt_handler
                0x000000000002aafc       0xb0 _build/nrf52832_xxaa/bsp_btn_ble.c.o
 .text.bsp_btn_ble_sleep_mode_prepare
                0x000000000002abac       0x24 _build/nrf52832_xxaa/bsp_btn_ble.c.o
                0x000000000002abac                bsp_btn_ble_sleep_mode_prepare
 .text.bsp_btn_ble_init
                0x000000000002abd0       0x70 _build/nrf52832_xxaa/bsp_btn_ble.c.o
                0x000000000002abd0                bsp_btn_ble_init
 .text.sd_ble_gap_disconnect
                0x000000000002ac40        0x4 _build/nrf52832_xxaa/main.c.o
 .text.sd_ble_gap_ppcp_set
                0x000000000002ac44        0x4 _build/nrf52832_xxaa/main.c.o
 .text.sd_ble_gap_device_name_set
                0x000000000002ac48        0x4 _build/nrf52832_xxaa/main.c.o
 .text.sd_ble_gap_sec_params_reply
                0x000000000002ac4c        0x4 _build/nrf52832_xxaa/main.c.o
 .text.sd_ble_gap_phy_update
                0x000000000002ac50        0x4 _build/nrf52832_xxaa/main.c.o
 .text.sd_ble_gatts_sys_attr_set
                0x000000000002ac54        0x4 _build/nrf52832_xxaa/main.c.o
 .text.sd_power_system_off
                0x000000000002ac58        0x4 _build/nrf52832_xxaa/main.c.o
 .text.conn_params_error_handler
                0x000000000002ac5c        0x4 _build/nrf52832_xxaa/main.c.o
 .text.ble_evt_handler
                0x000000000002ac60      0x11c _build/nrf52832_xxaa/main.c.o
 .text.gatt_evt_handler
                0x000000000002ad7c       0x50 _build/nrf52832_xxaa/main.c.o
                0x000000000002ad7c                gatt_evt_handler
 .text.on_conn_params_evt
                0x000000000002adcc       0x24 _build/nrf52832_xxaa/main.c.o
 .text.bsp_event_handler
                0x000000000002adf0       0x70 _build/nrf52832_xxaa/main.c.o
                0x000000000002adf0                bsp_event_handler
 .text.uart_event_handle
                0x000000000002ae60       0x90 _build/nrf52832_xxaa/main.c.o
                0x000000000002ae60                uart_event_handle
 .text.nus_data_handler
                0x000000000002aef0       0x98 _build/nrf52832_xxaa/main.c.o
 .text.nrf_qwr_error_handler
                0x000000000002af88        0x4 _build/nrf52832_xxaa/main.c.o
 .text.on_adv_evt
                0x000000000002af8c       0x3c _build/nrf52832_xxaa/main.c.o
 .text.gatt_init
                0x000000000002afc8       0x30 _build/nrf52832_xxaa/main.c.o
                0x000000000002afc8                gatt_init
 .text.startup.main
                0x000000000002aff8      0x23c _build/nrf52832_xxaa/main.c.o
                0x000000000002aff8                main
 .text.SEGGER_RTT_WriteNoLock
                0x000000000002b234      0x188 _build/nrf52832_xxaa/SEGGER_RTT.c.o
                0x000000000002b234                SEGGER_RTT_WriteNoLock
 .text.SEGGER_RTT_Init
                0x000000000002b3bc       0x60 _build/nrf52832_xxaa/SEGGER_RTT.c.o
                0x000000000002b3bc                SEGGER_RTT_Init
 .text.sd_ble_gap_addr_get
                0x000000000002b41c        0x4 _build/nrf52832_xxaa/ble_advdata.c.o
 .text.sd_ble_gap_appearance_get
                0x000000000002b420        0x4 _build/nrf52832_xxaa/ble_advdata.c.o
 .text.sd_ble_gap_device_name_get
                0x000000000002b424        0x4 _build/nrf52832_xxaa/ble_advdata.c.o
 .text.sd_ble_uuid_encode
                0x000000000002b428        0x4 _build/nrf52832_xxaa/ble_advdata.c.o
 .text.uuid_list_sized_encode
                0x000000000002b42c       0xb8 _build/nrf52832_xxaa/ble_advdata.c.o
 .text.ble_advdata_encode
                0x000000000002b4e4      0x40c _build/nrf52832_xxaa/ble_advdata.c.o
                0x000000000002b4e4                ble_advdata_encode
 .text.ble_advdata_parse
                0x000000000002b8f0       0x4c _build/nrf52832_xxaa/ble_advdata.c.o
                0x000000000002b8f0                ble_advdata_parse
 .text.sd_ble_gap_adv_set_configure
                0x000000000002b93c        0x4 _build/nrf52832_xxaa/ble_advertising.c.o
 .text.sd_ble_gap_adv_start
                0x000000000002b940        0x4 _build/nrf52832_xxaa/ble_advertising.c.o
 .text.sd_ble_gap_adv_stop
                0x000000000002b944        0x4 _build/nrf52832_xxaa/ble_advertising.c.o
 .text.ble_advertising_start.part.3
                0x000000000002b948      0x300 _build/nrf52832_xxaa/ble_advertising.c.o
 .text.ble_advertising_conn_cfg_tag_set
                0x000000000002bc48        0x8 _build/nrf52832_xxaa/ble_advertising.c.o
                0x000000000002bc48                ble_advertising_conn_cfg_tag_set
 .text.ble_advertising_init
                0x000000000002bc50      0x108 _build/nrf52832_xxaa/ble_advertising.c.o
                0x000000000002bc50                ble_advertising_init
 .text.ble_advertising_start
                0x000000000002bd58      0x308 _build/nrf52832_xxaa/ble_advertising.c.o
                0x000000000002bd58                ble_advertising_start
 .text.ble_advertising_on_ble_evt
                0x000000000002c060       0x90 _build/nrf52832_xxaa/ble_advertising.c.o
                0x000000000002c060                ble_advertising_on_ble_evt
 .text.ble_advertising_on_sys_evt
                0x000000000002c0f0        0x4 _build/nrf52832_xxaa/ble_advertising.c.o
                0x000000000002c0f0                ble_advertising_on_sys_evt
 .text.ble_advertising_restart_without_whitelist
                0x000000000002c0f4       0x64 _build/nrf52832_xxaa/ble_advertising.c.o
                0x000000000002c0f4                ble_advertising_restart_without_whitelist
 .text.sd_ble_gap_conn_param_update
                0x000000000002c158        0x4 _build/nrf52832_xxaa/ble_conn_params.c.o
 .text.sd_ble_gap_disconnect
                0x000000000002c15c        0x4 _build/nrf52832_xxaa/ble_conn_params.c.o
 .text.sd_ble_gap_ppcp_set
                0x000000000002c160        0x4 _build/nrf52832_xxaa/ble_conn_params.c.o
 .text.sd_ble_gap_ppcp_get
                0x000000000002c164        0x4 _build/nrf52832_xxaa/ble_conn_params.c.o
 .text.update_timeout_handler
                0x000000000002c168       0x80 _build/nrf52832_xxaa/ble_conn_params.c.o
 .text.ble_evt_handler
                0x000000000002c1e8      0x1f4 _build/nrf52832_xxaa/ble_conn_params.c.o
 .text.ble_conn_params_init
                0x000000000002c3dc       0x7c _build/nrf52832_xxaa/ble_conn_params.c.o
                0x000000000002c3dc                ble_conn_params_init
 .text.ble_evt_handler
                0x000000000002c458      0x134 _build/nrf52832_xxaa/ble_conn_state.c.o
 .text.ble_conn_state_conn_idx
                0x000000000002c58c       0x24 _build/nrf52832_xxaa/ble_conn_state.c.o
                0x000000000002c58c                ble_conn_state_conn_idx
 .text.blcm_link_ctx_get
                0x000000000002c5b0       0x4c _build/nrf52832_xxaa/ble_link_ctx_manager.c.o
                0x000000000002c5b0                blcm_link_ctx_get
 .text.sd_ble_gatts_characteristic_add
                0x000000000002c5fc        0x4 _build/nrf52832_xxaa/ble_srv_common.c.o
 .text.ble_srv_is_notification_enabled
                0x000000000002c600        0x8 _build/nrf52832_xxaa/ble_srv_common.c.o
                0x000000000002c600                ble_srv_is_notification_enabled
 .text.characteristic_add
                0x000000000002c608      0x3fc _build/nrf52832_xxaa/ble_srv_common.c.o
                0x000000000002c608                characteristic_add
 .text.sd_ble_gap_data_length_update
                0x000000000002ca04        0x4 _build/nrf52832_xxaa/nrf_ble_gatt.c.o
 .text.sd_ble_gattc_exchange_mtu_request
                0x000000000002ca08        0x4 _build/nrf52832_xxaa/nrf_ble_gatt.c.o
 .text.sd_ble_gatts_exchange_mtu_reply
                0x000000000002ca0c        0x4 _build/nrf52832_xxaa/nrf_ble_gatt.c.o
 .text.nrf_ble_gatt_init
                0x000000000002ca10       0x2c _build/nrf52832_xxaa/nrf_ble_gatt.c.o
                0x000000000002ca10                nrf_ble_gatt_init
 .text.nrf_ble_gatt_att_mtu_periph_set
                0x000000000002ca3c       0x18 _build/nrf52832_xxaa/nrf_ble_gatt.c.o
                0x000000000002ca3c                nrf_ble_gatt_att_mtu_periph_set
 .text.nrf_ble_gatt_on_ble_evt
                0x000000000002ca54      0x26c _build/nrf52832_xxaa/nrf_ble_gatt.c.o
                0x000000000002ca54                nrf_ble_gatt_on_ble_evt
 .text.sd_ble_gatts_rw_authorize_reply
                0x000000000002ccc0        0x4 _build/nrf52832_xxaa/nrf_ble_qwr.c.o
 .text.sd_ble_user_mem_reply
                0x000000000002ccc4        0x4 _build/nrf52832_xxaa/nrf_ble_qwr.c.o
 .text.nrf_ble_qwr_init
                0x000000000002ccc8       0x24 _build/nrf52832_xxaa/nrf_ble_qwr.c.o
                0x000000000002ccc8                nrf_ble_qwr_init
 .text.nrf_ble_qwr_conn_handle_assign
                0x000000000002ccec       0x18 _build/nrf52832_xxaa/nrf_ble_qwr.c.o
                0x000000000002ccec                nrf_ble_qwr_conn_handle_assign
 .text.nrf_ble_qwr_on_ble_evt
                0x000000000002cd04       0xd8 _build/nrf52832_xxaa/nrf_ble_qwr.c.o
                0x000000000002cd04                nrf_ble_qwr_on_ble_evt
 .text.sd_ble_gatts_service_add
                0x000000000002cddc        0x4 _build/nrf52832_xxaa/ble_nus.c.o
 .text.sd_ble_gatts_value_get
                0x000000000002cde0        0x4 _build/nrf52832_xxaa/ble_nus.c.o
 .text.sd_ble_gatts_hvx
                0x000000000002cde4        0x4 _build/nrf52832_xxaa/ble_nus.c.o
 .text.sd_ble_uuid_vs_add
                0x000000000002cde8        0x4 _build/nrf52832_xxaa/ble_nus.c.o
 .text.ble_nus_on_ble_evt
                0x000000000002cdec      0x14c _build/nrf52832_xxaa/ble_nus.c.o
                0x000000000002cdec                ble_nus_on_ble_evt
 .text.ble_nus_init
                0x000000000002cf38       0xe4 _build/nrf52832_xxaa/ble_nus.c.o
                0x000000000002cf38                ble_nus_init
 .text.ble_nus_data_send
                0x000000000002d01c       0x68 _build/nrf52832_xxaa/ble_nus.c.o
                0x000000000002d01c                ble_nus_data_send
 .text.sd_softdevice_enable
                0x000000000002d084        0x4 _build/nrf52832_xxaa/nrf_sdh.c.o
 .text.nrf_sdh_enable_request
                0x000000000002d088      0x10c _build/nrf52832_xxaa/nrf_sdh.c.o
                0x000000000002d088                nrf_sdh_enable_request
 .text.nrf_sdh_is_enabled
                0x000000000002d194        0xc _build/nrf52832_xxaa/nrf_sdh.c.o
                0x000000000002d194                nrf_sdh_is_enabled
 .text.SWI2_EGU2_IRQHandler
                0x000000000002d1a0       0x2c _build/nrf52832_xxaa/nrf_sdh.c.o
                0x000000000002d1a0                SWI2_EGU2_IRQHandler
 .text.sd_ble_enable
                0x000000000002d1cc        0x4 _build/nrf52832_xxaa/nrf_sdh_ble.c.o
 .text.sd_ble_cfg_set
                0x000000000002d1d0        0x4 _build/nrf52832_xxaa/nrf_sdh_ble.c.o
 .text.sd_ble_evt_get
                0x000000000002d1d4        0x4 _build/nrf52832_xxaa/nrf_sdh_ble.c.o
 .text.nrf_sdh_ble_evts_poll.part.1
                0x000000000002d1d8       0x50 _build/nrf52832_xxaa/nrf_sdh_ble.c.o
 .text.nrf_sdh_ble_evts_poll
                0x000000000002d228       0x10 _build/nrf52832_xxaa/nrf_sdh_ble.c.o
 .text.nrf_sdh_ble_default_cfg_set
                0x000000000002d238      0x1bc _build/nrf52832_xxaa/nrf_sdh_ble.c.o
                0x000000000002d238                nrf_sdh_ble_default_cfg_set
 .text.nrf_sdh_ble_enable
                0x000000000002d3f4       0x9c _build/nrf52832_xxaa/nrf_sdh_ble.c.o
                0x000000000002d3f4                nrf_sdh_ble_enable
 .text.sd_evt_get
                0x000000000002d490        0x4 _build/nrf52832_xxaa/nrf_sdh_soc.c.o
 .text.nrf_sdh_soc_evts_poll
                0x000000000002d494       0x4c _build/nrf52832_xxaa/nrf_sdh_soc.c.o
 .text          0x000000000002d4e0        0xc /usr/lib/gcc/arm-none-eabi/5.4.1/../../../arm-none-eabi/lib/armv7e-m/fpu/libc_nano.a(lib_a-atexit.o)
                0x000000000002d4e0                atexit
 .text          0x000000000002d4ec       0x28 /usr/lib/gcc/arm-none-eabi/5.4.1/../../../arm-none-eabi/lib/armv7e-m/fpu/libc_nano.a(lib_a-exit.o)
                0x000000000002d4ec                exit
 .text          0x000000000002d514       0x28 /usr/lib/gcc/arm-none-eabi/5.4.1/../../../arm-none-eabi/lib/armv7e-m/fpu/libc_nano.a(lib_a-fini.o)
                0x000000000002d514                __libc_fini_array
 .text          0x000000000002d53c       0x50 /usr/lib/gcc/arm-none-eabi/5.4.1/../../../arm-none-eabi/lib/armv7e-m/fpu/libc_nano.a(lib_a-init.o)
                0x000000000002d53c                __libc_init_array
 .text          0x000000000002d58c      0x134 /usr/lib/gcc/arm-none-eabi/5.4.1/../../../arm-none-eabi/lib/armv7e-m/fpu/libc_nano.a(lib_a-memcpy.o)
                0x000000000002d58c                memcpy
 .text          0x000000000002d6c0       0x9c /usr/lib/gcc/arm-none-eabi/5.4.1/../../../arm-none-eabi/lib/armv7e-m/fpu/libc_nano.a(lib_a-memset.o)
                0x000000000002d6c0                memset
 .text          0x000000000002d75c       0x60 /usr/lib/gcc/arm-none-eabi/5.4.1/../../../arm-none-eabi/lib/armv7e-m/fpu/libc_nano.a(lib_a-printf.o)
                0x000000000002d75c                _printf_r
                0x000000000002d75c                _iprintf_r
                0x000000000002d788                printf
                0x000000000002d788                iprintf
 .text          0x000000000002d7bc       0xbc /usr/lib/gcc/arm-none-eabi/5.4.1/../../../arm-none-eabi/lib/armv7e-m/fpu/libc_nano.a(lib_a-strcpy.o)
                0x000000000002d7bc                strcpy
 *fill*         0x000000000002d878        0x8 
 .text          0x000000000002d880       0xdc /usr/lib/gcc/arm-none-eabi/5.4.1/../../../arm-none-eabi/lib/armv7e-m/fpu/libc_nano.a(lib_a-strlen.o)
                0x000000000002d880                strlen
 .text          0x000000000002d95c       0xd0 /usr/lib/gcc/arm-none-eabi/5.4.1/../../../arm-none-eabi/lib/armv7e-m/fpu/libc_nano.a(lib_a-__atexit.o)
                0x000000000002d95c                __register_exitproc
 .text          0x000000000002da2c       0xf8 /usr/lib/gcc/arm-none-eabi/5.4.1/../../../arm-none-eabi/lib/armv7e-m/fpu/libc_nano.a(lib_a-__call_atexit.o)
                0x000000000002da2c                __call_exitprocs
 .text          0x000000000002db24      0x22c /usr/lib/gcc/arm-none-eabi/5.4.1/../../../arm-none-eabi/lib/armv7e-m/fpu/libc_nano.a(lib_a-findfp.o)
                0x000000000002db28                _cleanup_r
                0x000000000002db38                __sfmoreglue
                0x000000000002db68                __sfp
                0x000000000002dcfc                _cleanup
                0x000000000002dd10                __sinit
                0x000000000002dd18                __sfp_lock_acquire
                0x000000000002dd1c                __sfp_lock_release
                0x000000000002dd20                __sinit_lock_acquire
                0x000000000002dd24                __sinit_lock_release
                0x000000000002dd28                __fp_lock_all
                0x000000000002dd3c                __fp_unlock_all
 .text          0x000000000002dd50       0xa0 /usr/lib/gcc/arm-none-eabi/5.4.1/../../../arm-none-eabi/lib/armv7e-m/fpu/libc_nano.a(lib_a-fwalk.o)
                0x000000000002dd50                _fwalk
                0x000000000002dd9c                _fwalk_reent
 .text          0x000000000002ddf0       0xbc /usr/lib/gcc/arm-none-eabi/5.4.1/../../../arm-none-eabi/lib/armv7e-m/fpu/libc_nano.a(lib_a-nano-mallocr.o)
                0x000000000002ddf0                _malloc_r
 .text          0x000000000002deac      0x2fc /usr/lib/gcc/arm-none-eabi/5.4.1/../../../arm-none-eabi/lib/armv7e-m/fpu/libc_nano.a(lib_a-nano-vfprintf.o)
                0x000000000002dee0                __sfputs_r
                0x000000000002df0c                __sprint_r
                0x000000000002df28                _vfiprintf_r
                0x000000000002df28                _vfprintf_r
                0x000000000002e190                vfiprintf
                0x000000000002e190                vfprintf
 .text          0x000000000002e1a8      0x3d8 /usr/lib/gcc/arm-none-eabi/5.4.1/../../../arm-none-eabi/lib/armv7e-m/fpu/libc_nano.a(lib_a-nano-vfprintf_i.o)
                0x000000000002e1a8                _printf_common
                0x000000000002e2d8                _printf_i
 .text          0x000000000002e580       0x24 /usr/lib/gcc/arm-none-eabi/5.4.1/../../../arm-none-eabi/lib/armv7e-m/fpu/libc_nano.a(lib_a-sbrkr.o)
                0x000000000002e580                _sbrk_r
 .text          0x000000000002e5a4       0x8c /usr/lib/gcc/arm-none-eabi/5.4.1/../../../arm-none-eabi/lib/armv7e-m/fpu/libc_nano.a(lib_a-stdio.o)
                0x000000000002e5a4                __sread
                0x000000000002e5c8                __seofread
                0x000000000002e5cc                __swrite
                0x000000000002e608                __sseek
                0x000000000002e628                __sclose
 .text          0x000000000002e630       0xc4 /usr/lib/gcc/arm-none-eabi/5.4.1/../../../arm-none-eabi/lib/armv7e-m/fpu/libc_nano.a(lib_a-wbuf.o)
                0x000000000002e630                __swbuf_r
                0x000000000002e6e4                __swbuf
 .text          0x000000000002e6f4       0x2c /usr/lib/gcc/arm-none-eabi/5.4.1/../../../arm-none-eabi/lib/armv7e-m/fpu/libc_nano.a(lib_a-writer.o)
                0x000000000002e6f4                _write_r
 .text          0x000000000002e720       0xf4 /usr/lib/gcc/arm-none-eabi/5.4.1/../../../arm-none-eabi/lib/armv7e-m/fpu/libc_nano.a(lib_a-wsetup.o)
                0x000000000002e720                __swsetup_r
 .text          0x000000000002e814       0x24 /usr/lib/gcc/arm-none-eabi/5.4.1/../../../arm-none-eabi/lib/armv7e-m/fpu/libc_nano.a(lib_a-closer.o)
                0x000000000002e814                _close_r
 .text          0x000000000002e838      0x1b8 /usr/lib/gcc/arm-none-eabi/5.4.1/../../../arm-none-eabi/lib/armv7e-m/fpu/libc_nano.a(lib_a-fflush.o)
                0x000000000002e838                __sflush_r
                0x000000000002e968                _fflush_r
                0x000000000002e9cc                fflush
 .text          0x000000000002e9f0      0x304 /usr/lib/gcc/arm-none-eabi/5.4.1/../../../arm-none-eabi/lib/armv7e-m/fpu/libc_nano.a(lib_a-fvwrite.o)
                0x000000000002e9f0                __sfvwrite_r
 .text          0x000000000002ecf4       0x2c /usr/lib/gcc/arm-none-eabi/5.4.1/../../../arm-none-eabi/lib/armv7e-m/fpu/libc_nano.a(lib_a-lseekr.o)
                0x000000000002ecf4                _lseek_r
 .text          0x000000000002ed20       0xe4 /usr/lib/gcc/arm-none-eabi/5.4.1/../../../arm-none-eabi/lib/armv7e-m/fpu/libc_nano.a(lib_a-makebuf.o)
                0x000000000002ed20                __swhatbuf_r
                0x000000000002ed7c                __smakebuf_r
 *fill*         0x000000000002ee04        0xc 
 .text          0x000000000002ee10       0xa0 /usr/lib/gcc/arm-none-eabi/5.4.1/../../../arm-none-eabi/lib/armv7e-m/fpu/libc_nano.a(lib_a-memchr.o)
                0x000000000002ee10                memchr
 .text          0x000000000002eeb0       0xc8 /usr/lib/gcc/arm-none-eabi/5.4.1/../../../arm-none-eabi/lib/armv7e-m/fpu/libc_nano.a(lib_a-memmove.o)
                0x000000000002eeb0                memmove
 .text          0x000000000002ef78       0x8c /usr/lib/gcc/arm-none-eabi/5.4.1/../../../arm-none-eabi/lib/armv7e-m/fpu/libc_nano.a(lib_a-nano-freer.o)
                0x000000000002ef78                _free_r
 .text          0x000000000002f004       0x48 /usr/lib/gcc/arm-none-eabi/5.4.1/../../../arm-none-eabi/lib/armv7e-m/fpu/libc_nano.a(lib_a-nano-reallocr.o)
                0x000000000002f004                _realloc_r
 .text          0x000000000002f04c       0x2c /usr/lib/gcc/arm-none-eabi/5.4.1/../../../arm-none-eabi/lib/armv7e-m/fpu/libc_nano.a(lib_a-readr.o)
                0x000000000002f04c                _read_r
 .text          0x000000000002f078       0x28 /usr/lib/gcc/arm-none-eabi/5.4.1/../../../arm-none-eabi/lib/armv7e-m/fpu/libc_nano.a(lib_a-fstatr.o)
                0x000000000002f078                _fstat_r
 .text          0x000000000002f0a0       0x24 /usr/lib/gcc/arm-none-eabi/5.4.1/../../../arm-none-eabi/lib/armv7e-m/fpu/libc_nano.a(lib_a-isattyr.o)
                0x000000000002f0a0                _isatty_r
 .text          0x000000000002f0c4       0x14 /usr/lib/gcc/arm-none-eabi/5.4.1/../../../arm-none-eabi/lib/armv7e-m/fpu/libc_nano.a(lib_a-nano-msizer.o)
                0x000000000002f0c4                _malloc_usable_size_r
 .text          0x000000000002f0d8       0x10 /usr/lib/gcc/arm-none-eabi/5.4.1/../../../arm-none-eabi/lib/armv7e-m/fpu/libnosys.a(close.o)
                0x000000000002f0d8                _close
 .text          0x000000000002f0e8       0x10 /usr/lib/gcc/arm-none-eabi/5.4.1/../../../arm-none-eabi/lib/armv7e-m/fpu/libnosys.a(fstat.o)
                0x000000000002f0e8                _fstat
 .text          0x000000000002f0f8       0x10 /usr/lib/gcc/arm-none-eabi/5.4.1/../../../arm-none-eabi/lib/armv7e-m/fpu/libnosys.a(isatty.o)
                0x000000000002f0f8                _isatty
 .text          0x000000000002f108       0x10 /usr/lib/gcc/arm-none-eabi/5.4.1/../../../arm-none-eabi/lib/armv7e-m/fpu/libnosys.a(lseek.o)
                0x000000000002f108                _lseek
 .text          0x000000000002f118       0x1c /usr/lib/gcc/arm-none-eabi/5.4.1/../../../arm-none-eabi/lib/armv7e-m/fpu/libnosys.a(sbrk.o)
                0x000000000002f118                _sbrk
 .text          0x000000000002f134        0x4 /usr/lib/gcc/arm-none-eabi/5.4.1/../../../arm-none-eabi/lib/armv7e-m/fpu/libnosys.a(_exit.o)
                0x000000000002f134                _exit
 .text          0x000000000002f138       0x30 /usr/lib/gcc/arm-none-eabi/5.4.1/armv7e-m/fpu/libgcc.a(_aeabi_uldivmod.o)
                0x000000000002f138                __aeabi_uldivmod
 .text          0x000000000002f168      0x2e4 /usr/lib/gcc/arm-none-eabi/5.4.1/armv7e-m/fpu/libgcc.a(_udivmoddi4.o)
                0x000000000002f168                __udivmoddi4
 .text          0x000000000002f44c        0x4 /usr/lib/gcc/arm-none-eabi/5.4.1/armv7e-m/fpu/libgcc.a(_dvmd_tls.o)
                0x000000000002f44c                __aeabi_ldiv0
                0x000000000002f44c                __aeabi_idiv0
 *(.init)
 .init          0x000000000002f450        0x4 /usr/lib/gcc/arm-none-eabi/5.4.1/armv7e-m/fpu/crti.o
                0x000000000002f450                _init
 .init          0x000000000002f454        0x8 /usr/lib/gcc/arm-none-eabi/5.4.1/armv7e-m/fpu/crtn.o
 *(.fini)
 .fini          0x000000000002f45c        0x4 /usr/lib/gcc/arm-none-eabi/5.4.1/armv7e-m/fpu/crti.o
                0x000000000002f45c                _fini
 .fini          0x000000000002f460        0x8 /usr/lib/gcc/arm-none-eabi/5.4.1/armv7e-m/fpu/crtn.o
 *crtbegin.o(.ctors)
 *crtbegin?.o(.ctors)
 *(EXCLUDE_FILE(*crtend.o *crtend?.o) .ctors)
 *(SORT(.ctors.*))
 *(.ctors)
 *crtbegin.o(.dtors)
 *crtbegin?.o(.dtors)
 *(EXCLUDE_FILE(*crtend.o *crtend?.o) .dtors)
 *(SORT(.dtors.*))
 *(.dtors)
 *(.rodata*)
 *fill*         0x000000000002f468        0x8 
 .rodata.delay_machine_code.7781
                0x000000000002f470        0x6 _build/nrf52832_xxaa/nrf_log_backend_rtt.c.o
 *fill*         0x000000000002f476        0x2 
 .rodata.nrf_log_backend_rtt_api
                0x000000000002f478        0xc _build/nrf52832_xxaa/nrf_log_backend_rtt.c.o
                0x000000000002f478                nrf_log_backend_rtt_api
 .rodata.str1.4
                0x000000000002f484       0x10 _build/nrf52832_xxaa/nrf_log_default_backends.c.o
 .rodata.str1.4
                0x000000000002f494       0x18 _build/nrf52832_xxaa/nrf_log_frontend.c.o
 .rodata.m_log_push_ringbuf
                0x000000000002f4ac        0xc _build/nrf52832_xxaa/nrf_log_frontend.c.o
 .rodata.severity_names
                0x000000000002f4b8       0x14 _build/nrf52832_xxaa/nrf_log_str_formatter.c.o
 .rodata.m_colors
                0x000000000002f4cc       0x24 _build/nrf52832_xxaa/nrf_log_str_formatter.c.o
 .rodata.str1.4
                0x000000000002f4f0       0xa6 _build/nrf52832_xxaa/nrf_log_str_formatter.c.o
                                         0xaa (size before relaxing)
 *fill*         0x000000000002f596        0x2 
 .rodata.m_detection_delay_timer_id
                0x000000000002f598        0x4 _build/nrf52832_xxaa/app_button.c.o
 .rodata.str1.4
                0x000000000002f59c       0x19 _build/nrf52832_xxaa/app_error_weak.c.o
 *fill*         0x000000000002f5b5        0xb 
 .rodata.delay_machine_code.7505
                0x000000000002f5c0        0x6 _build/nrf52832_xxaa/app_timer.c.o
 *fill*         0x000000000002f5c6        0x2 
 .rodata        0x000000000002f5c8       0x20 _build/nrf52832_xxaa/app_uart_fifo.c.o
 .rodata._aV2C.6211
                0x000000000002f5e8       0x10 _build/nrf52832_xxaa/nrf_fprintf_format.c.o
 .rodata.str1.4
                0x000000000002f5f8        0x9 _build/nrf52832_xxaa/nrf_pwr_mgmt.c.o
 *fill*         0x000000000002f601        0x3 
 .rodata.pwr_mgmt_data
                0x000000000002f604        0xc _build/nrf52832_xxaa/nrf_pwr_mgmt.c.o
 .rodata.str1.4
                0x000000000002f610      0x3e9 _build/nrf52832_xxaa/nrf_strerror.c.o
 *fill*         0x000000000002f9f9        0x3 
 .rodata.nrf_strerror_array
                0x000000000002f9fc      0x128 _build/nrf52832_xxaa/nrf_strerror.c.o
 .rodata.m_unknown_str
                0x000000000002fb24       0x13 _build/nrf52832_xxaa/nrf_strerror.c.o
 *fill*         0x000000000002fb37        0x1 
 .rodata.m_board_btn_list
                0x000000000002fb38        0x4 _build/nrf52832_xxaa/boards.c.o
 .rodata.m_board_led_list
                0x000000000002fb3c        0x4 _build/nrf52832_xxaa/boards.c.o
 .rodata.str1.4
                0x000000000002fb40        0x6 _build/nrf52832_xxaa/nrf_drv_clock.c.o
 *fill*         0x000000000002fb46        0x2 
 .rodata.str1.4
                0x000000000002fb48        0x6 _build/nrf52832_xxaa/nrfx_clock.c.o
 *fill*         0x000000000002fb4e        0x2 
 .rodata.str1.4
                0x000000000002fb50        0x7 _build/nrf52832_xxaa/nrfx_gpiote.c.o
 *fill*         0x000000000002fb57        0x1 
 .rodata.str1.4
                0x000000000002fb58        0x4 _build/nrf52832_xxaa/nrfx_prs.c.o
 .rodata.str1.4
                0x000000000002fb5c        0x5 _build/nrf52832_xxaa/nrfx_uart.c.o
 *fill*         0x000000000002fb61        0x3 
 .rodata.str1.4
                0x000000000002fb64        0x6 _build/nrf52832_xxaa/nrfx_uarte.c.o
 *fill*         0x000000000002fb6a        0x2 
 .rodata.m_bsp_alert_tmr
                0x000000000002fb6c        0x4 _build/nrf52832_xxaa/bsp.c.o
 .rodata.m_bsp_leds_tmr
                0x000000000002fb70        0x4 _build/nrf52832_xxaa/bsp.c.o
 .rodata.m_bsp_button_tmr
                0x000000000002fb74        0x4 _build/nrf52832_xxaa/bsp.c.o
 .rodata.app_buttons
                0x000000000002fb78       0x20 _build/nrf52832_xxaa/bsp.c.o
 .rodata        0x000000000002fb98       0x18 _build/nrf52832_xxaa/main.c.o
 .rodata.str1.4
                0x000000000002fbb0       0xad _build/nrf52832_xxaa/main.c.o
 *fill*         0x000000000002fc5d        0x3 
 .rodata.str1.4
                0x000000000002fc60       0x17 _build/nrf52832_xxaa/SEGGER_RTT.c.o
 *fill*         0x000000000002fc77        0x1 
 .rodata.str1.4
                0x000000000002fc78      0x155 _build/nrf52832_xxaa/nrf_ble_gatt.c.o
 *fill*         0x000000000002fdcd        0x3 
 .rodata        0x000000000002fdd0       0x10 _build/nrf52832_xxaa/ble_nus.c.o
 .rodata.str1.4
                0x000000000002fde0        0x8 _build/nrf52832_xxaa/ble_nus.c.o
 .rodata        0x000000000002fde8        0x4 _build/nrf52832_xxaa/nrf_sdh.c.o
 .rodata.sdh_req_observers
                0x000000000002fdec        0xc _build/nrf52832_xxaa/nrf_sdh.c.o
 .rodata.sdh_state_observers
                0x000000000002fdf8        0xc _build/nrf52832_xxaa/nrf_sdh.c.o
 .rodata.str1.4
                0x000000000002fe04        0x8 _build/nrf52832_xxaa/nrf_sdh.c.o
 .rodata.sdh_stack_observers
                0x000000000002fe0c        0xc _build/nrf52832_xxaa/nrf_sdh.c.o
 .rodata.sdh_ble_observers
                0x000000000002fe18        0xc _build/nrf52832_xxaa/nrf_sdh_ble.c.o
 .rodata.str1.4
                0x000000000002fe24      0x28c _build/nrf52832_xxaa/nrf_sdh_ble.c.o
 .rodata.sdh_soc_observers
                0x00000000000300b0        0xc _build/nrf52832_xxaa/nrf_sdh_soc.c.o
 .rodata.str1.4
                0x00000000000300bc        0xc _build/nrf52832_xxaa/nrf_sdh_soc.c.o
 .rodata        0x00000000000300c8      0x101 /usr/lib/gcc/arm-none-eabi/5.4.1/../../../arm-none-eabi/lib/armv7e-m/fpu/libc_nano.a(lib_a-ctype_.o)
                0x00000000000300c8                _ctype_
 *fill*         0x00000000000301c9        0x3 
 .rodata        0x00000000000301cc        0x4 /usr/lib/gcc/arm-none-eabi/5.4.1/../../../arm-none-eabi/lib/armv7e-m/fpu/libc_nano.a(lib_a-impure.o)
                0x00000000000301cc                _global_impure_ptr
 .rodata.str1.4
                0x00000000000301d0        0x2 /usr/lib/gcc/arm-none-eabi/5.4.1/../../../arm-none-eabi/lib/armv7e-m/fpu/libc_nano.a(lib_a-impure.o)
 *fill*         0x00000000000301d2        0x2 
 .rodata        0x00000000000301d4       0x60 /usr/lib/gcc/arm-none-eabi/5.4.1/../../../arm-none-eabi/lib/armv7e-m/fpu/libc_nano.a(lib_a-findfp.o)
                0x00000000000301d4                __sf_fake_stderr
                0x00000000000301f4                __sf_fake_stdout
                0x0000000000030214                __sf_fake_stdin
 .rodata.str1.4
                0x0000000000030234       0x13 /usr/lib/gcc/arm-none-eabi/5.4.1/../../../arm-none-eabi/lib/armv7e-m/fpu/libc_nano.a(lib_a-nano-vfprintf.o)
 *fill*         0x0000000000030247        0x1 
 .rodata.str1.4
                0x0000000000030248       0x28 /usr/lib/gcc/arm-none-eabi/5.4.1/../../../arm-none-eabi/lib/armv7e-m/fpu/libc_nano.a(lib_a-nano-vfprintf_i.o)
                                         0x25 (size before relaxing)
 *(.eh_frame*)
 .eh_frame      0x0000000000030270        0x0 /usr/lib/gcc/arm-none-eabi/5.4.1/armv7e-m/fpu/crtbegin.o
 .eh_frame      0x0000000000030270        0x4 /usr/lib/gcc/arm-none-eabi/5.4.1/armv7e-m/fpu/crtend.o

.glue_7         0x0000000000030274        0x0
 .glue_7        0x0000000000030274        0x0 linker stubs

.glue_7t        0x0000000000030274        0x0
 .glue_7t       0x0000000000030274        0x0 linker stubs

.vfp11_veneer   0x0000000000030274        0x0
 .vfp11_veneer  0x0000000000030274        0x0 linker stubs

.v4_bx          0x0000000000030274        0x0
 .v4_bx         0x0000000000030274        0x0 linker stubs

.iplt           0x0000000000030274        0x0
 .iplt          0x0000000000030274        0x0 /usr/lib/gcc/arm-none-eabi/5.4.1/armv7e-m/fpu/crtbegin.o

.mem_section_dummy_rom

.sdh_soc_observers
                0x0000000000030274       0x10
                0x0000000000030274                PROVIDE (__start_sdh_soc_observers, .)
 *(SORT(.sdh_soc_observers*))
 .sdh_soc_observers0
                0x0000000000030274        0x8 _build/nrf52832_xxaa/nrf_drv_clock.c.o
 .sdh_soc_observers1
                0x000000000003027c        0x8 _build/nrf52832_xxaa/main.c.o
                0x0000000000030284                PROVIDE (__stop_sdh_soc_observers, .)

.sdh_ble_observers
                0x0000000000030284       0x40
                0x0000000000030284                PROVIDE (__start_sdh_ble_observers, .)
 *(SORT(.sdh_ble_observers*))
 .sdh_ble_observers0
                0x0000000000030284        0x8 _build/nrf52832_xxaa/ble_conn_state.c.o
 .sdh_ble_observers1
                0x000000000003028c        0x8 _build/nrf52832_xxaa/bsp_btn_ble.c.o
 .sdh_ble_observers1
                0x0000000000030294       0x10 _build/nrf52832_xxaa/main.c.o
 .sdh_ble_observers1
                0x00000000000302a4        0x8 _build/nrf52832_xxaa/ble_conn_params.c.o
 .sdh_ble_observers2
                0x00000000000302ac       0x10 _build/nrf52832_xxaa/main.c.o
 .sdh_ble_observers3
                0x00000000000302bc        0x8 _build/nrf52832_xxaa/main.c.o
                0x00000000000302c4                PROVIDE (__stop_sdh_ble_observers, .)

.pwr_mgmt_data  0x00000000000302c4        0x0
                0x00000000000302c4                PROVIDE (__start_pwr_mgmt_data, .)
 *(SORT(.pwr_mgmt_data*))
                0x00000000000302c4                PROVIDE (__stop_pwr_mgmt_data, .)

.sdh_req_observers
                0x00000000000302c4        0x0
                0x00000000000302c4                PROVIDE (__start_sdh_req_observers, .)
 *(SORT(.sdh_req_observers*))
                0x00000000000302c4                PROVIDE (__stop_sdh_req_observers, .)

.sdh_state_observers
                0x00000000000302c4        0x8
                0x00000000000302c4                PROVIDE (__start_sdh_state_observers, .)
 *(SORT(.sdh_state_observers*))
 .sdh_state_observers0
                0x00000000000302c4        0x8 _build/nrf52832_xxaa/nrf_drv_clock.c.o
                0x00000000000302cc                PROVIDE (__stop_sdh_state_observers, .)

.sdh_stack_observers
                0x00000000000302cc       0x10
                0x00000000000302cc                PROVIDE (__start_sdh_stack_observers, .)
 *(SORT(.sdh_stack_observers*))
 .sdh_stack_observers0
                0x00000000000302cc        0x8 _build/nrf52832_xxaa/nrf_sdh_ble.c.o
 .sdh_stack_observers0
                0x00000000000302d4        0x8 _build/nrf52832_xxaa/nrf_sdh_soc.c.o
                0x00000000000302dc                PROVIDE (__stop_sdh_stack_observers, .)

.nrf_queue      0x00000000000302dc        0x0
                [!provide]                        PROVIDE (__start_nrf_queue, .)
 *(.nrf_queue)
                [!provide]                        PROVIDE (__stop_nrf_queue, .)

.nrf_balloc     0x00000000000302dc       0x14
                [!provide]                        PROVIDE (__start_nrf_balloc, .)
 *(.nrf_balloc)
 .nrf_balloc    0x00000000000302dc       0x14 _build/nrf52832_xxaa/nrf_log_frontend.c.o
                0x00000000000302dc                log_mempool
                [!provide]                        PROVIDE (__stop_nrf_balloc, .)

.cli_command    0x00000000000302f0        0x0
                [!provide]                        PROVIDE (__start_cli_command, .)
 *(.cli_command)
                [!provide]                        PROVIDE (__stop_cli_command, .)

.crypto_data    0x00000000000302f0        0x0
                [!provide]                        PROVIDE (__start_crypto_data, .)
 *(SORT(.crypto_data*))
                [!provide]                        PROVIDE (__stop_crypto_data, .)

.log_const_data
                0x00000000000302f0       0x68
                0x00000000000302f0                PROVIDE (__start_log_const_data, .)
 *(SORT(.log_const_data*))
 .log_const_data_CLOCK
                0x00000000000302f0        0x8 _build/nrf52832_xxaa/nrfx_clock.c.o
                0x00000000000302f0                m_nrf_log_CLOCK_logs_data_const
 .log_const_data_GPIOTE
                0x00000000000302f8        0x8 _build/nrf52832_xxaa/nrfx_gpiote.c.o
                0x00000000000302f8                m_nrf_log_GPIOTE_logs_data_const
 .log_const_data_PRS
                0x0000000000030300        0x8 _build/nrf52832_xxaa/nrfx_prs.c.o
                0x0000000000030300                m_nrf_log_PRS_logs_data_const
 .log_const_data_UART
                0x0000000000030308        0x8 _build/nrf52832_xxaa/nrfx_uart.c.o
                0x0000000000030308                m_nrf_log_UART_logs_data_const
 .log_const_data_UARTE
                0x0000000000030310        0x8 _build/nrf52832_xxaa/nrfx_uarte.c.o
                0x0000000000030310                m_nrf_log_UARTE_logs_data_const
 .log_const_data_app
                0x0000000000030318        0x8 _build/nrf52832_xxaa/nrf_log_frontend.c.o
                0x0000000000030318                m_nrf_log_app_logs_data_const
 .log_const_data_ble_nus
                0x0000000000030320        0x8 _build/nrf52832_xxaa/ble_nus.c.o
                0x0000000000030320                m_nrf_log_ble_nus_logs_data_const
 .log_const_data_clock
                0x0000000000030328        0x8 _build/nrf52832_xxaa/nrf_drv_clock.c.o
                0x0000000000030328                m_nrf_log_clock_logs_data_const
 .log_const_data_nrf_ble_gatt
                0x0000000000030330        0x8 _build/nrf52832_xxaa/nrf_ble_gatt.c.o
                0x0000000000030330                m_nrf_log_nrf_ble_gatt_logs_data_const
 .log_const_data_nrf_sdh
                0x0000000000030338        0x8 _build/nrf52832_xxaa/nrf_sdh.c.o
                0x0000000000030338                m_nrf_log_nrf_sdh_logs_data_const
 .log_const_data_nrf_sdh_ble
                0x0000000000030340        0x8 _build/nrf52832_xxaa/nrf_sdh_ble.c.o
                0x0000000000030340                m_nrf_log_nrf_sdh_ble_logs_data_const
 .log_const_data_nrf_sdh_soc
                0x0000000000030348        0x8 _build/nrf52832_xxaa/nrf_sdh_soc.c.o
                0x0000000000030348                m_nrf_log_nrf_sdh_soc_logs_data_const
 .log_const_data_pwr_mgmt
                0x0000000000030350        0x8 _build/nrf52832_xxaa/nrf_pwr_mgmt.c.o
                0x0000000000030350                m_nrf_log_pwr_mgmt_logs_data_const
                0x0000000000030358                PROVIDE (__stop_log_const_data, .)

.log_backends   0x0000000000030358       0x10
                [!provide]                        PROVIDE (__start_log_backends, .)
 *(SORT(.log_backends*))
 .log_backends  0x0000000000030358       0x10 _build/nrf52832_xxaa/nrf_log_default_backends.c.o
                [!provide]                        PROVIDE (__stop_log_backends, .)

.ARM.extab
 *(.ARM.extab* .gnu.linkonce.armextab.*)
                0x0000000000030368                __exidx_start = .

.ARM.exidx      0x0000000000030368        0x8
 *(.ARM.exidx* .gnu.linkonce.armexidx.*)
 .ARM.exidx     0x0000000000030368        0x8 /usr/lib/gcc/arm-none-eabi/5.4.1/../../../arm-none-eabi/lib/armv7e-m/fpu/crt0.o
 .ARM.exidx     0x0000000000030370        0x0 /usr/lib/gcc/arm-none-eabi/5.4.1/armv7e-m/fpu/libgcc.a(_udivmoddi4.o)
                                          0x8 (size before relaxing)
                0x0000000000030370                __exidx_end = .
                0x0000000000030370                __etext = .

.rel.dyn        0x0000000000030370        0x0
 .rel.iplt      0x0000000000030370        0x0 /usr/lib/gcc/arm-none-eabi/5.4.1/armv7e-m/fpu/crtbegin.o

.data           0x0000000020002a98       0xc0 load address 0x0000000000030370
                0x0000000020002a98                __data_start__ = .
 *(vtable)
 *(.data*)
 .data.log_backend_cb_rtt_log_backend
                0x0000000020002a98        0x8 _build/nrf52832_xxaa/nrf_log_default_backends.c.o
 .data.app_uart_inst
                0x0000000020002aa0       0x14 _build/nrf52832_xxaa/app_uart_fifo.c.o
 .data.SystemCoreClock
                0x0000000020002ab4        0x4 _build/nrf52832_xxaa/system_nrf52.c.o
                0x0000000020002ab4                SystemCoreClock
 .data.m_adv_uuids
                0x0000000020002ab8        0x4 _build/nrf52832_xxaa/main.c.o
 .data.m_nus    0x0000000020002abc       0x1c _build/nrf52832_xxaa/main.c.o
 .data.m_conn_handle
                0x0000000020002ad8        0x2 _build/nrf52832_xxaa/main.c.o
 .data.m_ble_nus_max_data_len
                0x0000000020002ada        0x2 _build/nrf52832_xxaa/main.c.o
 .data.m_nus_link_ctx_storage
                0x0000000020002adc        0x8 _build/nrf52832_xxaa/main.c.o
 .data          0x0000000020002ae4        0x4 /usr/lib/gcc/arm-none-eabi/5.4.1/../../../arm-none-eabi/lib/armv7e-m/fpu/libc_nano.a(lib_a-ctype_.o)
                0x0000000020002ae4                __ctype_ptr__
 .data          0x0000000020002ae8       0x64 /usr/lib/gcc/arm-none-eabi/5.4.1/../../../arm-none-eabi/lib/armv7e-m/fpu/libc_nano.a(lib_a-impure.o)
                0x0000000020002ae8                _impure_ptr
                0x0000000020002b4c                . = ALIGN (0x4)
                0x0000000020002b4c                PROVIDE (__preinit_array_start, .)
 *(.preinit_array)
                0x0000000020002b4c                PROVIDE (__preinit_array_end, .)
                0x0000000020002b4c                . = ALIGN (0x4)
                0x0000000020002b4c                PROVIDE (__init_array_start, .)
 *(SORT(.init_array.*))
 *(.init_array)
 .init_array    0x0000000020002b4c        0x4 /usr/lib/gcc/arm-none-eabi/5.4.1/armv7e-m/fpu/crtbegin.o
                0x0000000020002b50                PROVIDE (__init_array_end, .)
                0x0000000020002b50                . = ALIGN (0x4)
                0x0000000020002b50                PROVIDE (__fini_array_start, .)
 *(SORT(.fini_array.*))
 *(.fini_array)
 .fini_array    0x0000000020002b50        0x4 /usr/lib/gcc/arm-none-eabi/5.4.1/armv7e-m/fpu/crtbegin.o
                0x0000000020002b54                PROVIDE (__fini_array_end, .)
 *(.jcr*)
 .jcr           0x0000000020002b54        0x0 /usr/lib/gcc/arm-none-eabi/5.4.1/armv7e-m/fpu/crtbegin.o
 .jcr           0x0000000020002b54        0x4 /usr/lib/gcc/arm-none-eabi/5.4.1/armv7e-m/fpu/crtend.o
                0x0000000020002b58                . = ALIGN (0x4)
                0x0000000020002b58                __data_end__ = .
LOAD /usr/lib/gcc/arm-none-eabi/5.4.1/armv7e-m/fpu/crti.o
LOAD /usr/lib/gcc/arm-none-eabi/5.4.1/armv7e-m/fpu/crtbegin.o
LOAD /usr/lib/gcc/arm-none-eabi/5.4.1/../../../arm-none-eabi/lib/armv7e-m/fpu/crt0.o
LOAD _build/nrf52832_xxaa/gcc_startup_nrf52.S.o
LOAD _build/nrf52832_xxaa/nrf_log_backend_rtt.c.o
LOAD _build/nrf52832_xxaa/nrf_log_backend_serial.c.o
LOAD _build/nrf52832_xxaa/nrf_log_default_backends.c.o
LOAD _build/nrf52832_xxaa/nrf_log_frontend.c.o
LOAD _build/nrf52832_xxaa/nrf_log_str_formatter.c.o
LOAD _build/nrf52832_xxaa/app_button.c.o
LOAD _build/nrf52832_xxaa/app_error.c.o
LOAD _build/nrf52832_xxaa/app_error_handler_gcc.c.o
LOAD _build/nrf52832_xxaa/app_error_weak.c.o
LOAD _build/nrf52832_xxaa/app_fifo.c.o
LOAD _build/nrf52832_xxaa/app_scheduler.c.o
LOAD _build/nrf52832_xxaa/app_timer.c.o
LOAD _build/nrf52832_xxaa/app_uart_fifo.c.o
LOAD _build/nrf52832_xxaa/app_util_platform.c.o
LOAD _build/nrf52832_xxaa/hardfault_implementation.c.o
LOAD _build/nrf52832_xxaa/nrf_assert.c.o
LOAD _build/nrf52832_xxaa/nrf_atfifo.c.o
LOAD _build/nrf52832_xxaa/nrf_atflags.c.o
LOAD _build/nrf52832_xxaa/nrf_atomic.c.o
LOAD _build/nrf52832_xxaa/nrf_balloc.c.o
LOAD _build/nrf52832_xxaa/nrf_fprintf.c.o
LOAD _build/nrf52832_xxaa/nrf_fprintf_format.c.o
LOAD _build/nrf52832_xxaa/nrf_memobj.c.o
LOAD _build/nrf52832_xxaa/nrf_pwr_mgmt.c.o
LOAD _build/nrf52832_xxaa/nrf_ringbuf.c.o
LOAD _build/nrf52832_xxaa/nrf_section_iter.c.o
LOAD _build/nrf52832_xxaa/nrf_strerror.c.o
LOAD _build/nrf52832_xxaa/retarget.c.o
LOAD _build/nrf52832_xxaa/system_nrf52.c.o
LOAD _build/nrf52832_xxaa/boards.c.o
LOAD _build/nrf52832_xxaa/nrf_drv_clock.c.o
LOAD _build/nrf52832_xxaa/nrf_drv_uart.c.o
LOAD _build/nrf52832_xxaa/nrfx_atomic.c.o
LOAD _build/nrf52832_xxaa/nrfx_clock.c.o
LOAD _build/nrf52832_xxaa/nrfx_gpiote.c.o
LOAD _build/nrf52832_xxaa/nrfx_prs.c.o
LOAD _build/nrf52832_xxaa/nrfx_uart.c.o
LOAD _build/nrf52832_xxaa/nrfx_uarte.c.o
LOAD _build/nrf52832_xxaa/bsp.c.o
LOAD _build/nrf52832_xxaa/bsp_btn_ble.c.o
LOAD _build/nrf52832_xxaa/main.c.o
LOAD _build/nrf52832_xxaa/SEGGER_RTT.c.o
LOAD _build/nrf52832_xxaa/SEGGER_RTT_Syscalls_GCC.c.o
LOAD _build/nrf52832_xxaa/SEGGER_RTT_printf.c.o
LOAD _build/nrf52832_xxaa/ble_advdata.c.o
LOAD _build/nrf52832_xxaa/ble_advertising.c.o
LOAD _build/nrf52832_xxaa/ble_conn_params.c.o
LOAD _build/nrf52832_xxaa/ble_conn_state.c.o
LOAD _build/nrf52832_xxaa/ble_link_ctx_manager.c.o
LOAD _build/nrf52832_xxaa/ble_srv_common.c.o
LOAD _build/nrf52832_xxaa/nrf_ble_gatt.c.o
LOAD _build/nrf52832_xxaa/nrf_ble_qwr.c.o
LOAD _build/nrf52832_xxaa/utf.c.o
LOAD _build/nrf52832_xxaa/ble_nus.c.o
LOAD _build/nrf52832_xxaa/nrf_sdh.c.o
LOAD _build/nrf52832_xxaa/nrf_sdh_ble.c.o
LOAD _build/nrf52832_xxaa/nrf_sdh_soc.c.o
LOAD /usr/lib/gcc/arm-none-eabi/5.4.1/../../../arm-none-eabi/lib/armv7e-m/fpu/libc_nano.a
LOAD /usr/lib/gcc/arm-none-eabi/5.4.1/../../../arm-none-eabi/lib/armv7e-m/fpu/libnosys.a
LOAD /usr/lib/gcc/arm-none-eabi/5.4.1/../../../arm-none-eabi/lib/armv7e-m/fpu/libm.a
START GROUP
LOAD /usr/lib/gcc/arm-none-eabi/5.4.1/armv7e-m/fpu/libgcc.a
LOAD /usr/lib/gcc/arm-none-eabi/5.4.1/../../../arm-none-eabi/lib/armv7e-m/fpu/libg_nano.a
LOAD /usr/lib/gcc/arm-none-eabi/5.4.1/../../../arm-none-eabi/lib/armv7e-m/fpu/libc_nano.a
END GROUP
START GROUP
LOAD /usr/lib/gcc/arm-none-eabi/5.4.1/armv7e-m/fpu/libgcc.a
LOAD /usr/lib/gcc/arm-none-eabi/5.4.1/../../../arm-none-eabi/lib/armv7e-m/fpu/libc_nano.a
END GROUP
LOAD /usr/lib/gcc/arm-none-eabi/5.4.1/armv7e-m/fpu/crtend.o
LOAD /usr/lib/gcc/arm-none-eabi/5.4.1/armv7e-m/fpu/crtn.o
START GROUP
LOAD /usr/lib/gcc/arm-none-eabi/5.4.1/armv7e-m/fpu/libgcc.a
LOAD /usr/lib/gcc/arm-none-eabi/5.4.1/../../../arm-none-eabi/lib/armv7e-m/fpu/libc.a
LOAD /usr/lib/gcc/arm-none-eabi/5.4.1/../../../arm-none-eabi/lib/armv7e-m/fpu/libnosys.a
END GROUP

.tm_clone_table
                0x0000000020002b58        0x0 load address 0x0000000000030430
 .tm_clone_table
                0x0000000020002b58        0x0 /usr/lib/gcc/arm-none-eabi/5.4.1/armv7e-m/fpu/crtbegin.o
 .tm_clone_table
                0x0000000020002b58        0x0 /usr/lib/gcc/arm-none-eabi/5.4.1/armv7e-m/fpu/crtend.o

.igot.plt       0x0000000020002b58        0x0 load address 0x0000000000030430
 .igot.plt      0x0000000020002b58        0x0 /usr/lib/gcc/arm-none-eabi/5.4.1/armv7e-m/fpu/crtbegin.o
                0x0000000020002b58                . = ALIGN (0x4)

.mem_section_dummy_ram

.cli_sorted_cmd_ptrs
                0x0000000020002b58        0x0
                [!provide]                        PROVIDE (__start_cli_sorted_cmd_ptrs, .)
 *(.cli_sorted_cmd_ptrs)
                [!provide]                        PROVIDE (__stop_cli_sorted_cmd_ptrs, .)

.fs_data        0x0000000020002b58        0x0
                [!provide]                        PROVIDE (__start_fs_data, .)
 *(.fs_data)
                [!provide]                        PROVIDE (__stop_fs_data, .)

.log_dynamic_data
                0x0000000020002b58        0x0
                0x0000000020002b58                PROVIDE (__start_log_dynamic_data, .)
 *(SORT(.log_dynamic_data*))
                [!provide]                        PROVIDE (__stop_log_dynamic_data, .)

.log_filter_data
                0x0000000020002b58        0x0
                [!provide]                        PROVIDE (__start_log_filter_data, .)
 *(SORT(.log_filter_data*))
                [!provide]                        PROVIDE (__stop_log_filter_data, .)

.bss            0x0000000020002b58     0x1278 load address 0x0000000000030430
                0x0000000020002b58                . = ALIGN (0x4)
                0x0000000020002b58                __bss_start__ = .
 *(.bss*)
 .bss           0x0000000020002b58       0x1c /usr/lib/gcc/arm-none-eabi/5.4.1/armv7e-m/fpu/crtbegin.o
 .bss.m_host_present
                0x0000000020002b74        0x1 _build/nrf52832_xxaa/nrf_log_backend_rtt.c.o
 *fill*         0x0000000020002b75        0x3 
 .bss.m_string_buff
                0x0000000020002b78       0x40 _build/nrf52832_xxaa/nrf_log_backend_rtt.c.o
 .bss.m_log_data
                0x0000000020002bb8      0x424 _build/nrf52832_xxaa/nrf_log_frontend.c.o
 .bss.log_mempool_nrf_balloc_pool_mem
                0x0000000020002fdc       0xc0 _build/nrf52832_xxaa/nrf_log_frontend.c.o
 .bss.m_log_push_ringbuf_buf
                0x000000002000309c       0x80 _build/nrf52832_xxaa/nrf_log_frontend.c.o
 .bss.log_mempool_nrf_balloc_pool_stack
                0x000000002000311c        0x8 _build/nrf52832_xxaa/nrf_log_frontend.c.o
 .bss.log_mempool_nrf_balloc_cb
                0x0000000020003124        0x8 _build/nrf52832_xxaa/nrf_log_frontend.c.o
 .bss.m_log_push_ringbuf_cb
                0x000000002000312c       0x18 _build/nrf52832_xxaa/nrf_log_frontend.c.o
 .bss.m_detection_delay
                0x0000000020003144        0x4 _build/nrf52832_xxaa/app_button.c.o
 .bss.mp_buttons
                0x0000000020003148        0x4 _build/nrf52832_xxaa/app_button.c.o
 .bss.m_button_count
                0x000000002000314c        0x1 _build/nrf52832_xxaa/app_button.c.o
 *fill*         0x000000002000314d        0x3 
 .bss.m_detection_delay_timer_id_data
                0x0000000020003150       0x20 _build/nrf52832_xxaa/app_button.c.o
 .bss.m_pin_state
                0x0000000020003170        0x8 _build/nrf52832_xxaa/app_button.c.o
 .bss.m_pin_transition
                0x0000000020003178        0x8 _build/nrf52832_xxaa/app_button.c.o
 .bss.m_ticks_latest
                0x0000000020003180        0x4 _build/nrf52832_xxaa/app_timer.c.o
 .bss.mp_timer_id_head
                0x0000000020003184        0x4 _build/nrf52832_xxaa/app_timer.c.o
 .bss.m_ticks_elapsed_q_read_ind
                0x0000000020003188        0x1 _build/nrf52832_xxaa/app_timer.c.o
 .bss.m_ticks_elapsed_q_write_ind
                0x0000000020003189        0x1 _build/nrf52832_xxaa/app_timer.c.o
 .bss.m_rtc1_reset
                0x000000002000318a        0x1 _build/nrf52832_xxaa/app_timer.c.o
 *fill*         0x000000002000318b        0x1 
 .bss.m_op_queue
                0x000000002000318c      0x10c _build/nrf52832_xxaa/app_timer.c.o
 .bss.m_ticks_elapsed
                0x0000000020003298        0x8 _build/nrf52832_xxaa/app_timer.c.o
 .bss.m_rtc1_running
                0x00000000200032a0        0x1 _build/nrf52832_xxaa/app_timer.c.o
 *fill*         0x00000000200032a1        0x3 
 .bss.tx_buffer
                0x00000000200032a4        0x1 _build/nrf52832_xxaa/app_uart_fifo.c.o
 *fill*         0x00000000200032a5        0x3 
 .bss.m_event_handler
                0x00000000200032a8        0x4 _build/nrf52832_xxaa/app_uart_fifo.c.o
 .bss.rx_buffer
                0x00000000200032ac        0x1 _build/nrf52832_xxaa/app_uart_fifo.c.o
 *fill*         0x00000000200032ad        0x3 
 .bss.m_tx_fifo
                0x00000000200032b0       0x10 _build/nrf52832_xxaa/app_uart_fifo.c.o
 .bss.m_rx_ovf  0x00000000200032c0        0x1 _build/nrf52832_xxaa/app_uart_fifo.c.o
 *fill*         0x00000000200032c1        0x3 
 .bss.m_rx_fifo
                0x00000000200032c4       0x10 _build/nrf52832_xxaa/app_uart_fifo.c.o
 .bss.m_shutdown_started
                0x00000000200032d4        0x1 _build/nrf52832_xxaa/nrf_pwr_mgmt.c.o
 *fill*         0x00000000200032d5        0x3 
 .bss.m_sysoff_mtx
                0x00000000200032d8        0x4 _build/nrf52832_xxaa/nrf_pwr_mgmt.c.o
 .bss.m_handlers_iter
                0x00000000200032dc        0x8 _build/nrf52832_xxaa/nrf_pwr_mgmt.c.o
 .bss.m_clock_cb
                0x00000000200032e4       0x14 _build/nrf52832_xxaa/nrf_drv_clock.c.o
 .bss.m_handlers
                0x00000000200032f8        0x4 _build/nrf52832_xxaa/nrf_drv_uart.c.o
 .bss.m_contexts
                0x00000000200032fc        0x4 _build/nrf52832_xxaa/nrf_drv_uart.c.o
 .bss.m_clock_cb
                0x0000000020003300        0x8 _build/nrf52832_xxaa/nrfx_clock.c.o
 .bss.m_cb      0x0000000020003308       0x5c _build/nrf52832_xxaa/nrfx_gpiote.c.o
 .bss.m_prs_box_4
                0x0000000020003364        0x8 _build/nrf52832_xxaa/nrfx_prs.c.o
 .bss.m_cb      0x000000002000336c       0x2c _build/nrf52832_xxaa/nrfx_uart.c.o
 .bss.m_cb      0x0000000020003398       0x24 _build/nrf52832_xxaa/nrfx_uarte.c.o
 .bss.current_long_push_pin_no.7639
                0x00000000200033bc        0x1 _build/nrf52832_xxaa/bsp.c.o
 *fill*         0x00000000200033bd        0x3 
 .bss.release_event_at_push.7640
                0x00000000200033c0        0x4 _build/nrf52832_xxaa/bsp.c.o
 .bss.m_alert_on
                0x00000000200033c4        0x1 _build/nrf52832_xxaa/bsp.c.o
 *fill*         0x00000000200033c5        0x3 
 .bss.m_indication_type
                0x00000000200033c8        0x4 _build/nrf52832_xxaa/bsp.c.o
 .bss.m_leds_clear
                0x00000000200033cc        0x1 _build/nrf52832_xxaa/bsp.c.o
 *fill*         0x00000000200033cd        0x3 
 .bss.m_bsp_alert_tmr_data
                0x00000000200033d0       0x20 _build/nrf52832_xxaa/bsp.c.o
 .bss.m_stable_state
                0x00000000200033f0        0x1 _build/nrf52832_xxaa/bsp.c.o
 *fill*         0x00000000200033f1        0x3 
 .bss.m_registered_callback
                0x00000000200033f4        0x4 _build/nrf52832_xxaa/bsp.c.o
 .bss.m_bsp_button_tmr_data
                0x00000000200033f8       0x20 _build/nrf52832_xxaa/bsp.c.o
 .bss.m_bsp_leds_tmr_data
                0x0000000020003418       0x20 _build/nrf52832_xxaa/bsp.c.o
 .bss.m_events_list
                0x0000000020003438        0xc _build/nrf52832_xxaa/bsp.c.o
 .bss.m_error_handler
                0x0000000020003444        0x4 _build/nrf52832_xxaa/bsp_btn_ble.c.o
 .bss.m_num_connections
                0x0000000020003448        0x4 _build/nrf52832_xxaa/bsp_btn_ble.c.o
 .bss.counter_f.10825
                0x000000002000344c        0x4 _build/nrf52832_xxaa/main.c.o
 .bss.data_array.10930
                0x0000000020003450       0xf4 _build/nrf52832_xxaa/main.c.o
 .bss.index.10931
                0x0000000020003544        0x1 _build/nrf52832_xxaa/main.c.o
 *fill*         0x0000000020003545        0x3 
 .bss.m_nus_link_ctx_storage_ctx_data_pool
                0x0000000020003548        0x4 _build/nrf52832_xxaa/main.c.o
 .bss.rx_buf.10948
                0x000000002000354c      0x100 _build/nrf52832_xxaa/main.c.o
 .bss.m_qwr     0x000000002000364c        0xc _build/nrf52832_xxaa/main.c.o
 .bss.m_advertising
                0x0000000020003658      0x258 _build/nrf52832_xxaa/main.c.o
 .bss.m_gatt    0x00000000200038b0       0x14 _build/nrf52832_xxaa/main.c.o
 .bss.tx_buf.10949
                0x00000000200038c4      0x100 _build/nrf52832_xxaa/main.c.o
 .bss._acDownBuffer
                0x00000000200039c4       0x10 _build/nrf52832_xxaa/SEGGER_RTT.c.o
 .bss._acUpBuffer
                0x00000000200039d4      0x200 _build/nrf52832_xxaa/SEGGER_RTT.c.o
 .bss.m_conn_params_config
                0x0000000020003bd4       0x1c _build/nrf52832_xxaa/ble_conn_params.c.o
 .bss.m_conn_params_instances
                0x0000000020003bf0       0x14 _build/nrf52832_xxaa/ble_conn_params.c.o
 .bss.m_timer_data
                0x0000000020003c04       0x20 _build/nrf52832_xxaa/ble_conn_params.c.o
 .bss.m_preferred_conn_params
                0x0000000020003c24        0x8 _build/nrf52832_xxaa/ble_conn_params.c.o
 .bss.m_bcs     0x0000000020003c2c       0x78 _build/nrf52832_xxaa/ble_conn_state.c.o
 .bss.m_nrf_sdh_enabled
                0x0000000020003ca4        0x1 _build/nrf52832_xxaa/nrf_sdh.c.o
 .bss.m_nrf_sdh_continue
                0x0000000020003ca5        0x1 _build/nrf52832_xxaa/nrf_sdh.c.o
 .bss.m_nrf_sdh_suspended
                0x0000000020003ca6        0x1 _build/nrf52832_xxaa/nrf_sdh.c.o
 .bss.m_stack_is_enabled
                0x0000000020003ca7        0x1 _build/nrf52832_xxaa/nrf_sdh_ble.c.o
 .bss           0x0000000020003ca8       0x8c /usr/lib/gcc/arm-none-eabi/5.4.1/../../../arm-none-eabi/lib/armv7e-m/fpu/libc_nano.a(lib_a-__atexit.o)
 .bss           0x0000000020003d34        0x4 /usr/lib/gcc/arm-none-eabi/5.4.1/../../../arm-none-eabi/lib/armv7e-m/fpu/libc_nano.a(lib_a-__call_atexit.o)
                0x0000000020003d34                _global_atexit
 .bss           0x0000000020003d38        0x8 /usr/lib/gcc/arm-none-eabi/5.4.1/../../../arm-none-eabi/lib/armv7e-m/fpu/libc_nano.a(lib_a-nano-mallocr.o)
                0x0000000020003d38                __malloc_free_list
                0x0000000020003d3c                __malloc_sbrk_start
 .bss           0x0000000020003d40        0x4 /usr/lib/gcc/arm-none-eabi/5.4.1/../../../arm-none-eabi/lib/armv7e-m/fpu/libnosys.a(sbrk.o)
 *(COMMON)
 COMMON         0x0000000020003d44        0xc _build/nrf52832_xxaa/app_util_platform.c.o
                0x0000000020003d44                nrf_nvic_state
 COMMON         0x0000000020003d50        0x1 _build/nrf52832_xxaa/nrf_drv_uart.c.o
                0x0000000020003d50                nrf_drv_uart_use_easy_dma
 *fill*         0x0000000020003d51        0x3 
 COMMON         0x0000000020003d54       0x78 _build/nrf52832_xxaa/SEGGER_RTT.c.o
                0x0000000020003d54                _SEGGER_RTT
 COMMON         0x0000000020003dcc        0x4 /usr/lib/gcc/arm-none-eabi/5.4.1/../../../arm-none-eabi/lib/armv7e-m/fpu/libc_nano.a(lib_a-reent.o)
                0x0000000020003dcc                errno
                0x0000000020003dd0                . = ALIGN (0x4)
                0x0000000020003dd0                __bss_end__ = .

.heap           0x0000000020003dd0     0x2000
                0x0000000020003dd0                __HeapBase = .
                0x0000000020003dd0                __end__ = .
                0x0000000020003dd0                PROVIDE (end, .)
 *(.heap*)
 .heap          0x0000000020003dd0     0x2000 _build/nrf52832_xxaa/gcc_startup_nrf52.S.o
                0x0000000020005dd0                __HeapLimit = .

.stack_dummy    0x0000000020003dd0     0x2000
 *(.stack*)
 .stack         0x0000000020003dd0     0x2000 _build/nrf52832_xxaa/gcc_startup_nrf52.S.o
                0x0000000020010000                __StackTop = (ORIGIN (RAM) + LENGTH (RAM))
                0x000000002000e000                __StackLimit = (__StackTop - SIZEOF (.stack_dummy))
                0x0000000020010000                PROVIDE (__stack, __StackTop)
                0x0000000000000001                ASSERT ((__StackLimit >= __HeapLimit), region RAM overflowed with stack)
                0x00000000000000c0                DataInitFlashUsed = (__bss_start__ - __data_start__)
                0x000000000000a370                CodeFlashUsed = (__etext - ORIGIN (FLASH))
                0x000000000000a430                TotalFlashUsed = (CodeFlashUsed + DataInitFlashUsed)
                0x0000000000000001                ASSERT ((TotalFlashUsed <= LENGTH (FLASH)), region FLASH overflowed with .data and user data)
OUTPUT(_build/nrf52832_xxaa.out elf32-littlearm)

.ARM.attributes
                0x0000000000000000       0x30
 .ARM.attributes
                0x0000000000000000       0x22 /usr/lib/gcc/arm-none-eabi/5.4.1/armv7e-m/fpu/crti.o
 .ARM.attributes
                0x0000000000000022       0x34 /usr/lib/gcc/arm-none-eabi/5.4.1/armv7e-m/fpu/crtbegin.o
 .ARM.attributes
                0x0000000000000056       0x20 /usr/lib/gcc/arm-none-eabi/5.4.1/../../../arm-none-eabi/lib/armv7e-m/fpu/crt0.o
 .ARM.attributes
                0x0000000000000076       0x20 _build/nrf52832_xxaa/gcc_startup_nrf52.S.o
 .ARM.attributes
                0x0000000000000096       0x39 _build/nrf52832_xxaa/nrf_log_backend_rtt.c.o
 .ARM.attributes
                0x00000000000000cf       0x39 _build/nrf52832_xxaa/nrf_log_backend_serial.c.o
 .ARM.attributes
                0x0000000000000108       0x39 _build/nrf52832_xxaa/nrf_log_default_backends.c.o
 .ARM.attributes
                0x0000000000000141       0x39 _build/nrf52832_xxaa/nrf_log_frontend.c.o
 .ARM.attributes
                0x000000000000017a       0x39 _build/nrf52832_xxaa/nrf_log_str_formatter.c.o
 .ARM.attributes
                0x00000000000001b3       0x39 _build/nrf52832_xxaa/app_button.c.o
 .ARM.attributes
                0x00000000000001ec       0x39 _build/nrf52832_xxaa/app_error.c.o
 .ARM.attributes
                0x0000000000000225       0x39 _build/nrf52832_xxaa/app_error_weak.c.o
 .ARM.attributes
                0x000000000000025e       0x39 _build/nrf52832_xxaa/app_fifo.c.o
 .ARM.attributes
                0x0000000000000297       0x39 _build/nrf52832_xxaa/app_timer.c.o
 .ARM.attributes
                0x00000000000002d0       0x39 _build/nrf52832_xxaa/app_uart_fifo.c.o
 .ARM.attributes
                0x0000000000000309       0x39 _build/nrf52832_xxaa/app_util_platform.c.o
 .ARM.attributes
                0x0000000000000342       0x39 _build/nrf52832_xxaa/nrf_atflags.c.o
 .ARM.attributes
                0x000000000000037b       0x39 _build/nrf52832_xxaa/nrf_atomic.c.o
 .ARM.attributes
                0x00000000000003b4       0x39 _build/nrf52832_xxaa/nrf_balloc.c.o
 .ARM.attributes
                0x00000000000003ed       0x39 _build/nrf52832_xxaa/nrf_fprintf.c.o
 .ARM.attributes
                0x0000000000000426       0x39 _build/nrf52832_xxaa/nrf_fprintf_format.c.o
 .ARM.attributes
                0x000000000000045f       0x39 _build/nrf52832_xxaa/nrf_memobj.c.o
 .ARM.attributes
                0x0000000000000498       0x39 _build/nrf52832_xxaa/nrf_pwr_mgmt.c.o
 .ARM.attributes
                0x00000000000004d1       0x39 _build/nrf52832_xxaa/nrf_ringbuf.c.o
 .ARM.attributes
                0x000000000000050a       0x39 _build/nrf52832_xxaa/nrf_section_iter.c.o
 .ARM.attributes
                0x0000000000000543       0x39 _build/nrf52832_xxaa/nrf_strerror.c.o
 .ARM.attributes
                0x000000000000057c       0x39 _build/nrf52832_xxaa/retarget.c.o
 .ARM.attributes
                0x00000000000005b5       0x39 _build/nrf52832_xxaa/system_nrf52.c.o
 .ARM.attributes
                0x00000000000005ee       0x39 _build/nrf52832_xxaa/boards.c.o
 .ARM.attributes
                0x0000000000000627       0x39 _build/nrf52832_xxaa/nrf_drv_clock.c.o
 .ARM.attributes
                0x0000000000000660       0x39 _build/nrf52832_xxaa/nrf_drv_uart.c.o
 .ARM.attributes
                0x0000000000000699       0x39 _build/nrf52832_xxaa/nrfx_clock.c.o
 .ARM.attributes
                0x00000000000006d2       0x39 _build/nrf52832_xxaa/nrfx_gpiote.c.o
 .ARM.attributes
                0x000000000000070b       0x39 _build/nrf52832_xxaa/nrfx_prs.c.o
 .ARM.attributes
                0x0000000000000744       0x39 _build/nrf52832_xxaa/nrfx_uart.c.o
 .ARM.attributes
                0x000000000000077d       0x39 _build/nrf52832_xxaa/nrfx_uarte.c.o
 .ARM.attributes
                0x00000000000007b6       0x39 _build/nrf52832_xxaa/bsp.c.o
 .ARM.attributes
                0x00000000000007ef       0x39 _build/nrf52832_xxaa/bsp_btn_ble.c.o
 .ARM.attributes
                0x0000000000000828       0x39 _build/nrf52832_xxaa/main.c.o
 .ARM.attributes
                0x0000000000000861       0x39 _build/nrf52832_xxaa/SEGGER_RTT.c.o
 .ARM.attributes
                0x000000000000089a       0x39 _build/nrf52832_xxaa/ble_advdata.c.o
 .ARM.attributes
                0x00000000000008d3       0x39 _build/nrf52832_xxaa/ble_advertising.c.o
 .ARM.attributes
                0x000000000000090c       0x39 _build/nrf52832_xxaa/ble_conn_params.c.o
 .ARM.attributes
                0x0000000000000945       0x39 _build/nrf52832_xxaa/ble_conn_state.c.o
 .ARM.attributes
                0x000000000000097e       0x39 _build/nrf52832_xxaa/ble_link_ctx_manager.c.o
 .ARM.attributes
                0x00000000000009b7       0x39 _build/nrf52832_xxaa/ble_srv_common.c.o
 .ARM.attributes
                0x00000000000009f0       0x39 _build/nrf52832_xxaa/nrf_ble_gatt.c.o
 .ARM.attributes
                0x0000000000000a29       0x39 _build/nrf52832_xxaa/nrf_ble_qwr.c.o
 .ARM.attributes
                0x0000000000000a62       0x39 _build/nrf52832_xxaa/ble_nus.c.o
 .ARM.attributes
                0x0000000000000a9b       0x39 _build/nrf52832_xxaa/nrf_sdh.c.o
 .ARM.attributes
                0x0000000000000ad4       0x39 _build/nrf52832_xxaa/nrf_sdh_ble.c.o
 .ARM.attributes
                0x0000000000000b0d       0x39 _build/nrf52832_xxaa/nrf_sdh_soc.c.o
 .ARM.attributes
                0x0000000000000b46       0x34 /usr/lib/gcc/arm-none-eabi/5.4.1/../../../arm-none-eabi/lib/armv7e-m/fpu/libc_nano.a(lib_a-atexit.o)
 .ARM.attributes
                0x0000000000000b7a       0x34 /usr/lib/gcc/arm-none-eabi/5.4.1/../../../arm-none-eabi/lib/armv7e-m/fpu/libc_nano.a(lib_a-ctype_.o)
 .ARM.attributes
                0x0000000000000bae       0x34 /usr/lib/gcc/arm-none-eabi/5.4.1/../../../arm-none-eabi/lib/armv7e-m/fpu/libc_nano.a(lib_a-exit.o)
 .ARM.attributes
                0x0000000000000be2       0x34 /usr/lib/gcc/arm-none-eabi/5.4.1/../../../arm-none-eabi/lib/armv7e-m/fpu/libc_nano.a(lib_a-fini.o)
 .ARM.attributes
                0x0000000000000c16       0x34 /usr/lib/gcc/arm-none-eabi/5.4.1/../../../arm-none-eabi/lib/armv7e-m/fpu/libc_nano.a(lib_a-impure.o)
 .ARM.attributes
                0x0000000000000c4a       0x34 /usr/lib/gcc/arm-none-eabi/5.4.1/../../../arm-none-eabi/lib/armv7e-m/fpu/libc_nano.a(lib_a-init.o)
 .ARM.attributes
                0x0000000000000c7e       0x20 /usr/lib/gcc/arm-none-eabi/5.4.1/../../../arm-none-eabi/lib/armv7e-m/fpu/libc_nano.a(lib_a-memcpy.o)
 .ARM.attributes
                0x0000000000000c9e       0x34 /usr/lib/gcc/arm-none-eabi/5.4.1/../../../arm-none-eabi/lib/armv7e-m/fpu/libc_nano.a(lib_a-memset.o)
 .ARM.attributes
                0x0000000000000cd2       0x34 /usr/lib/gcc/arm-none-eabi/5.4.1/../../../arm-none-eabi/lib/armv7e-m/fpu/libc_nano.a(lib_a-printf.o)
 .ARM.attributes
                0x0000000000000d06       0x34 /usr/lib/gcc/arm-none-eabi/5.4.1/../../../arm-none-eabi/lib/armv7e-m/fpu/libc_nano.a(lib_a-strcpy.o)
 .ARM.attributes
                0x0000000000000d3a       0x20 /usr/lib/gcc/arm-none-eabi/5.4.1/../../../arm-none-eabi/lib/armv7e-m/fpu/libc_nano.a(lib_a-strlen.o)
 .ARM.attributes
                0x0000000000000d5a       0x34 /usr/lib/gcc/arm-none-eabi/5.4.1/../../../arm-none-eabi/lib/armv7e-m/fpu/libc_nano.a(lib_a-__atexit.o)
 .ARM.attributes
                0x0000000000000d8e       0x34 /usr/lib/gcc/arm-none-eabi/5.4.1/../../../arm-none-eabi/lib/armv7e-m/fpu/libc_nano.a(lib_a-__call_atexit.o)
 .ARM.attributes
                0x0000000000000dc2       0x34 /usr/lib/gcc/arm-none-eabi/5.4.1/../../../arm-none-eabi/lib/armv7e-m/fpu/libc_nano.a(lib_a-findfp.o)
 .ARM.attributes
                0x0000000000000df6       0x34 /usr/lib/gcc/arm-none-eabi/5.4.1/../../../arm-none-eabi/lib/armv7e-m/fpu/libc_nano.a(lib_a-fwalk.o)
 .ARM.attributes
                0x0000000000000e2a       0x34 /usr/lib/gcc/arm-none-eabi/5.4.1/../../../arm-none-eabi/lib/armv7e-m/fpu/libc_nano.a(lib_a-nano-mallocr.o)
 .ARM.attributes
                0x0000000000000e5e       0x34 /usr/lib/gcc/arm-none-eabi/5.4.1/../../../arm-none-eabi/lib/armv7e-m/fpu/libc_nano.a(lib_a-nano-vfprintf.o)
 .ARM.attributes
                0x0000000000000e92       0x34 /usr/lib/gcc/arm-none-eabi/5.4.1/../../../arm-none-eabi/lib/armv7e-m/fpu/libc_nano.a(lib_a-nano-vfprintf_i.o)
 .ARM.attributes
                0x0000000000000ec6       0x34 /usr/lib/gcc/arm-none-eabi/5.4.1/../../../arm-none-eabi/lib/armv7e-m/fpu/libc_nano.a(lib_a-sbrkr.o)
 .ARM.attributes
                0x0000000000000efa       0x34 /usr/lib/gcc/arm-none-eabi/5.4.1/../../../arm-none-eabi/lib/armv7e-m/fpu/libc_nano.a(lib_a-stdio.o)
 .ARM.attributes
                0x0000000000000f2e       0x34 /usr/lib/gcc/arm-none-eabi/5.4.1/../../../arm-none-eabi/lib/armv7e-m/fpu/libc_nano.a(lib_a-wbuf.o)
 .ARM.attributes
                0x0000000000000f62       0x34 /usr/lib/gcc/arm-none-eabi/5.4.1/../../../arm-none-eabi/lib/armv7e-m/fpu/libc_nano.a(lib_a-writer.o)
 .ARM.attributes
                0x0000000000000f96       0x34 /usr/lib/gcc/arm-none-eabi/5.4.1/../../../arm-none-eabi/lib/armv7e-m/fpu/libc_nano.a(lib_a-wsetup.o)
 .ARM.attributes
                0x0000000000000fca       0x34 /usr/lib/gcc/arm-none-eabi/5.4.1/../../../arm-none-eabi/lib/armv7e-m/fpu/libc_nano.a(lib_a-closer.o)
 .ARM.attributes
                0x0000000000000ffe       0x34 /usr/lib/gcc/arm-none-eabi/5.4.1/../../../arm-none-eabi/lib/armv7e-m/fpu/libc_nano.a(lib_a-fflush.o)
 .ARM.attributes
                0x0000000000001032       0x34 /usr/lib/gcc/arm-none-eabi/5.4.1/../../../arm-none-eabi/lib/armv7e-m/fpu/libc_nano.a(lib_a-fvwrite.o)
 .ARM.attributes
                0x0000000000001066       0x34 /usr/lib/gcc/arm-none-eabi/5.4.1/../../../arm-none-eabi/lib/armv7e-m/fpu/libc_nano.a(lib_a-lseekr.o)
 .ARM.attributes
                0x000000000000109a       0x34 /usr/lib/gcc/arm-none-eabi/5.4.1/../../../arm-none-eabi/lib/armv7e-m/fpu/libc_nano.a(lib_a-makebuf.o)
 .ARM.attributes
                0x00000000000010ce       0x20 /usr/lib/gcc/arm-none-eabi/5.4.1/../../../arm-none-eabi/lib/armv7e-m/fpu/libc_nano.a(lib_a-memchr.o)
 .ARM.attributes
                0x00000000000010ee       0x34 /usr/lib/gcc/arm-none-eabi/5.4.1/../../../arm-none-eabi/lib/armv7e-m/fpu/libc_nano.a(lib_a-memmove.o)
 .ARM.attributes
                0x0000000000001122       0x34 /usr/lib/gcc/arm-none-eabi/5.4.1/../../../arm-none-eabi/lib/armv7e-m/fpu/libc_nano.a(lib_a-nano-freer.o)
 .ARM.attributes
                0x0000000000001156       0x34 /usr/lib/gcc/arm-none-eabi/5.4.1/../../../arm-none-eabi/lib/armv7e-m/fpu/libc_nano.a(lib_a-nano-reallocr.o)
 .ARM.attributes
                0x000000000000118a       0x34 /usr/lib/gcc/arm-none-eabi/5.4.1/../../../arm-none-eabi/lib/armv7e-m/fpu/libc_nano.a(lib_a-readr.o)
 .ARM.attributes
                0x00000000000011be       0x34 /usr/lib/gcc/arm-none-eabi/5.4.1/../../../arm-none-eabi/lib/armv7e-m/fpu/libc_nano.a(lib_a-reent.o)
 .ARM.attributes
                0x00000000000011f2       0x34 /usr/lib/gcc/arm-none-eabi/5.4.1/../../../arm-none-eabi/lib/armv7e-m/fpu/libc_nano.a(lib_a-fstatr.o)
 .ARM.attributes
                0x0000000000001226       0x34 /usr/lib/gcc/arm-none-eabi/5.4.1/../../../arm-none-eabi/lib/armv7e-m/fpu/libc_nano.a(lib_a-isattyr.o)
 .ARM.attributes
                0x000000000000125a       0x34 /usr/lib/gcc/arm-none-eabi/5.4.1/../../../arm-none-eabi/lib/armv7e-m/fpu/libc_nano.a(lib_a-nano-msizer.o)
 .ARM.attributes
                0x000000000000128e       0x34 /usr/lib/gcc/arm-none-eabi/5.4.1/../../../arm-none-eabi/lib/armv7e-m/fpu/libnosys.a(close.o)
 .ARM.attributes
                0x00000000000012c2       0x34 /usr/lib/gcc/arm-none-eabi/5.4.1/../../../arm-none-eabi/lib/armv7e-m/fpu/libnosys.a(fstat.o)
 .ARM.attributes
                0x00000000000012f6       0x34 /usr/lib/gcc/arm-none-eabi/5.4.1/../../../arm-none-eabi/lib/armv7e-m/fpu/libnosys.a(isatty.o)
 .ARM.attributes
                0x000000000000132a       0x34 /usr/lib/gcc/arm-none-eabi/5.4.1/../../../arm-none-eabi/lib/armv7e-m/fpu/libnosys.a(lseek.o)
 .ARM.attributes
                0x000000000000135e       0x34 /usr/lib/gcc/arm-none-eabi/5.4.1/../../../arm-none-eabi/lib/armv7e-m/fpu/libnosys.a(sbrk.o)
 .ARM.attributes
                0x0000000000001392       0x34 /usr/lib/gcc/arm-none-eabi/5.4.1/../../../arm-none-eabi/lib/armv7e-m/fpu/libnosys.a(_exit.o)