Archive member included to satisfy reference by file (symbol)

/usr/lib/gcc/arm-none-eabi/5.4.1/../../../arm-none-eabi/lib/armv7e-m/fpu/libc_nano.a(lib_a-atexit.o)
                              /usr/lib/gcc/arm-none-eabi/5.4.1/../../../arm-none-eabi/lib/armv7e-m/fpu/crt0.o (atexit)
/usr/lib/gcc/arm-none-eabi/5.4.1/../../../arm-none-eabi/lib/armv7e-m/fpu/libc_nano.a(lib_a-ctype_.o)
                              _build/nrf52832_xxaa/nrf_log_str_formatter.c.o (__ctype_ptr__)
/usr/lib/gcc/arm-none-eabi/5.4.1/../../../arm-none-eabi/lib/armv7e-m/fpu/libc_nano.a(lib_a-exit.o)
                              /usr/lib/gcc/arm-none-eabi/5.4.1/../../../arm-none-eabi/lib/armv7e-m/fpu/crt0.o (exit)
/usr/lib/gcc/arm-none-eabi/5.4.1/../../../arm-none-eabi/lib/armv7e-m/fpu/libc_nano.a(lib_a-fini.o)
                              /usr/lib/gcc/arm-none-eabi/5.4.1/../../../arm-none-eabi/lib/armv7e-m/fpu/crt0.o (__libc_fini_array)
/usr/lib/gcc/arm-none-eabi/5.4.1/../../../arm-none-eabi/lib/armv7e-m/fpu/libc_nano.a(lib_a-impure.o)
                              /usr/lib/gcc/arm-none-eabi/5.4.1/../../../arm-none-eabi/lib/armv7e-m/fpu/libc_nano.a(lib_a-exit.o) (_global_impure_ptr)
/usr/lib/gcc/arm-none-eabi/5.4.1/../../../arm-none-eabi/lib/armv7e-m/fpu/libc_nano.a(lib_a-init.o)
                              /usr/lib/gcc/arm-none-eabi/5.4.1/../../../arm-none-eabi/lib/armv7e-m/fpu/crt0.o (__libc_init_array)
/usr/lib/gcc/arm-none-eabi/5.4.1/../../../arm-none-eabi/lib/armv7e-m/fpu/libc_nano.a(lib_a-memcmp.o)
                              _build/nrf52832_xxaa/ble_advdata.c.o (memcmp)
/usr/lib/gcc/arm-none-eabi/5.4.1/../../../arm-none-eabi/lib/armv7e-m/fpu/libc_nano.a(lib_a-memcpy.o)
                              _build/nrf52832_xxaa/nrf_log_frontend.c.o (memcpy)
/usr/lib/gcc/arm-none-eabi/5.4.1/../../../arm-none-eabi/lib/armv7e-m/fpu/libc_nano.a(lib_a-memset.o)
                              /usr/lib/gcc/arm-none-eabi/5.4.1/../../../arm-none-eabi/lib/armv7e-m/fpu/crt0.o (memset)
/usr/lib/gcc/arm-none-eabi/5.4.1/../../../arm-none-eabi/lib/armv7e-m/fpu/libc_nano.a(lib_a-printf.o)
                              _build/nrf52832_xxaa/main.c.o (printf)
/usr/lib/gcc/arm-none-eabi/5.4.1/../../../arm-none-eabi/lib/armv7e-m/fpu/libc_nano.a(lib_a-strcpy.o)
                              _build/nrf52832_xxaa/SEGGER_RTT.c.o (strcpy)
/usr/lib/gcc/arm-none-eabi/5.4.1/../../../arm-none-eabi/lib/armv7e-m/fpu/libc_nano.a(lib_a-strlen.o)
                              _build/nrf52832_xxaa/nrf_log_frontend.c.o (strlen)
/usr/lib/gcc/arm-none-eabi/5.4.1/../../../arm-none-eabi/lib/armv7e-m/fpu/libc_nano.a(lib_a-__atexit.o)
                              /usr/lib/gcc/arm-none-eabi/5.4.1/../../../arm-none-eabi/lib/armv7e-m/fpu/libc_nano.a(lib_a-atexit.o) (__register_exitproc)
/usr/lib/gcc/arm-none-eabi/5.4.1/../../../arm-none-eabi/lib/armv7e-m/fpu/libc_nano.a(lib_a-__call_atexit.o)
                              /usr/lib/gcc/arm-none-eabi/5.4.1/../../../arm-none-eabi/lib/armv7e-m/fpu/libc_nano.a(lib_a-__atexit.o) (__call_exitprocs)
/usr/lib/gcc/arm-none-eabi/5.4.1/../../../arm-none-eabi/lib/armv7e-m/fpu/libc_nano.a(lib_a-findfp.o)
                              /usr/lib/gcc/arm-none-eabi/5.4.1/../../../arm-none-eabi/lib/armv7e-m/fpu/libc_nano.a(lib_a-printf.o) (__sinit)
/usr/lib/gcc/arm-none-eabi/5.4.1/../../../arm-none-eabi/lib/armv7e-m/fpu/libc_nano.a(lib_a-fwalk.o)
                              /usr/lib/gcc/arm-none-eabi/5.4.1/../../../arm-none-eabi/lib/armv7e-m/fpu/libc_nano.a(lib_a-findfp.o) (_fwalk)
/usr/lib/gcc/arm-none-eabi/5.4.1/../../../arm-none-eabi/lib/armv7e-m/fpu/libc_nano.a(lib_a-nano-mallocr.o)
                              /usr/lib/gcc/arm-none-eabi/5.4.1/../../../arm-none-eabi/lib/armv7e-m/fpu/libc_nano.a(lib_a-findfp.o) (_malloc_r)
/usr/lib/gcc/arm-none-eabi/5.4.1/../../../arm-none-eabi/lib/armv7e-m/fpu/libc_nano.a(lib_a-nano-vfprintf.o)
                              /usr/lib/gcc/arm-none-eabi/5.4.1/../../../arm-none-eabi/lib/armv7e-m/fpu/libc_nano.a(lib_a-printf.o) (_vfprintf_r)
/usr/lib/gcc/arm-none-eabi/5.4.1/../../../arm-none-eabi/lib/armv7e-m/fpu/libc_nano.a(lib_a-nano-vfprintf_i.o)
                              /usr/lib/gcc/arm-none-eabi/5.4.1/../../../arm-none-eabi/lib/armv7e-m/fpu/libc_nano.a(lib_a-nano-vfprintf.o) (_printf_i)
/usr/lib/gcc/arm-none-eabi/5.4.1/../../../arm-none-eabi/lib/armv7e-m/fpu/libc_nano.a(lib_a-sbrkr.o)
                              /usr/lib/gcc/arm-none-eabi/5.4.1/../../../arm-none-eabi/lib/armv7e-m/fpu/libc_nano.a(lib_a-nano-mallocr.o) (_sbrk_r)
/usr/lib/gcc/arm-none-eabi/5.4.1/../../../arm-none-eabi/lib/armv7e-m/fpu/libc_nano.a(lib_a-stdio.o)
                              /usr/lib/gcc/arm-none-eabi/5.4.1/../../../arm-none-eabi/lib/armv7e-m/fpu/libc_nano.a(lib_a-findfp.o) (__sread)
/usr/lib/gcc/arm-none-eabi/5.4.1/../../../arm-none-eabi/lib/armv7e-m/fpu/libc_nano.a(lib_a-wbuf.o)
[...]
Memory Configuration

Name             Origin             Length             Attributes
FLASH            0x0000000000026000 0x000000000005a000 xr
RAM              0x0000000020002a98 0x000000000000d568 xrw
*default*        0x0000000000000000 0xffffffffffffffff

Linker script and memory map


.text           0x0000000000026000     0xaaf8
 *(.isr_vector)
 .isr_vector    0x0000000000026000      0x200 _build/nrf52832_xxaa/gcc_startup_nrf52.S.o
                0x0000000000026000                __isr_vector
 *(.text*)
 .text          0x0000000000026200       0xa4 /usr/lib/gcc/arm-none-eabi/5.4.1/armv7e-m/fpu/crtbegin.o
 .text          0x00000000000262a4       0x68 /usr/lib/gcc/arm-none-eabi/5.4.1/../../../arm-none-eabi/lib/armv7e-m/fpu/crt0.o
                0x00000000000262a4                _mainCRTStartup
                0x00000000000262a4                _start
 .text.nrfx_i2s_init
                0x000000000002630c      0x14c _build/nrf52832_xxaa/nrfx_i2s.c.o
                0x000000000002630c                nrfx_i2s_init
 .text.nrfx_i2s_start
                0x0000000000026458       0xf4 _build/nrf52832_xxaa/nrfx_i2s.c.o
                0x0000000000026458                nrfx_i2s_start
 .text.nrfx_i2s_next_buffers_set
                0x000000000002654c       0x70 _build/nrf52832_xxaa/nrfx_i2s.c.o
                0x000000000002654c                nrfx_i2s_next_buffers_set
 .text.nrfx_i2s_stop
                0x00000000000265bc       0x3c _build/nrf52832_xxaa/nrfx_i2s.c.o
                0x00000000000265bc                nrfx_i2s_stop
 .text.I2S_IRQHandler
                0x00000000000265f8      0x134 _build/nrf52832_xxaa/nrfx_i2s.c.o
                0x00000000000265f8                I2S_IRQHandler
 .text          0x000000000002672c       0x3c _build/nrf52832_xxaa/gcc_startup_nrf52.S.o
                0x000000000002672c                Reset_Handler
                0x0000000000026754                NMI_Handler
                0x0000000000026756                HardFault_Handler
                0x0000000000026758                MemoryManagement_Handler
                0x000000000002675a                BusFault_Handler
                0x000000000002675c                UsageFault_Handler
                0x000000000002675e                SVC_Handler
                0x0000000000026760                DebugMon_Handler
                0x0000000000026762                PendSV_Handler
                0x0000000000026764                SysTick_Handler
                0x0000000000026766                TIMER2_IRQHandler
                0x0000000000026766                RTC0_IRQHandler
                0x0000000000026766                PWM1_IRQHandler
                0x0000000000026766                RADIO_IRQHandler
                0x0000000000026766                PDM_IRQHandler
                0x0000000000026766                TEMP_IRQHandler
                0x0000000000026766                QDEC_IRQHandler
                0x0000000000026766                TIMER3_IRQHandler
                0x0000000000026766                FPU_IRQHandler
                0x0000000000026766                SPIM0_SPIS0_TWIM0_TWIS0_SPI0_TWI0_IRQHandler
                0x0000000000026766                TIMER4_IRQHandler
                0x0000000000026766                SWI4_EGU4_IRQHandler
                0x0000000000026766                TIMER0_IRQHandler
                0x0000000000026766                TIMER1_IRQHandler
                0x0000000000026766                PWM2_IRQHandler
                0x0000000000026766                ECB_IRQHandler
                0x0000000000026766                SPIM1_SPIS1_TWIM1_TWIS1_SPI1_TWI1_IRQHandler
                0x0000000000026766                Default_Handler
                0x0000000000026766                SAADC_IRQHandler
                0x0000000000026766                CCM_AAR_IRQHandler
                0x0000000000026766                WDT_IRQHandler
                0x0000000000026766                SWI5_EGU5_IRQHandler
                0x0000000000026766                RNG_IRQHandler
                0x0000000000026766                RTC2_IRQHandler
                0x0000000000026766                PWM0_IRQHandler
                0x0000000000026766                SWI3_EGU3_IRQHandler
                0x0000000000026766                SWI1_EGU1_IRQHandler
                0x0000000000026766                SPIM2_SPIS2_SPI2_IRQHandler
                0x0000000000026766                NFCT_IRQHandler
                0x0000000000026766                MWU_IRQHandler
                0x0000000000026766                COMP_LPCOMP_IRQHandler
 .text.nrf_log_backend_rtt_panic_set
                0x0000000000026768        0x4 _build/nrf52832_xxaa/nrf_log_backend_rtt.c.o
 .text.nrf_log_backend_rtt_put
                0x000000000002676c       0x20 _build/nrf52832_xxaa/nrf_log_backend_rtt.c.o
 .text.serial_tx
                0x000000000002678c       0x5c _build/nrf52832_xxaa/nrf_log_backend_rtt.c.o
 .text.nrf_log_backend_rtt_flush
                0x00000000000267e8        0x4 _build/nrf52832_xxaa/nrf_log_backend_rtt.c.o
 .text.nrf_log_backend_rtt_init
                0x00000000000267ec        0x4 _build/nrf52832_xxaa/nrf_log_backend_rtt.c.o
                0x00000000000267ec                nrf_log_backend_rtt_init
 .text.nrf_log_backend_serial_put
                0x00000000000267f0       0xd8 _build/nrf52832_xxaa/nrf_log_backend_serial.c.o
                0x00000000000267f0                nrf_log_backend_serial_put
 .text.nrf_log_default_backends_init
                0x00000000000268c8       0x20 _build/nrf52832_xxaa/nrf_log_default_backends.c.o
                0x00000000000268c8                nrf_log_default_backends_init
 .text.log_skip
                0x00000000000268e8       0xc8 _build/nrf52832_xxaa/nrf_log_frontend.c.o
 .text.nrf_log_init
                0x00000000000269b0       0x3c _build/nrf52832_xxaa/nrf_log_frontend.c.o
                0x00000000000269b0                nrf_log_init
 .text.nrf_log_module_name_get
                0x00000000000269ec       0x54 _build/nrf52832_xxaa/nrf_log_frontend.c.o
                0x00000000000269ec                nrf_log_module_name_get
 .text.nrf_log_color_id_get
                0x0000000000026a40       0x2c _build/nrf52832_xxaa/nrf_log_frontend.c.o
                0x0000000000026a40                nrf_log_color_id_get
 .text.nrf_log_frontend_dequeue
                0x0000000000026a6c      0x290 _build/nrf52832_xxaa/nrf_log_frontend.c.o
                0x0000000000026a6c                nrf_log_frontend_dequeue
 .text.nrf_log_frontend_std_0
                0x0000000000026cfc       0xec _build/nrf52832_xxaa/nrf_log_frontend.c.o
                0x0000000000026cfc                nrf_log_frontend_std_0
 .text.nrf_log_frontend_std_1
                0x0000000000026de8       0xfc _build/nrf52832_xxaa/nrf_log_frontend.c.o
                0x0000000000026de8                nrf_log_frontend_std_1
 .text.nrf_log_frontend_std_2
                0x0000000000026ee4      0x100 _build/nrf52832_xxaa/nrf_log_frontend.c.o
                0x0000000000026ee4                nrf_log_frontend_std_2
 .text.nrf_log_backend_add
                0x0000000000026fe4       0x64 _build/nrf52832_xxaa/nrf_log_frontend.c.o
                0x0000000000026fe4                nrf_log_backend_add
 .text.nrf_log_std_entry_process
                0x0000000000027048      0x14c _build/nrf52832_xxaa/nrf_log_str_formatter.c.o
                0x0000000000027048                nrf_log_std_entry_process
 .text.nrf_log_hexdump_entry_process
                0x0000000000027194      0x158 _build/nrf52832_xxaa/nrf_log_str_formatter.c.o
                0x0000000000027194                nrf_log_hexdump_entry_process
 .text.bsp_board_led_state_get
                0x00000000000272ec       0x20 _build/nrf52832_xxaa/boards.c.o
                0x00000000000272ec                bsp_board_led_state_get
 .text.bsp_board_led_on
                0x000000000002730c       0x18 _build/nrf52832_xxaa/boards.c.o
                0x000000000002730c                bsp_board_led_on
 .text.bsp_board_led_off
                0x0000000000027324       0x18 _build/nrf52832_xxaa/boards.c.o
                0x0000000000027324                bsp_board_led_off
 .text.bsp_board_leds_off
                0x000000000002733c       0x2c _build/nrf52832_xxaa/boards.c.o
                0x000000000002733c                bsp_board_leds_off
 .text.bsp_board_leds_on
                0x0000000000027368       0x2c _build/nrf52832_xxaa/boards.c.o
                0x0000000000027368                bsp_board_leds_on
 .text.bsp_board_led_invert
                0x0000000000027394       0x28 _build/nrf52832_xxaa/boards.c.o
                0x0000000000027394                bsp_board_led_invert
 .text.bsp_board_button_state_get
                0x00000000000273bc       0x20 _build/nrf52832_xxaa/boards.c.o
                0x00000000000273bc                bsp_board_button_state_get
 .text.bsp_board_pin_to_button_idx
                0x00000000000273dc       0x24 _build/nrf52832_xxaa/boards.c.o
                0x00000000000273dc                bsp_board_pin_to_button_idx
 .text.bsp_board_button_idx_to_pin
                0x0000000000027400        0xc _build/nrf52832_xxaa/boards.c.o
                0x0000000000027400                bsp_board_button_idx_to_pin
 .text.bsp_board_init
                0x000000000002740c       0x5c _build/nrf52832_xxaa/boards.c.o
                0x000000000002740c                bsp_board_init
 .text.detection_delay_timeout_handler
                0x0000000000027468      0x11c _build/nrf52832_xxaa/app_button.c.o
 .text.gpiote_event_handler
                0x0000000000027584       0x98 _build/nrf52832_xxaa/app_button.c.o
 .text.app_button_init
                0x000000000002761c       0xa8 _build/nrf52832_xxaa/app_button.c.o
                0x000000000002761c                app_button_init
 .text.app_button_enable
                0x00000000000276c4       0x2c _build/nrf52832_xxaa/app_button.c.o
                0x00000000000276c4                app_button_enable
 .text.app_error_handler_bare
                0x00000000000276f0       0x20 _build/nrf52832_xxaa/app_error.c.o
                0x00000000000276f0                app_error_handler_bare
 .text.app_error_save_and_stop
                0x0000000000027710       0x64 _build/nrf52832_xxaa/app_error.c.o
                0x0000000000027710                app_error_save_and_stop
 .text.app_fifo_init
                0x0000000000027774       0x20 _build/nrf52832_xxaa/app_fifo.c.o
                0x0000000000027774                app_fifo_init
 .text.app_fifo_put
                0x0000000000027794       0x30 _build/nrf52832_xxaa/app_fifo.c.o
                0x0000000000027794                app_fifo_put
 .text.app_fifo_get
                0x00000000000277c4       0x2c _build/nrf52832_xxaa/app_fifo.c.o
                0x00000000000277c4                app_fifo_get
 .text.RTC1_IRQHandler
                0x00000000000277f0       0xa0 _build/nrf52832_xxaa/app_timer.c.o
                0x00000000000277f0                RTC1_IRQHandler
 .text.SWI0_EGU0_IRQHandler
                0x0000000000027890      0x3a0 _build/nrf52832_xxaa/app_timer.c.o
                0x0000000000027890                SWI0_EGU0_IRQHandler
 .text.app_timer_init
                0x0000000000027c30       0xa8 _build/nrf52832_xxaa/app_timer.c.o
                0x0000000000027c30                app_timer_init
 .text.app_timer_create
                0x0000000000027cd8       0x24 _build/nrf52832_xxaa/app_timer.c.o
                0x0000000000027cd8                app_timer_create
 .text.app_timer_start
                0x0000000000027cfc       0xac _build/nrf52832_xxaa/app_timer.c.o
                0x0000000000027cfc                app_timer_start
 .text.app_timer_stop
                0x0000000000027da8       0x78 _build/nrf52832_xxaa/app_timer.c.o
                0x0000000000027da8                app_timer_stop
 .text.uart_event_handler
                0x0000000000027e20      0x114 _build/nrf52832_xxaa/app_uart_fifo.c.o
 .text.app_uart_init
                0x0000000000027f34       0xf4 _build/nrf52832_xxaa/app_uart_fifo.c.o
                0x0000000000027f34                app_uart_init
 .text.app_uart_get
                0x0000000000028028       0x60 _build/nrf52832_xxaa/app_uart_fifo.c.o
                0x0000000000028028                app_uart_get
 .text.app_uart_put
                0x0000000000028088       0x78 _build/nrf52832_xxaa/app_uart_fifo.c.o
                0x0000000000028088                app_uart_put
 .text.app_util_critical_region_enter
                0x0000000000028100       0x50 _build/nrf52832_xxaa/app_util_platform.c.o
                0x0000000000028100                app_util_critical_region_enter
 .text.app_util_critical_region_exit
                0x0000000000028150       0x30 _build/nrf52832_xxaa/app_util_platform.c.o
                0x0000000000028150                app_util_critical_region_exit
 .text.nrf_atflags_set
                0x0000000000028180       0x14 _build/nrf52832_xxaa/nrf_atflags.c.o
                0x0000000000028180                nrf_atflags_set
 .text.nrf_atflags_clear
                0x0000000000028194       0x1c _build/nrf52832_xxaa/nrf_atflags.c.o
                0x0000000000028194                nrf_atflags_clear
 .text.nrf_atflags_get
                0x00000000000281b0       0x14 _build/nrf52832_xxaa/nrf_atflags.c.o
                0x00000000000281b0                nrf_atflags_get
 .text.nrf_atomic_u32_fetch_store
                0x00000000000281c4       0x18 _build/nrf52832_xxaa/nrf_atomic.c.o
                0x00000000000281c4                nrf_atomic_u32_fetch_store
 .text.nrf_atomic_u32_or
                0x00000000000281dc       0x1c _build/nrf52832_xxaa/nrf_atomic.c.o
                0x00000000000281dc                nrf_atomic_u32_or
 .text.nrf_atomic_u32_and
                0x00000000000281f8       0x1c _build/nrf52832_xxaa/nrf_atomic.c.o
                0x00000000000281f8                nrf_atomic_u32_and
 .text.nrf_atomic_u32_add
                0x0000000000028214       0x1c _build/nrf52832_xxaa/nrf_atomic.c.o
                0x0000000000028214                nrf_atomic_u32_add
 .text.nrf_atomic_u32_sub
                0x0000000000028230       0x1c _build/nrf52832_xxaa/nrf_atomic.c.o
                0x0000000000028230                nrf_atomic_u32_sub
 .text.nrf_atomic_flag_set
                0x000000000002824c       0x1c _build/nrf52832_xxaa/nrf_atomic.c.o
                0x000000000002824c                nrf_atomic_flag_set
 .text.nrf_atomic_flag_clear_fetch
                0x0000000000028268       0x1c _build/nrf52832_xxaa/nrf_atomic.c.o
                0x0000000000028268                nrf_atomic_flag_clear_fetch
 .text.nrf_balloc_init
                0x0000000000028284       0x38 _build/nrf52832_xxaa/nrf_balloc.c.o
                0x0000000000028284                nrf_balloc_init
 .text.nrf_balloc_alloc
                0x00000000000282bc       0x50 _build/nrf52832_xxaa/nrf_balloc.c.o
                0x00000000000282bc                nrf_balloc_alloc
 .text.nrf_balloc_free
                0x000000000002830c       0x38 _build/nrf52832_xxaa/nrf_balloc.c.o
                0x000000000002830c                nrf_balloc_free
 .text.nrf_fprintf_buffer_flush
                0x0000000000028344       0x18 _build/nrf52832_xxaa/nrf_fprintf.c.o
                0x0000000000028344                nrf_fprintf_buffer_flush
 .text.nrf_fprintf
                0x000000000002835c       0x20 _build/nrf52832_xxaa/nrf_fprintf.c.o
                0x000000000002835c                nrf_fprintf
 .text.unsigned_print
                0x000000000002837c      0x13c _build/nrf52832_xxaa/nrf_fprintf_format.c.o
 .text.nrf_fprintf_fmt
                0x00000000000284b8      0x580 _build/nrf52832_xxaa/nrf_fprintf_format.c.o
                0x00000000000284b8                nrf_fprintf_fmt
 .text.nrf_memobj_pool_init
                0x0000000000028a38        0x4 _build/nrf52832_xxaa/nrf_memobj.c.o
                0x0000000000028a38                nrf_memobj_pool_init
 .text.nrf_memobj_alloc
                0x0000000000028a3c       0x8c _build/nrf52832_xxaa/nrf_memobj.c.o
                0x0000000000028a3c                nrf_memobj_alloc
 .text.nrf_memobj_get
                0x0000000000028ac8        0x8 _build/nrf52832_xxaa/nrf_memobj.c.o
                0x0000000000028ac8                nrf_memobj_get
 .text.nrf_memobj_put
                0x0000000000028ad0       0x40 _build/nrf52832_xxaa/nrf_memobj.c.o
                0x0000000000028ad0                nrf_memobj_put
 .text.nrf_memobj_write
                0x0000000000028b10       0x68 _build/nrf52832_xxaa/nrf_memobj.c.o
                0x0000000000028b10                nrf_memobj_write
 .text.nrf_memobj_read
                0x0000000000028b78       0x70 _build/nrf52832_xxaa/nrf_memobj.c.o
                0x0000000000028b78                nrf_memobj_read
 .text.sd_app_evt_wait
                0x0000000000028be8        0x4 _build/nrf52832_xxaa/nrf_pwr_mgmt.c.o
 .text.nrf_pwr_mgmt_init
                0x0000000000028bec       0x2c _build/nrf52832_xxaa/nrf_pwr_mgmt.c.o
                0x0000000000028bec                nrf_pwr_mgmt_init
 .text.nrf_pwr_mgmt_run
                0x0000000000028c18       0x50 _build/nrf52832_xxaa/nrf_pwr_mgmt.c.o
                0x0000000000028c18                nrf_pwr_mgmt_run
 .text.nrf_ringbuf_init
                0x0000000000028c68       0x1c _build/nrf52832_xxaa/nrf_ringbuf.c.o
                0x0000000000028c68                nrf_ringbuf_init
 .text.nrf_section_iter_init
                0x0000000000028c84       0x14 _build/nrf52832_xxaa/nrf_section_iter.c.o
                0x0000000000028c84                nrf_section_iter_init
 .text.nrf_section_iter_next
                0x0000000000028c98       0x18 _build/nrf52832_xxaa/nrf_section_iter.c.o
                0x0000000000028c98                nrf_section_iter_next
 .text.nrf_strerror_get
                0x0000000000028cb0       0x6c _build/nrf52832_xxaa/nrf_strerror.c.o
                0x0000000000028cb0                nrf_strerror_get
 .text._write   0x0000000000028d1c       0x1c _build/nrf52832_xxaa/retarget.c.o
                0x0000000000028d1c                _write
 .text._read    0x0000000000028d38       0x14 _build/nrf52832_xxaa/retarget.c.o
                0x0000000000028d38                _read
 .text.SystemInit
                0x0000000000028d4c      0x3cc _build/nrf52832_xxaa/system_nrf52.c.o
                0x0000000000028d4c                SystemInit
 .text.clock_irq_handler
                0x0000000000029118       0x40 _build/nrf52832_xxaa/nrf_drv_clock.c.o
 .text.soc_evt_handler
                0x0000000000029158       0x24 _build/nrf52832_xxaa/nrf_drv_clock.c.o
 .text.sd_state_evt_handler
                0x000000000002917c       0x9c _build/nrf52832_xxaa/nrf_drv_clock.c.o
 .text.uarte_evt_handler
                0x0000000000029218       0x34 _build/nrf52832_xxaa/nrf_drv_uart.c.o
 .text.uart_evt_handler
                0x000000000002924c       0x34 _build/nrf52832_xxaa/nrf_drv_uart.c.o
 .text.nrf_drv_uart_init
                0x0000000000029280       0x80 _build/nrf52832_xxaa/nrf_drv_uart.c.o
                0x0000000000029280                nrf_drv_uart_init
 .text.nrfx_clock_init
                0x0000000000029300       0x1c _build/nrf52832_xxaa/nrfx_clock.c.o
                0x0000000000029300                nrfx_clock_init
 .text.nrfx_clock_enable
                0x000000000002931c       0x24 _build/nrf52832_xxaa/nrfx_clock.c.o
                0x000000000002931c                nrfx_clock_enable
 .text.nrfx_clock_lfclk_stop
                0x0000000000029340       0x18 _build/nrf52832_xxaa/nrfx_clock.c.o
                0x0000000000029340                nrfx_clock_lfclk_stop
 .text.POWER_CLOCK_IRQHandler
                0x0000000000029358       0x60 _build/nrf52832_xxaa/nrfx_clock.c.o
                0x0000000000029358                POWER_CLOCK_IRQHandler
 .text.nrfx_gpiote_init
                0x00000000000293b8       0x98 _build/nrf52832_xxaa/nrfx_gpiote.c.o
                0x00000000000293b8                nrfx_gpiote_init
 .text.nrfx_gpiote_is_init
                0x0000000000029450       0x14 _build/nrf52832_xxaa/nrfx_gpiote.c.o
                0x0000000000029450                nrfx_gpiote_is_init
 .text.nrfx_gpiote_in_init
                0x0000000000029464      0x1b4 _build/nrf52832_xxaa/nrfx_gpiote.c.o
                0x0000000000029464                nrfx_gpiote_in_init
 .text.nrfx_gpiote_in_event_enable
                0x0000000000029618       0xc4 _build/nrf52832_xxaa/nrfx_gpiote.c.o
                0x0000000000029618                nrfx_gpiote_in_event_enable
 .text.nrfx_gpiote_in_is_set
                0x00000000000296dc       0x14 _build/nrf52832_xxaa/nrfx_gpiote.c.o
                0x00000000000296dc                nrfx_gpiote_in_is_set
 .text.GPIOTE_IRQHandler
                0x00000000000296f0      0x4f4 _build/nrf52832_xxaa/nrfx_gpiote.c.o
                0x00000000000296f0                GPIOTE_IRQHandler
 .text.UARTE0_UART0_IRQHandler
                0x0000000000029be4        0xc _build/nrf52832_xxaa/nrfx_prs.c.o
                0x0000000000029be4                UARTE0_UART0_IRQHandler
 .text.nrfx_prs_acquire
                0x0000000000029bf0       0x4c _build/nrf52832_xxaa/nrfx_prs.c.o
                0x0000000000029bf0                nrfx_prs_acquire
 .text.nrfx_uart_0_irq_handler
                0x0000000000029c3c      0x1c8 _build/nrf52832_xxaa/nrfx_uart.c.o
                0x0000000000029c3c                nrfx_uart_0_irq_handler
 .text.nrfx_uart_init
                0x0000000000029e04      0x18c _build/nrf52832_xxaa/nrfx_uart.c.o
                0x0000000000029e04                nrfx_uart_init
 .text.nrfx_uart_tx
                0x0000000000029f90       0xc8 _build/nrf52832_xxaa/nrfx_uart.c.o
                0x0000000000029f90                nrfx_uart_tx
 .text.nrfx_uart_tx_in_progress
                0x000000000002a058       0x18 _build/nrf52832_xxaa/nrfx_uart.c.o
                0x000000000002a058                nrfx_uart_tx_in_progress
 .text.nrfx_uart_rx
                0x000000000002a070      0x154 _build/nrf52832_xxaa/nrfx_uart.c.o
                0x000000000002a070                nrfx_uart_rx
 .text.nrfx_uarte_0_irq_handler
                0x000000000002a1c4      0x12c _build/nrf52832_xxaa/nrfx_uarte.c.o
                0x000000000002a1c4                nrfx_uarte_0_irq_handler
 .text.nrfx_uarte_init
                0x000000000002a2f0      0x1cc _build/nrf52832_xxaa/nrfx_uarte.c.o
                0x000000000002a2f0                nrfx_uarte_init
 .text.nrfx_uarte_tx
                0x000000000002a4bc       0x98 _build/nrf52832_xxaa/nrfx_uarte.c.o
                0x000000000002a4bc                nrfx_uarte_tx
 .text.nrfx_uarte_tx_in_progress
                0x000000000002a554       0x1c _build/nrf52832_xxaa/nrfx_uarte.c.o
                0x000000000002a554                nrfx_uarte_tx_in_progress
 .text.nrfx_uarte_rx
                0x000000000002a570      0x12c _build/nrf52832_xxaa/nrfx_uarte.c.o
                0x000000000002a570                nrfx_uarte_rx
 .text.alert_timer_handler
                0x000000000002a69c        0x8 _build/nrf52832_xxaa/bsp.c.o
 .text.bsp_button_event_handler
                0x000000000002a6a4       0xa4 _build/nrf52832_xxaa/bsp.c.o
 .text.button_timer_handler
                0x000000000002a748       0x30 _build/nrf52832_xxaa/bsp.c.o
 .text.leds_timer_handler
                0x000000000002a778      0x2ec _build/nrf52832_xxaa/bsp.c.o
 .text.bsp_button_is_pressed
                0x000000000002aa64        0xc _build/nrf52832_xxaa/bsp.c.o
                0x000000000002aa64                bsp_button_is_pressed
 .text.bsp_indication_set
                0x000000000002aa70      0x334 _build/nrf52832_xxaa/bsp.c.o
                0x000000000002aa70                bsp_indication_set
 .text.bsp_init
                0x000000000002ada4       0xc0 _build/nrf52832_xxaa/bsp.c.o
                0x000000000002ada4                bsp_init
 .text.bsp_event_to_button_action_assign
                0x000000000002ae64       0x50 _build/nrf52832_xxaa/bsp.c.o
                0x000000000002ae64                bsp_event_to_button_action_assign
 .text.bsp_wakeup_button_enable
                0x000000000002aeb4       0x30 _build/nrf52832_xxaa/bsp.c.o
                0x000000000002aeb4                bsp_wakeup_button_enable
 .text.ble_evt_handler
                0x000000000002aee4       0xb0 _build/nrf52832_xxaa/bsp_btn_ble.c.o
 .text.bsp_btn_ble_sleep_mode_prepare
                0x000000000002af94       0x24 _build/nrf52832_xxaa/bsp_btn_ble.c.o
                0x000000000002af94                bsp_btn_ble_sleep_mode_prepare
 .text.bsp_btn_ble_init
                0x000000000002afb8       0x70 _build/nrf52832_xxaa/bsp_btn_ble.c.o
                0x000000000002afb8                bsp_btn_ble_init
 .text.sd_ble_gap_disconnect
                0x000000000002b028        0x4 _build/nrf52832_xxaa/main.c.o
 .text.sd_ble_gap_ppcp_set
                0x000000000002b02c        0x4 _build/nrf52832_xxaa/main.c.o
 .text.sd_ble_gap_device_name_set
                0x000000000002b030        0x4 _build/nrf52832_xxaa/main.c.o
 .text.sd_ble_gap_sec_params_reply
                0x000000000002b034        0x4 _build/nrf52832_xxaa/main.c.o
 .text.sd_ble_gap_phy_update
                0x000000000002b038        0x4 _build/nrf52832_xxaa/main.c.o
 .text.sd_ble_gatts_sys_attr_set
                0x000000000002b03c        0x4 _build/nrf52832_xxaa/main.c.o
 .text.sd_power_system_off
                0x000000000002b040        0x4 _build/nrf52832_xxaa/main.c.o
 .text.gatt_evt_handler
                0x000000000002b044       0x44 _build/nrf52832_xxaa/main.c.o
                0x000000000002b044                gatt_evt_handler
 .text.conn_params_error_handler
                0x000000000002b088        0x4 _build/nrf52832_xxaa/main.c.o
 .text.ble_evt_handler
                0x000000000002b08c      0x100 _build/nrf52832_xxaa/main.c.o
 .text.on_conn_params_evt
                0x000000000002b18c       0x24 _build/nrf52832_xxaa/main.c.o
 .text.bsp_event_handler
                0x000000000002b1b0       0x70 _build/nrf52832_xxaa/main.c.o
                0x000000000002b1b0                bsp_event_handler
 .text.data_handler
                0x000000000002b220       0x28 _build/nrf52832_xxaa/main.c.o
 .text.nus_data_handler
                0x000000000002b248       0x9c _build/nrf52832_xxaa/main.c.o
 .text.nrf_qwr_error_handler
                0x000000000002b2e4        0x4 _build/nrf52832_xxaa/main.c.o
 .text.on_adv_evt
                0x000000000002b2e8       0x3c _build/nrf52832_xxaa/main.c.o
 .text.app_error_fault_handler
                0x000000000002b324        0x4 _build/nrf52832_xxaa/main.c.o
                0x000000000002b324                app_error_fault_handler
 .text.parse_led_command
                0x000000000002b328      0x11c _build/nrf52832_xxaa/main.c.o
                0x000000000002b328                parse_led_command
 .text.uart_event_handle
                0x000000000002b444       0x80 _build/nrf52832_xxaa/main.c.o
                0x000000000002b444                uart_event_handle
 .text.gatt_init
                0x000000000002b4c4       0x30 _build/nrf52832_xxaa/main.c.o
                0x000000000002b4c4                gatt_init
 .text.startup.main
                0x000000000002b4f4      0x50c _build/nrf52832_xxaa/main.c.o
                0x000000000002b4f4                main
 .text.SEGGER_RTT_WriteNoLock
                0x000000000002ba00      0x188 _build/nrf52832_xxaa/SEGGER_RTT.c.o
                0x000000000002ba00                SEGGER_RTT_WriteNoLock
 .text.SEGGER_RTT_Init
                0x000000000002bb88       0x60 _build/nrf52832_xxaa/SEGGER_RTT.c.o
                0x000000000002bb88                SEGGER_RTT_Init
 .text.sd_ble_gap_addr_get
                0x000000000002bbe8        0x4 _build/nrf52832_xxaa/ble_advdata.c.o
 .text.sd_ble_gap_appearance_get
                0x000000000002bbec        0x4 _build/nrf52832_xxaa/ble_advdata.c.o
 .text.sd_ble_gap_device_name_get
                0x000000000002bbf0        0x4 _build/nrf52832_xxaa/ble_advdata.c.o
 .text.sd_ble_uuid_encode
                0x000000000002bbf4        0x4 _build/nrf52832_xxaa/ble_advdata.c.o
 .text.uuid_list_sized_encode
                0x000000000002bbf8       0xb8 _build/nrf52832_xxaa/ble_advdata.c.o
 .text.ble_advdata_encode
                0x000000000002bcb0      0x40c _build/nrf52832_xxaa/ble_advdata.c.o
                0x000000000002bcb0                ble_advdata_encode
 .text.ble_advdata_parse
                0x000000000002c0bc       0x4c _build/nrf52832_xxaa/ble_advdata.c.o
                0x000000000002c0bc                ble_advdata_parse
 .text.sd_ble_gap_adv_set_configure
                0x000000000002c108        0x4 _build/nrf52832_xxaa/ble_advertising.c.o
 .text.sd_ble_gap_adv_start
                0x000000000002c10c        0x4 _build/nrf52832_xxaa/ble_advertising.c.o
 .text.sd_ble_gap_adv_stop
                0x000000000002c110        0x4 _build/nrf52832_xxaa/ble_advertising.c.o
 .text.ble_advertising_start.part.3
                0x000000000002c114      0x300 _build/nrf52832_xxaa/ble_advertising.c.o
 .text.ble_advertising_conn_cfg_tag_set
                0x000000000002c414        0x8 _build/nrf52832_xxaa/ble_advertising.c.o
                0x000000000002c414                ble_advertising_conn_cfg_tag_set
 .text.ble_advertising_init
                0x000000000002c41c      0x108 _build/nrf52832_xxaa/ble_advertising.c.o
                0x000000000002c41c                ble_advertising_init
 .text.ble_advertising_start
                0x000000000002c524      0x308 _build/nrf52832_xxaa/ble_advertising.c.o
                0x000000000002c524                ble_advertising_start
 .text.ble_advertising_on_ble_evt
                0x000000000002c82c       0x90 _build/nrf52832_xxaa/ble_advertising.c.o
                0x000000000002c82c                ble_advertising_on_ble_evt
 .text.ble_advertising_on_sys_evt
                0x000000000002c8bc        0x4 _build/nrf52832_xxaa/ble_advertising.c.o
                0x000000000002c8bc                ble_advertising_on_sys_evt
 .text.ble_advertising_restart_without_whitelist
                0x000000000002c8c0       0x64 _build/nrf52832_xxaa/ble_advertising.c.o
                0x000000000002c8c0                ble_advertising_restart_without_whitelist
 .text.sd_ble_gap_conn_param_update
                0x000000000002c924        0x4 _build/nrf52832_xxaa/ble_conn_params.c.o
 .text.sd_ble_gap_disconnect
                0x000000000002c928        0x4 _build/nrf52832_xxaa/ble_conn_params.c.o
 .text.sd_ble_gap_ppcp_set
                0x000000000002c92c        0x4 _build/nrf52832_xxaa/ble_conn_params.c.o
 .text.sd_ble_gap_ppcp_get
                0x000000000002c930        0x4 _build/nrf52832_xxaa/ble_conn_params.c.o
 .text.update_timeout_handler
                0x000000000002c934       0x80 _build/nrf52832_xxaa/ble_conn_params.c.o
 .text.ble_evt_handler
                0x000000000002c9b4      0x1f4 _build/nrf52832_xxaa/ble_conn_params.c.o
 .text.ble_conn_params_init
                0x000000000002cba8       0x7c _build/nrf52832_xxaa/ble_conn_params.c.o
                0x000000000002cba8                ble_conn_params_init
 .text.ble_evt_handler
                0x000000000002cc24      0x134 _build/nrf52832_xxaa/ble_conn_state.c.o
 .text.ble_conn_state_conn_idx
                0x000000000002cd58       0x24 _build/nrf52832_xxaa/ble_conn_state.c.o
                0x000000000002cd58                ble_conn_state_conn_idx
 .text.blcm_link_ctx_get
                0x000000000002cd7c       0x4c _build/nrf52832_xxaa/ble_link_ctx_manager.c.o
                0x000000000002cd7c                blcm_link_ctx_get
 .text.sd_ble_gatts_characteristic_add
                0x000000000002cdc8        0x4 _build/nrf52832_xxaa/ble_srv_common.c.o
 .text.ble_srv_is_notification_enabled
                0x000000000002cdcc        0x8 _build/nrf52832_xxaa/ble_srv_common.c.o
                0x000000000002cdcc                ble_srv_is_notification_enabled
 .text.characteristic_add
                0x000000000002cdd4      0x3fc _build/nrf52832_xxaa/ble_srv_common.c.o
                0x000000000002cdd4                characteristic_add
 .text.sd_ble_gap_data_length_update
                0x000000000002d1d0        0x4 _build/nrf52832_xxaa/nrf_ble_gatt.c.o
 .text.sd_ble_gattc_exchange_mtu_request
                0x000000000002d1d4        0x4 _build/nrf52832_xxaa/nrf_ble_gatt.c.o
 .text.sd_ble_gatts_exchange_mtu_reply
                0x000000000002d1d8        0x4 _build/nrf52832_xxaa/nrf_ble_gatt.c.o
 .text.nrf_ble_gatt_init
                0x000000000002d1dc       0x2c _build/nrf52832_xxaa/nrf_ble_gatt.c.o
                0x000000000002d1dc                nrf_ble_gatt_init
 .text.nrf_ble_gatt_att_mtu_periph_set
                0x000000000002d208       0x18 _build/nrf52832_xxaa/nrf_ble_gatt.c.o
                0x000000000002d208                nrf_ble_gatt_att_mtu_periph_set
 .text.nrf_ble_gatt_on_ble_evt
                0x000000000002d220      0x26c _build/nrf52832_xxaa/nrf_ble_gatt.c.o
                0x000000000002d220                nrf_ble_gatt_on_ble_evt
 .text.sd_ble_gatts_rw_authorize_reply
                0x000000000002d48c        0x4 _build/nrf52832_xxaa/nrf_ble_qwr.c.o
 .text.sd_ble_user_mem_reply
                0x000000000002d490        0x4 _build/nrf52832_xxaa/nrf_ble_qwr.c.o
 .text.nrf_ble_qwr_init
                0x000000000002d494       0x24 _build/nrf52832_xxaa/nrf_ble_qwr.c.o
                0x000000000002d494                nrf_ble_qwr_init
 .text.nrf_ble_qwr_conn_handle_assign
                0x000000000002d4b8       0x18 _build/nrf52832_xxaa/nrf_ble_qwr.c.o
                0x000000000002d4b8                nrf_ble_qwr_conn_handle_assign
 .text.nrf_ble_qwr_on_ble_evt
                0x000000000002d4d0       0xd8 _build/nrf52832_xxaa/nrf_ble_qwr.c.o
                0x000000000002d4d0                nrf_ble_qwr_on_ble_evt
 .text.sd_ble_gatts_service_add
                0x000000000002d5a8        0x4 _build/nrf52832_xxaa/ble_nus.c.o
 .text.sd_ble_gatts_value_get
                0x000000000002d5ac        0x4 _build/nrf52832_xxaa/ble_nus.c.o
 .text.sd_ble_uuid_vs_add
                0x000000000002d5b0        0x4 _build/nrf52832_xxaa/ble_nus.c.o
 .text.ble_nus_on_ble_evt
                0x000000000002d5b4      0x14c _build/nrf52832_xxaa/ble_nus.c.o
                0x000000000002d5b4                ble_nus_on_ble_evt
 .text.ble_nus_init
                0x000000000002d700       0xe4 _build/nrf52832_xxaa/ble_nus.c.o
                0x000000000002d700                ble_nus_init
 .text.sd_softdevice_enable
                0x000000000002d7e4        0x4 _build/nrf52832_xxaa/nrf_sdh.c.o
 .text.nrf_sdh_enable_request
                0x000000000002d7e8      0x10c _build/nrf52832_xxaa/nrf_sdh.c.o
                0x000000000002d7e8                nrf_sdh_enable_request
 .text.nrf_sdh_is_enabled
                0x000000000002d8f4        0xc _build/nrf52832_xxaa/nrf_sdh.c.o
                0x000000000002d8f4                nrf_sdh_is_enabled
 .text.SWI2_EGU2_IRQHandler
                0x000000000002d900       0x2c _build/nrf52832_xxaa/nrf_sdh.c.o
                0x000000000002d900                SWI2_EGU2_IRQHandler
 .text.sd_ble_enable
                0x000000000002d92c        0x4 _build/nrf52832_xxaa/nrf_sdh_ble.c.o
 .text.sd_ble_cfg_set
                0x000000000002d930        0x4 _build/nrf52832_xxaa/nrf_sdh_ble.c.o
 .text.sd_ble_evt_get
                0x000000000002d934        0x4 _build/nrf52832_xxaa/nrf_sdh_ble.c.o
 .text.nrf_sdh_ble_evts_poll.part.1
                0x000000000002d938       0x50 _build/nrf52832_xxaa/nrf_sdh_ble.c.o
 .text.nrf_sdh_ble_evts_poll
                0x000000000002d988       0x10 _build/nrf52832_xxaa/nrf_sdh_ble.c.o
 .text.nrf_sdh_ble_default_cfg_set
                0x000000000002d998      0x1bc _build/nrf52832_xxaa/nrf_sdh_ble.c.o
                0x000000000002d998                nrf_sdh_ble_default_cfg_set
 .text.nrf_sdh_ble_enable
                0x000000000002db54       0x9c _build/nrf52832_xxaa/nrf_sdh_ble.c.o
                0x000000000002db54                nrf_sdh_ble_enable
 .text.sd_evt_get
                0x000000000002dbf0        0x4 _build/nrf52832_xxaa/nrf_sdh_soc.c.o
 .text.nrf_sdh_soc_evts_poll
                0x000000000002dbf4       0x4c _build/nrf52832_xxaa/nrf_sdh_soc.c.o
 .text          0x000000000002dc40        0xc /usr/lib/gcc/arm-none-eabi/5.4.1/../../../arm-none-eabi/lib/armv7e-m/fpu/libc_nano.a(lib_a-atexit.o)
                0x000000000002dc40                atexit
 .text          0x000000000002dc4c       0x28 /usr/lib/gcc/arm-none-eabi/5.4.1/../../../arm-none-eabi/lib/armv7e-m/fpu/libc_nano.a(lib_a-exit.o)
                0x000000000002dc4c                exit
 .text          0x000000000002dc74       0x28 /usr/lib/gcc/arm-none-eabi/5.4.1/../../../arm-none-eabi/lib/armv7e-m/fpu/libc_nano.a(lib_a-fini.o)
                0x000000000002dc74                __libc_fini_array
 .text          0x000000000002dc9c       0x50 /usr/lib/gcc/arm-none-eabi/5.4.1/../../../arm-none-eabi/lib/armv7e-m/fpu/libc_nano.a(lib_a-init.o)
                0x000000000002dc9c                __libc_init_array
 .text          0x000000000002dcec      0x134 /usr/lib/gcc/arm-none-eabi/5.4.1/../../../arm-none-eabi/lib/armv7e-m/fpu/libc_nano.a(lib_a-memcpy.o)
                0x000000000002dcec                memcpy
 .text          0x000000000002de20       0x9c /usr/lib/gcc/arm-none-eabi/5.4.1/../../../arm-none-eabi/lib/armv7e-m/fpu/libc_nano.a(lib_a-memset.o)
                0x000000000002de20                memset
 .text          0x000000000002debc       0x60 /usr/lib/gcc/arm-none-eabi/5.4.1/../../../arm-none-eabi/lib/armv7e-m/fpu/libc_nano.a(lib_a-printf.o)
                0x000000000002debc                _printf_r
                0x000000000002debc                _iprintf_r
                0x000000000002dee8                printf
                0x000000000002dee8                iprintf
 .text          0x000000000002df1c       0xbc /usr/lib/gcc/arm-none-eabi/5.4.1/../../../arm-none-eabi/lib/armv7e-m/fpu/libc_nano.a(lib_a-strcpy.o)
                0x000000000002df1c                strcpy
 *fill*         0x000000000002dfd8       0x28 
 .text          0x000000000002e000       0xdc /usr/lib/gcc/arm-none-eabi/5.4.1/../../../arm-none-eabi/lib/armv7e-m/fpu/libc_nano.a(lib_a-strlen.o)
                0x000000000002e000                strlen
 .text          0x000000000002e0dc       0xd0 /usr/lib/gcc/arm-none-eabi/5.4.1/../../../arm-none-eabi/lib/armv7e-m/fpu/libc_nano.a(lib_a-__atexit.o)
                0x000000000002e0dc                __register_exitproc
 .text          0x000000000002e1ac       0xf8 /usr/lib/gcc/arm-none-eabi/5.4.1/../../../arm-none-eabi/lib/armv7e-m/fpu/libc_nano.a(lib_a-__call_atexit.o)
                0x000000000002e1ac                __call_exitprocs
 .text          0x000000000002e2a4      0x22c /usr/lib/gcc/arm-none-eabi/5.4.1/../../../arm-none-eabi/lib/armv7e-m/fpu/libc_nano.a(lib_a-findfp.o)
                0x000000000002e2a8                _cleanup_r
                0x000000000002e2b8                __sfmoreglue
                0x000000000002e2e8                __sfp
                0x000000000002e47c                _cleanup
                0x000000000002e490                __sinit
                0x000000000002e498                __sfp_lock_acquire
                0x000000000002e49c                __sfp_lock_release
                0x000000000002e4a0                __sinit_lock_acquire
                0x000000000002e4a4                __sinit_lock_release
                0x000000000002e4a8                __fp_lock_all
                0x000000000002e4bc                __fp_unlock_all
 .text          0x000000000002e4d0       0xa0 /usr/lib/gcc/arm-none-eabi/5.4.1/../../../arm-none-eabi/lib/armv7e-m/fpu/libc_nano.a(lib_a-fwalk.o)
                0x000000000002e4d0                _fwalk
                0x000000000002e51c                _fwalk_reent
 .text          0x000000000002e570       0xbc /usr/lib/gcc/arm-none-eabi/5.4.1/../../../arm-none-eabi/lib/armv7e-m/fpu/libc_nano.a(lib_a-nano-mallocr.o)
                0x000000000002e570                _malloc_r
 .text          0x000000000002e62c      0x2fc /usr/lib/gcc/arm-none-eabi/5.4.1/../../../arm-none-eabi/lib/armv7e-m/fpu/libc_nano.a(lib_a-nano-vfprintf.o)
                0x000000000002e660                __sfputs_r
                0x000000000002e68c                __sprint_r
                0x000000000002e6a8                _vfiprintf_r
                0x000000000002e6a8                _vfprintf_r
                0x000000000002e910                vfiprintf
                0x000000000002e910                vfprintf
 .text          0x000000000002e928      0x3d8 /usr/lib/gcc/arm-none-eabi/5.4.1/../../../arm-none-eabi/lib/armv7e-m/fpu/libc_nano.a(lib_a-nano-vfprintf_i.o)
                0x000000000002e928                _printf_common
                0x000000000002ea58                _printf_i
 .text          0x000000000002ed00       0x24 /usr/lib/gcc/arm-none-eabi/5.4.1/../../../arm-none-eabi/lib/armv7e-m/fpu/libc_nano.a(lib_a-sbrkr.o)
                0x000000000002ed00                _sbrk_r
 .text          0x000000000002ed24       0x8c /usr/lib/gcc/arm-none-eabi/5.4.1/../../../arm-none-eabi/lib/armv7e-m/fpu/libc_nano.a(lib_a-stdio.o)
                0x000000000002ed24                __sread
                0x000000000002ed48                __seofread
                0x000000000002ed4c                __swrite
                0x000000000002ed88                __sseek
                0x000000000002eda8                __sclose
 .text          0x000000000002edb0       0xc4 /usr/lib/gcc/arm-none-eabi/5.4.1/../../../arm-none-eabi/lib/armv7e-m/fpu/libc_nano.a(lib_a-wbuf.o)
                0x000000000002edb0                __swbuf_r
                0x000000000002ee64                __swbuf
 .text          0x000000000002ee74       0x2c /usr/lib/gcc/arm-none-eabi/5.4.1/../../../arm-none-eabi/lib/armv7e-m/fpu/libc_nano.a(lib_a-writer.o)
                0x000000000002ee74                _write_r
 .text          0x000000000002eea0       0xf4 /usr/lib/gcc/arm-none-eabi/5.4.1/../../../arm-none-eabi/lib/armv7e-m/fpu/libc_nano.a(lib_a-wsetup.o)
                0x000000000002eea0                __swsetup_r
 .text          0x000000000002ef94       0x24 /usr/lib/gcc/arm-none-eabi/5.4.1/../../../arm-none-eabi/lib/armv7e-m/fpu/libc_nano.a(lib_a-closer.o)
                0x000000000002ef94                _close_r
 .text          0x000000000002efb8      0x1b8 /usr/lib/gcc/arm-none-eabi/5.4.1/../../../arm-none-eabi/lib/armv7e-m/fpu/libc_nano.a(lib_a-fflush.o)
                0x000000000002efb8                __sflush_r
                0x000000000002f0e8                _fflush_r
                0x000000000002f14c                fflush
 .text          0x000000000002f170      0x304 /usr/lib/gcc/arm-none-eabi/5.4.1/../../../arm-none-eabi/lib/armv7e-m/fpu/libc_nano.a(lib_a-fvwrite.o)
                0x000000000002f170                __sfvwrite_r
 .text          0x000000000002f474       0x2c /usr/lib/gcc/arm-none-eabi/5.4.1/../../../arm-none-eabi/lib/armv7e-m/fpu/libc_nano.a(lib_a-lseekr.o)
                0x000000000002f474                _lseek_r
 .text          0x000000000002f4a0       0xe4 /usr/lib/gcc/arm-none-eabi/5.4.1/../../../arm-none-eabi/lib/armv7e-m/fpu/libc_nano.a(lib_a-makebuf.o)
                0x000000000002f4a0                __swhatbuf_r
                0x000000000002f4fc                __smakebuf_r
 *fill*         0x000000000002f584        0xc 
 .text          0x000000000002f590       0xa0 /usr/lib/gcc/arm-none-eabi/5.4.1/../../../arm-none-eabi/lib/armv7e-m/fpu/libc_nano.a(lib_a-memchr.o)
                0x000000000002f590                memchr
 .text          0x000000000002f630       0xc8 /usr/lib/gcc/arm-none-eabi/5.4.1/../../../arm-none-eabi/lib/armv7e-m/fpu/libc_nano.a(lib_a-memmove.o)
                0x000000000002f630                memmove
 .text          0x000000000002f6f8       0x8c /usr/lib/gcc/arm-none-eabi/5.4.1/../../../arm-none-eabi/lib/armv7e-m/fpu/libc_nano.a(lib_a-nano-freer.o)
                0x000000000002f6f8                _free_r
 .text          0x000000000002f784       0x48 /usr/lib/gcc/arm-none-eabi/5.4.1/../../../arm-none-eabi/lib/armv7e-m/fpu/libc_nano.a(lib_a-nano-reallocr.o)
                0x000000000002f784                _realloc_r
 .text          0x000000000002f7cc       0x2c /usr/lib/gcc/arm-none-eabi/5.4.1/../../../arm-none-eabi/lib/armv7e-m/fpu/libc_nano.a(lib_a-readr.o)
                0x000000000002f7cc                _read_r
 .text          0x000000000002f7f8       0x28 /usr/lib/gcc/arm-none-eabi/5.4.1/../../../arm-none-eabi/lib/armv7e-m/fpu/libc_nano.a(lib_a-fstatr.o)
                0x000000000002f7f8                _fstat_r
 .text          0x000000000002f820       0x24 /usr/lib/gcc/arm-none-eabi/5.4.1/../../../arm-none-eabi/lib/armv7e-m/fpu/libc_nano.a(lib_a-isattyr.o)
                0x000000000002f820                _isatty_r
 .text          0x000000000002f844       0x14 /usr/lib/gcc/arm-none-eabi/5.4.1/../../../arm-none-eabi/lib/armv7e-m/fpu/libc_nano.a(lib_a-nano-msizer.o)
                0x000000000002f844                _malloc_usable_size_r
 .text          0x000000000002f858       0x10 /usr/lib/gcc/arm-none-eabi/5.4.1/../../../arm-none-eabi/lib/armv7e-m/fpu/libnosys.a(close.o)
                0x000000000002f858                _close
 .text          0x000000000002f868       0x10 /usr/lib/gcc/arm-none-eabi/5.4.1/../../../arm-none-eabi/lib/armv7e-m/fpu/libnosys.a(fstat.o)
                0x000000000002f868                _fstat
 .text          0x000000000002f878       0x10 /usr/lib/gcc/arm-none-eabi/5.4.1/../../../arm-none-eabi/lib/armv7e-m/fpu/libnosys.a(isatty.o)
                0x000000000002f878                _isatty
 .text          0x000000000002f888       0x10 /usr/lib/gcc/arm-none-eabi/5.4.1/../../../arm-none-eabi/lib/armv7e-m/fpu/libnosys.a(lseek.o)
                0x000000000002f888                _lseek
 .text          0x000000000002f898       0x1c /usr/lib/gcc/arm-none-eabi/5.4.1/../../../arm-none-eabi/lib/armv7e-m/fpu/libnosys.a(sbrk.o)
                0x000000000002f898                _sbrk
 .text          0x000000000002f8b4        0x4 /usr/lib/gcc/arm-none-eabi/5.4.1/../../../arm-none-eabi/lib/armv7e-m/fpu/libnosys.a(_exit.o)
                0x000000000002f8b4                _exit
 .text          0x000000000002f8b8       0x30 /usr/lib/gcc/arm-none-eabi/5.4.1/armv7e-m/fpu/libgcc.a(_aeabi_uldivmod.o)
                0x000000000002f8b8                __aeabi_uldivmod
 .text          0x000000000002f8e8      0x2e4 /usr/lib/gcc/arm-none-eabi/5.4.1/armv7e-m/fpu/libgcc.a(_udivmoddi4.o)
                0x000000000002f8e8                __udivmoddi4
 .text          0x000000000002fbcc        0x4 /usr/lib/gcc/arm-none-eabi/5.4.1/armv7e-m/fpu/libgcc.a(_dvmd_tls.o)
                0x000000000002fbcc                __aeabi_ldiv0
                0x000000000002fbcc                __aeabi_idiv0
 *(.init)
 .init          0x000000000002fbd0        0x4 /usr/lib/gcc/arm-none-eabi/5.4.1/armv7e-m/fpu/crti.o
                0x000000000002fbd0                _init
 .init          0x000000000002fbd4        0x8 /usr/lib/gcc/arm-none-eabi/5.4.1/armv7e-m/fpu/crtn.o
 *(.fini)
 .fini          0x000000000002fbdc        0x4 /usr/lib/gcc/arm-none-eabi/5.4.1/armv7e-m/fpu/crti.o
                0x000000000002fbdc                _fini
 .fini          0x000000000002fbe0        0x8 /usr/lib/gcc/arm-none-eabi/5.4.1/armv7e-m/fpu/crtn.o
 *crtbegin.o(.ctors)
 *crtbegin?.o(.ctors)
 *(EXCLUDE_FILE(*crtend.o *crtend?.o) .ctors)
 *(SORT(.ctors.*))
 *(.ctors)
 *crtbegin.o(.dtors)
 *crtbegin?.o(.dtors)
 *(EXCLUDE_FILE(*crtend.o *crtend?.o) .dtors)
 *(SORT(.dtors.*))
 *(.dtors)
 *(.rodata*)
 .rodata.str1.4
                0x000000000002fbe8        0x4 _build/nrf52832_xxaa/nrfx_i2s.c.o
 *fill*         0x000000000002fbec        0x4 
 .rodata.delay_machine_code.7781
                0x000000000002fbf0        0x6 _build/nrf52832_xxaa/nrf_log_backend_rtt.c.o
 *fill*         0x000000000002fbf6        0x2 
 .rodata.nrf_log_backend_rtt_api
                0x000000000002fbf8        0xc _build/nrf52832_xxaa/nrf_log_backend_rtt.c.o
                0x000000000002fbf8                nrf_log_backend_rtt_api
 .rodata.str1.4
                0x000000000002fc04       0x10 _build/nrf52832_xxaa/nrf_log_default_backends.c.o
 .rodata.str1.4
                0x000000000002fc14       0x18 _build/nrf52832_xxaa/nrf_log_frontend.c.o
 .rodata.m_log_push_ringbuf
                0x000000000002fc2c        0xc _build/nrf52832_xxaa/nrf_log_frontend.c.o
 .rodata.severity_names
                0x000000000002fc38       0x14 _build/nrf52832_xxaa/nrf_log_str_formatter.c.o
 .rodata.m_colors
                0x000000000002fc4c       0x24 _build/nrf52832_xxaa/nrf_log_str_formatter.c.o
 .rodata.str1.4
                0x000000000002fc70       0xa2 _build/nrf52832_xxaa/nrf_log_str_formatter.c.o
                                         0xaa (size before relaxing)
 *fill*         0x000000000002fd12        0x2 
 .rodata.m_board_btn_list
                0x000000000002fd14        0x4 _build/nrf52832_xxaa/boards.c.o
 .rodata.m_board_led_list
                0x000000000002fd18        0x4 _build/nrf52832_xxaa/boards.c.o
 .rodata.m_detection_delay_timer_id
                0x000000000002fd1c        0x4 _build/nrf52832_xxaa/app_button.c.o
 .rodata.delay_machine_code.7505
                0x000000000002fd20        0x6 _build/nrf52832_xxaa/app_timer.c.o
 *fill*         0x000000000002fd26        0x2 
 .rodata        0x000000000002fd28       0x20 _build/nrf52832_xxaa/app_uart_fifo.c.o
 .rodata._aV2C.6211
                0x000000000002fd48       0x10 _build/nrf52832_xxaa/nrf_fprintf_format.c.o
 .rodata.str1.4
                0x000000000002fd58        0x9 _build/nrf52832_xxaa/nrf_pwr_mgmt.c.o
 *fill*         0x000000000002fd61        0x3 
 .rodata.pwr_mgmt_data
                0x000000000002fd64        0xc _build/nrf52832_xxaa/nrf_pwr_mgmt.c.o
 .rodata.str1.4
                0x000000000002fd70      0x3e9 _build/nrf52832_xxaa/nrf_strerror.c.o
 *fill*         0x0000000000030159        0x3 
 .rodata.nrf_strerror_array
                0x000000000003015c      0x128 _build/nrf52832_xxaa/nrf_strerror.c.o
 .rodata.m_unknown_str
                0x0000000000030284       0x13 _build/nrf52832_xxaa/nrf_strerror.c.o
 *fill*         0x0000000000030297        0x1 
 .rodata.str1.4
                0x0000000000030298        0x6 _build/nrf52832_xxaa/nrf_drv_clock.c.o
 *fill*         0x000000000003029e        0x2 
 .rodata.str1.4
                0x00000000000302a0        0x6 _build/nrf52832_xxaa/nrfx_clock.c.o
 *fill*         0x00000000000302a6        0x2 
 .rodata.str1.4
                0x00000000000302a8        0x7 _build/nrf52832_xxaa/nrfx_gpiote.c.o
 *fill*         0x00000000000302af        0x1 
 .rodata.str1.4
                0x00000000000302b0        0x4 _build/nrf52832_xxaa/nrfx_prs.c.o
 .rodata.str1.4
                0x00000000000302b4        0x5 _build/nrf52832_xxaa/nrfx_uart.c.o
 *fill*         0x00000000000302b9        0x3 
 .rodata.str1.4
                0x00000000000302bc        0x6 _build/nrf52832_xxaa/nrfx_uarte.c.o
 *fill*         0x00000000000302c2        0x2 
 .rodata.m_bsp_alert_tmr
                0x00000000000302c4        0x4 _build/nrf52832_xxaa/bsp.c.o
 .rodata.m_bsp_leds_tmr
                0x00000000000302c8        0x4 _build/nrf52832_xxaa/bsp.c.o
 .rodata.m_bsp_button_tmr
                0x00000000000302cc        0x4 _build/nrf52832_xxaa/bsp.c.o
 .rodata.app_buttons
                0x00000000000302d0       0x20 _build/nrf52832_xxaa/bsp.c.o
 .rodata        0x00000000000302f0       0x2c _build/nrf52832_xxaa/main.c.o
 *fill*         0x000000000003031c        0x4 
 .rodata.delay_machine_code.9284
                0x0000000000030320        0x6 _build/nrf52832_xxaa/main.c.o
 *fill*         0x0000000000030326        0x2 
 .rodata.str1.4
                0x0000000000030328      0x1b9 _build/nrf52832_xxaa/main.c.o
                                        0x1c1 (size before relaxing)
 *fill*         0x00000000000304e1        0x3 
 .rodata.str1.4
                0x00000000000304e4       0x17 _build/nrf52832_xxaa/SEGGER_RTT.c.o
 *fill*         0x00000000000304fb        0x1 
 .rodata.str1.4
                0x00000000000304fc      0x155 _build/nrf52832_xxaa/nrf_ble_gatt.c.o
 *fill*         0x0000000000030651        0x3 
 .rodata        0x0000000000030654       0x10 _build/nrf52832_xxaa/ble_nus.c.o
 .rodata.str1.4
                0x0000000000030664        0x8 _build/nrf52832_xxaa/ble_nus.c.o
 .rodata        0x000000000003066c        0x4 _build/nrf52832_xxaa/nrf_sdh.c.o
 .rodata.sdh_req_observers
                0x0000000000030670        0xc _build/nrf52832_xxaa/nrf_sdh.c.o
 .rodata.sdh_state_observers
                0x000000000003067c        0xc _build/nrf52832_xxaa/nrf_sdh.c.o
 .rodata.str1.4
                0x0000000000030688        0x8 _build/nrf52832_xxaa/nrf_sdh.c.o
 .rodata.sdh_stack_observers
                0x0000000000030690        0xc _build/nrf52832_xxaa/nrf_sdh.c.o
 .rodata.sdh_ble_observers
                0x000000000003069c        0xc _build/nrf52832_xxaa/nrf_sdh_ble.c.o
 .rodata.str1.4
                0x00000000000306a8      0x28c _build/nrf52832_xxaa/nrf_sdh_ble.c.o
 .rodata.sdh_soc_observers
                0x0000000000030934        0xc _build/nrf52832_xxaa/nrf_sdh_soc.c.o
 .rodata.str1.4
                0x0000000000030940        0xc _build/nrf52832_xxaa/nrf_sdh_soc.c.o
 .rodata        0x000000000003094c      0x101 /usr/lib/gcc/arm-none-eabi/5.4.1/../../../arm-none-eabi/lib/armv7e-m/fpu/libc_nano.a(lib_a-ctype_.o)
                0x000000000003094c                _ctype_
 *fill*         0x0000000000030a4d        0x3 
 .rodata        0x0000000000030a50        0x4 /usr/lib/gcc/arm-none-eabi/5.4.1/../../../arm-none-eabi/lib/armv7e-m/fpu/libc_nano.a(lib_a-impure.o)
                0x0000000000030a50                _global_impure_ptr
 .rodata.str1.4
                0x0000000000030a54        0x2 /usr/lib/gcc/arm-none-eabi/5.4.1/../../../arm-none-eabi/lib/armv7e-m/fpu/libc_nano.a(lib_a-impure.o)
 *fill*         0x0000000000030a56        0x2 
 .rodata        0x0000000000030a58       0x60 /usr/lib/gcc/arm-none-eabi/5.4.1/../../../arm-none-eabi/lib/armv7e-m/fpu/libc_nano.a(lib_a-findfp.o)
                0x0000000000030a58                __sf_fake_stderr
                0x0000000000030a78                __sf_fake_stdout
                0x0000000000030a98                __sf_fake_stdin
 .rodata.str1.4
                0x0000000000030ab8       0x13 /usr/lib/gcc/arm-none-eabi/5.4.1/../../../arm-none-eabi/lib/armv7e-m/fpu/libc_nano.a(lib_a-nano-vfprintf.o)
 *fill*         0x0000000000030acb        0x1 
 .rodata.str1.4
                0x0000000000030acc       0x28 /usr/lib/gcc/arm-none-eabi/5.4.1/../../../arm-none-eabi/lib/armv7e-m/fpu/libc_nano.a(lib_a-nano-vfprintf_i.o)
                                         0x25 (size before relaxing)
 *(.eh_frame*)
 .eh_frame      0x0000000000030af4        0x0 /usr/lib/gcc/arm-none-eabi/5.4.1/armv7e-m/fpu/crtbegin.o
 .eh_frame      0x0000000000030af4        0x4 /usr/lib/gcc/arm-none-eabi/5.4.1/armv7e-m/fpu/crtend.o

.glue_7         0x0000000000030af8        0x0
 .glue_7        0x0000000000030af8        0x0 linker stubs

.glue_7t        0x0000000000030af8        0x0
 .glue_7t       0x0000000000030af8        0x0 linker stubs

.vfp11_veneer   0x0000000000030af8        0x0
 .vfp11_veneer  0x0000000000030af8        0x0 linker stubs

.v4_bx          0x0000000000030af8        0x0
 .v4_bx         0x0000000000030af8        0x0 linker stubs

.iplt           0x0000000000030af8        0x0
 .iplt          0x0000000000030af8        0x0 /usr/lib/gcc/arm-none-eabi/5.4.1/armv7e-m/fpu/crtbegin.o

.mem_section_dummy_rom

.sdh_soc_observers
                0x0000000000030af8       0x10
                0x0000000000030af8                PROVIDE (__start_sdh_soc_observers, .)
 *(SORT(.sdh_soc_observers*))
 .sdh_soc_observers0
                0x0000000000030af8        0x8 _build/nrf52832_xxaa/nrf_drv_clock.c.o
 .sdh_soc_observers1
                0x0000000000030b00        0x8 _build/nrf52832_xxaa/main.c.o
                0x0000000000030b08                PROVIDE (__stop_sdh_soc_observers, .)

.sdh_ble_observers
                0x0000000000030b08       0x40
                0x0000000000030b08                PROVIDE (__start_sdh_ble_observers, .)
 *(SORT(.sdh_ble_observers*))
 .sdh_ble_observers0
                0x0000000000030b08        0x8 _build/nrf52832_xxaa/ble_conn_state.c.o
 .sdh_ble_observers1
                0x0000000000030b10        0x8 _build/nrf52832_xxaa/bsp_btn_ble.c.o
 .sdh_ble_observers1
                0x0000000000030b18       0x10 _build/nrf52832_xxaa/main.c.o
 .sdh_ble_observers1
                0x0000000000030b28        0x8 _build/nrf52832_xxaa/ble_conn_params.c.o
 .sdh_ble_observers2
                0x0000000000030b30       0x10 _build/nrf52832_xxaa/main.c.o
 .sdh_ble_observers3
                0x0000000000030b40        0x8 _build/nrf52832_xxaa/main.c.o
                0x0000000000030b48                PROVIDE (__stop_sdh_ble_observers, .)

.pwr_mgmt_data  0x0000000000030b48        0x0
                0x0000000000030b48                PROVIDE (__start_pwr_mgmt_data, .)
 *(SORT(.pwr_mgmt_data*))
                0x0000000000030b48                PROVIDE (__stop_pwr_mgmt_data, .)

.sdh_req_observers
                0x0000000000030b48        0x0
                0x0000000000030b48                PROVIDE (__start_sdh_req_observers, .)
 *(SORT(.sdh_req_observers*))
                0x0000000000030b48                PROVIDE (__stop_sdh_req_observers, .)

.sdh_state_observers
                0x0000000000030b48        0x8
                0x0000000000030b48                PROVIDE (__start_sdh_state_observers, .)
 *(SORT(.sdh_state_observers*))
 .sdh_state_observers0
                0x0000000000030b48        0x8 _build/nrf52832_xxaa/nrf_drv_clock.c.o
                0x0000000000030b50                PROVIDE (__stop_sdh_state_observers, .)

.sdh_stack_observers
                0x0000000000030b50       0x10
                0x0000000000030b50                PROVIDE (__start_sdh_stack_observers, .)
 *(SORT(.sdh_stack_observers*))
 .sdh_stack_observers0
                0x0000000000030b50        0x8 _build/nrf52832_xxaa/nrf_sdh_ble.c.o
 .sdh_stack_observers0
                0x0000000000030b58        0x8 _build/nrf52832_xxaa/nrf_sdh_soc.c.o
                0x0000000000030b60                PROVIDE (__stop_sdh_stack_observers, .)

.nrf_queue      0x0000000000030b60        0x0
                [!provide]                        PROVIDE (__start_nrf_queue, .)
 *(.nrf_queue)
                [!provide]                        PROVIDE (__stop_nrf_queue, .)

.nrf_balloc     0x0000000000030b60       0x14
                [!provide]                        PROVIDE (__start_nrf_balloc, .)
 *(.nrf_balloc)
 .nrf_balloc    0x0000000000030b60       0x14 _build/nrf52832_xxaa/nrf_log_frontend.c.o
                0x0000000000030b60                log_mempool
                [!provide]                        PROVIDE (__stop_nrf_balloc, .)
                [!provide]                        PROVIDE (__start_nrf_balloc, .)
 *(.nrf_balloc)
                [!provide]                        PROVIDE (__stop_nrf_balloc, .)

.cli_command    0x0000000000030b74        0x0
                [!provide]                        PROVIDE (__start_cli_command, .)
 *(.cli_command)
                [!provide]                        PROVIDE (__stop_cli_command, .)

.crypto_data    0x0000000000030b74        0x0
                [!provide]                        PROVIDE (__start_crypto_data, .)
 *(SORT(.crypto_data*))
                [!provide]                        PROVIDE (__stop_crypto_data, .)

.log_const_data
                0x0000000000030b74       0x70
                0x0000000000030b74                PROVIDE (__start_log_const_data, .)
 *(SORT(.log_const_data*))
 .log_const_data_CLOCK
                0x0000000000030b74        0x8 _build/nrf52832_xxaa/nrfx_clock.c.o
                0x0000000000030b74                m_nrf_log_CLOCK_logs_data_const
 .log_const_data_GPIOTE
                0x0000000000030b7c        0x8 _build/nrf52832_xxaa/nrfx_gpiote.c.o
                0x0000000000030b7c                m_nrf_log_GPIOTE_logs_data_const
 .log_const_data_I2S
                0x0000000000030b84        0x8 _build/nrf52832_xxaa/nrfx_i2s.c.o
                0x0000000000030b84                m_nrf_log_I2S_logs_data_const
 .log_const_data_PRS
                0x0000000000030b8c        0x8 _build/nrf52832_xxaa/nrfx_prs.c.o
                0x0000000000030b8c                m_nrf_log_PRS_logs_data_const
 .log_const_data_UART
                0x0000000000030b94        0x8 _build/nrf52832_xxaa/nrfx_uart.c.o
                0x0000000000030b94                m_nrf_log_UART_logs_data_const
 .log_const_data_UARTE
                0x0000000000030b9c        0x8 _build/nrf52832_xxaa/nrfx_uarte.c.o
                0x0000000000030b9c                m_nrf_log_UARTE_logs_data_const
 .log_const_data_app
                0x0000000000030ba4        0x8 _build/nrf52832_xxaa/nrf_log_frontend.c.o
                0x0000000000030ba4                m_nrf_log_app_logs_data_const
 .log_const_data_ble_nus
                0x0000000000030bac        0x8 _build/nrf52832_xxaa/ble_nus.c.o
                0x0000000000030bac                m_nrf_log_ble_nus_logs_data_const
 .log_const_data_clock
                0x0000000000030bb4        0x8 _build/nrf52832_xxaa/nrf_drv_clock.c.o
                0x0000000000030bb4                m_nrf_log_clock_logs_data_const
 .log_const_data_nrf_ble_gatt
                0x0000000000030bbc        0x8 _build/nrf52832_xxaa/nrf_ble_gatt.c.o
                0x0000000000030bbc                m_nrf_log_nrf_ble_gatt_logs_data_const
 .log_const_data_nrf_sdh
                0x0000000000030bc4        0x8 _build/nrf52832_xxaa/nrf_sdh.c.o
                0x0000000000030bc4                m_nrf_log_nrf_sdh_logs_data_const
 .log_const_data_nrf_sdh_ble
                0x0000000000030bcc        0x8 _build/nrf52832_xxaa/nrf_sdh_ble.c.o
                0x0000000000030bcc                m_nrf_log_nrf_sdh_ble_logs_data_const
 .log_const_data_nrf_sdh_soc
                0x0000000000030bd4        0x8 _build/nrf52832_xxaa/nrf_sdh_soc.c.o
                0x0000000000030bd4                m_nrf_log_nrf_sdh_soc_logs_data_const
 .log_const_data_pwr_mgmt
                0x0000000000030bdc        0x8 _build/nrf52832_xxaa/nrf_pwr_mgmt.c.o
                0x0000000000030bdc                m_nrf_log_pwr_mgmt_logs_data_const
                0x0000000000030be4                PROVIDE (__stop_log_const_data, .)

.log_backends   0x0000000000030be4       0x10
                [!provide]                        PROVIDE (__start_log_backends, .)
 *(SORT(.log_backends*))
 .log_backends  0x0000000000030be4       0x10 _build/nrf52832_xxaa/nrf_log_default_backends.c.o
                [!provide]                        PROVIDE (__stop_log_backends, .)

.ARM.extab
 *(.ARM.extab* .gnu.linkonce.armextab.*)
                0x0000000000030bf4                __exidx_start = .

.ARM.exidx      0x0000000000030bf4        0x8
 *(.ARM.exidx* .gnu.linkonce.armexidx.*)
 .ARM.exidx     0x0000000000030bf4        0x8 /usr/lib/gcc/arm-none-eabi/5.4.1/../../../arm-none-eabi/lib/armv7e-m/fpu/crt0.o
 .ARM.exidx     0x0000000000030bfc        0x0 /usr/lib/gcc/arm-none-eabi/5.4.1/armv7e-m/fpu/libgcc.a(_udivmoddi4.o)
                                          0x8 (size before relaxing)
                0x0000000000030bfc                __exidx_end = .
                0x0000000000030bfc                __etext = .

.rel.dyn        0x0000000000030bfc        0x0
 .rel.iplt      0x0000000000030bfc        0x0 /usr/lib/gcc/arm-none-eabi/5.4.1/armv7e-m/fpu/crtbegin.o

.data           0x0000000020002a98       0xc0 load address 0x0000000000030bfc
                0x0000000020002a98                __data_start__ = .
 *(vtable)
 *(.data*)
 .data.log_backend_cb_rtt_log_backend
                0x0000000020002a98        0x8 _build/nrf52832_xxaa/nrf_log_default_backends.c.o
 .data.app_uart_inst
                0x0000000020002aa0       0x14 _build/nrf52832_xxaa/app_uart_fifo.c.o
 .data.SystemCoreClock
                0x0000000020002ab4        0x4 _build/nrf52832_xxaa/system_nrf52.c.o
                0x0000000020002ab4                SystemCoreClock
 .data.m_nus    0x0000000020002ab8       0x1c _build/nrf52832_xxaa/main.c.o
 .data.m_adv_uuids
                0x0000000020002ad4        0x4 _build/nrf52832_xxaa/main.c.o
 .data.m_nus_link_ctx_storage
                0x0000000020002ad8        0x8 _build/nrf52832_xxaa/main.c.o
 .data.m_conn_handle
                0x0000000020002ae0        0x2 _build/nrf52832_xxaa/main.c.o
 *fill*         0x0000000020002ae2        0x2 
 .data          0x0000000020002ae4        0x4 /usr/lib/gcc/arm-none-eabi/5.4.1/../../../arm-none-eabi/lib/armv7e-m/fpu/libc_nano.a(lib_a-ctype_.o)
                0x0000000020002ae4                __ctype_ptr__
 .data          0x0000000020002ae8       0x64 /usr/lib/gcc/arm-none-eabi/5.4.1/../../../arm-none-eabi/lib/armv7e-m/fpu/libc_nano.a(lib_a-impure.o)
                0x0000000020002ae8                _impure_ptr
                0x0000000020002b4c                . = ALIGN (0x4)
                0x0000000020002b4c                PROVIDE (__preinit_array_start, .)
 *(.preinit_array)
                0x0000000020002b4c                PROVIDE (__preinit_array_end, .)
                0x0000000020002b4c                . = ALIGN (0x4)
                0x0000000020002b4c                PROVIDE (__init_array_start, .)
 *(SORT(.init_array.*))
 *(.init_array)
 .init_array    0x0000000020002b4c        0x4 /usr/lib/gcc/arm-none-eabi/5.4.1/armv7e-m/fpu/crtbegin.o
                0x0000000020002b50                PROVIDE (__init_array_end, .)
                0x0000000020002b50                . = ALIGN (0x4)
                0x0000000020002b50                PROVIDE (__fini_array_start, .)
 *(SORT(.fini_array.*))
 *(.fini_array)
 .fini_array    0x0000000020002b50        0x4 /usr/lib/gcc/arm-none-eabi/5.4.1/armv7e-m/fpu/crtbegin.o
                0x0000000020002b54                PROVIDE (__fini_array_end, .)
 *(.jcr*)
 .jcr           0x0000000020002b54        0x0 /usr/lib/gcc/arm-none-eabi/5.4.1/armv7e-m/fpu/crtbegin.o
 .jcr           0x0000000020002b54        0x4 /usr/lib/gcc/arm-none-eabi/5.4.1/armv7e-m/fpu/crtend.o
                0x0000000020002b58                . = ALIGN (0x4)
                0x0000000020002b58                __data_end__ = .
LOAD /usr/lib/gcc/arm-none-eabi/5.4.1/armv7e-m/fpu/crti.o
LOAD /usr/lib/gcc/arm-none-eabi/5.4.1/armv7e-m/fpu/crtbegin.o
LOAD /usr/lib/gcc/arm-none-eabi/5.4.1/../../../arm-none-eabi/lib/armv7e-m/fpu/crt0.o
LOAD _build/nrf52832_xxaa/nrfx_i2s.c.o
LOAD _build/nrf52832_xxaa/gcc_startup_nrf52.S.o
LOAD _build/nrf52832_xxaa/nrf_log_backend_rtt.c.o
LOAD _build/nrf52832_xxaa/nrf_log_backend_serial.c.o
LOAD _build/nrf52832_xxaa/nrf_log_backend_uart.c.o
LOAD _build/nrf52832_xxaa/nrf_log_default_backends.c.o
LOAD _build/nrf52832_xxaa/nrf_log_frontend.c.o
LOAD _build/nrf52832_xxaa/nrf_log_str_formatter.c.o
LOAD _build/nrf52832_xxaa/boards.c.o
LOAD _build/nrf52832_xxaa/app_button.c.o
LOAD _build/nrf52832_xxaa/app_error.c.o
LOAD _build/nrf52832_xxaa/app_error_handler_gcc.c.o
LOAD _build/nrf52832_xxaa/app_error_weak.c.o
LOAD _build/nrf52832_xxaa/app_fifo.c.o
LOAD _build/nrf52832_xxaa/app_scheduler.c.o
LOAD _build/nrf52832_xxaa/app_timer.c.o
LOAD _build/nrf52832_xxaa/app_uart_fifo.c.o
LOAD _build/nrf52832_xxaa/app_util_platform.c.o
LOAD _build/nrf52832_xxaa/hardfault_implementation.c.o
LOAD _build/nrf52832_xxaa/nrf_assert.c.o
LOAD _build/nrf52832_xxaa/nrf_atfifo.c.o
LOAD _build/nrf52832_xxaa/nrf_atflags.c.o
LOAD _build/nrf52832_xxaa/nrf_atomic.c.o
LOAD _build/nrf52832_xxaa/nrf_balloc.c.o
LOAD _build/nrf52832_xxaa/nrf_fprintf.c.o
LOAD _build/nrf52832_xxaa/nrf_fprintf_format.c.o
LOAD _build/nrf52832_xxaa/nrf_memobj.c.o
LOAD _build/nrf52832_xxaa/nrf_pwr_mgmt.c.o
LOAD _build/nrf52832_xxaa/nrf_ringbuf.c.o
LOAD _build/nrf52832_xxaa/nrf_section_iter.c.o
LOAD _build/nrf52832_xxaa/nrf_strerror.c.o
LOAD _build/nrf52832_xxaa/retarget.c.o
LOAD _build/nrf52832_xxaa/system_nrf52.c.o
LOAD _build/nrf52832_xxaa/nrf_drv_clock.c.o
LOAD _build/nrf52832_xxaa/nrf_drv_uart.c.o
LOAD _build/nrf52832_xxaa/nrfx_atomic.c.o
LOAD _build/nrf52832_xxaa/nrfx_clock.c.o
LOAD _build/nrf52832_xxaa/nrfx_gpiote.c.o
LOAD _build/nrf52832_xxaa/nrfx_prs.c.o
LOAD _build/nrf52832_xxaa/nrfx_uart.c.o
LOAD _build/nrf52832_xxaa/nrfx_uarte.c.o
LOAD _build/nrf52832_xxaa/bsp.c.o
LOAD _build/nrf52832_xxaa/bsp_btn_ble.c.o
LOAD _build/nrf52832_xxaa/main.c.o
LOAD _build/nrf52832_xxaa/SEGGER_RTT.c.o
LOAD _build/nrf52832_xxaa/SEGGER_RTT_Syscalls_GCC.c.o
LOAD _build/nrf52832_xxaa/SEGGER_RTT_printf.c.o
LOAD _build/nrf52832_xxaa/ble_advdata.c.o
LOAD _build/nrf52832_xxaa/ble_advertising.c.o
LOAD _build/nrf52832_xxaa/ble_conn_params.c.o
LOAD _build/nrf52832_xxaa/ble_conn_state.c.o
LOAD _build/nrf52832_xxaa/ble_link_ctx_manager.c.o
LOAD _build/nrf52832_xxaa/ble_srv_common.c.o
LOAD _build/nrf52832_xxaa/nrf_ble_gatt.c.o
LOAD _build/nrf52832_xxaa/nrf_ble_qwr.c.o
LOAD _build/nrf52832_xxaa/utf.c.o
LOAD _build/nrf52832_xxaa/ble_nus.c.o
LOAD _build/nrf52832_xxaa/nrf_sdh.c.o
LOAD _build/nrf52832_xxaa/nrf_sdh_ble.c.o
LOAD _build/nrf52832_xxaa/nrf_sdh_soc.c.o
LOAD /usr/lib/gcc/arm-none-eabi/5.4.1/../../../arm-none-eabi/lib/armv7e-m/fpu/libc_nano.a
LOAD /usr/lib/gcc/arm-none-eabi/5.4.1/../../../arm-none-eabi/lib/armv7e-m/fpu/libnosys.a
LOAD /usr/lib/gcc/arm-none-eabi/5.4.1/../../../arm-none-eabi/lib/armv7e-m/fpu/libm.a
START GROUP
LOAD /usr/lib/gcc/arm-none-eabi/5.4.1/armv7e-m/fpu/libgcc.a
LOAD /usr/lib/gcc/arm-none-eabi/5.4.1/../../../arm-none-eabi/lib/armv7e-m/fpu/libg_nano.a
LOAD /usr/lib/gcc/arm-none-eabi/5.4.1/../../../arm-none-eabi/lib/armv7e-m/fpu/libc_nano.a
END GROUP
START GROUP
LOAD /usr/lib/gcc/arm-none-eabi/5.4.1/armv7e-m/fpu/libgcc.a
LOAD /usr/lib/gcc/arm-none-eabi/5.4.1/../../../arm-none-eabi/lib/armv7e-m/fpu/libc_nano.a
END GROUP
LOAD /usr/lib/gcc/arm-none-eabi/5.4.1/armv7e-m/fpu/crtend.o
LOAD /usr/lib/gcc/arm-none-eabi/5.4.1/armv7e-m/fpu/crtn.o
START GROUP
LOAD /usr/lib/gcc/arm-none-eabi/5.4.1/armv7e-m/fpu/libgcc.a
LOAD /usr/lib/gcc/arm-none-eabi/5.4.1/../../../arm-none-eabi/lib/armv7e-m/fpu/libc.a
LOAD /usr/lib/gcc/arm-none-eabi/5.4.1/../../../arm-none-eabi/lib/armv7e-m/fpu/libnosys.a
END GROUP

.tm_clone_table
                0x0000000020002b58        0x0 load address 0x0000000000030cbc
 .tm_clone_table
                0x0000000020002b58        0x0 /usr/lib/gcc/arm-none-eabi/5.4.1/armv7e-m/fpu/crtbegin.o
 .tm_clone_table
                0x0000000020002b58        0x0 /usr/lib/gcc/arm-none-eabi/5.4.1/armv7e-m/fpu/crtend.o

.igot.plt       0x0000000020002b58        0x0 load address 0x0000000000030cbc
 .igot.plt      0x0000000020002b58        0x0 /usr/lib/gcc/arm-none-eabi/5.4.1/armv7e-m/fpu/crtbegin.o
                0x0000000020002b58                . = ALIGN (0x4)

.mem_section_dummy_ram

.cli_sorted_cmd_ptrs
                0x0000000020002b58        0x0
                [!provide]                        PROVIDE (__start_cli_sorted_cmd_ptrs, .)
 *(.cli_sorted_cmd_ptrs)
                [!provide]                        PROVIDE (__stop_cli_sorted_cmd_ptrs, .)

.fs_data        0x0000000020002b58        0x0
                [!provide]                        PROVIDE (__start_fs_data, .)
 *(.fs_data)
                [!provide]                        PROVIDE (__stop_fs_data, .)

.log_dynamic_data
                0x0000000020002b58        0x0
                0x0000000020002b58                PROVIDE (__start_log_dynamic_data, .)
 *(SORT(.log_dynamic_data*))
                [!provide]                        PROVIDE (__stop_log_dynamic_data, .)

.log_filter_data
                0x0000000020002b58        0x0
                [!provide]                        PROVIDE (__start_log_filter_data, .)
 *(SORT(.log_filter_data*))
                [!provide]                        PROVIDE (__stop_log_filter_data, .)

.bss            0x0000000020002b58     0x1f34 load address 0x0000000000030cc0
                0x0000000020002b58                . = ALIGN (0x4)
                0x0000000020002b58                __bss_start__ = .
 *(.bss*)
 .bss           0x0000000020002b58       0x1c /usr/lib/gcc/arm-none-eabi/5.4.1/armv7e-m/fpu/crtbegin.o
 .bss.m_cb      0x0000000020002b74       0x18 _build/nrf52832_xxaa/nrfx_i2s.c.o
 .bss.m_host_present
                0x0000000020002b8c        0x1 _build/nrf52832_xxaa/nrf_log_backend_rtt.c.o
 *fill*         0x0000000020002b8d        0x3 
 .bss.m_string_buff
                0x0000000020002b90       0x40 _build/nrf52832_xxaa/nrf_log_backend_rtt.c.o
 .bss.m_log_data
                0x0000000020002bd0      0x424 _build/nrf52832_xxaa/nrf_log_frontend.c.o
 .bss.log_mempool_nrf_balloc_pool_mem
                0x0000000020002ff4       0xc0 _build/nrf52832_xxaa/nrf_log_frontend.c.o
 .bss.m_log_push_ringbuf_buf
                0x00000000200030b4       0x80 _build/nrf52832_xxaa/nrf_log_frontend.c.o
 .bss.log_mempool_nrf_balloc_pool_stack
                0x0000000020003134        0x8 _build/nrf52832_xxaa/nrf_log_frontend.c.o
 .bss.log_mempool_nrf_balloc_cb
                0x000000002000313c        0x8 _build/nrf52832_xxaa/nrf_log_frontend.c.o
 .bss.m_log_push_ringbuf_cb
                0x0000000020003144       0x18 _build/nrf52832_xxaa/nrf_log_frontend.c.o
 .bss.m_detection_delay
                0x000000002000315c        0x4 _build/nrf52832_xxaa/app_button.c.o
 .bss.mp_buttons
                0x0000000020003160        0x4 _build/nrf52832_xxaa/app_button.c.o
 .bss.m_button_count
                0x0000000020003164        0x1 _build/nrf52832_xxaa/app_button.c.o
 *fill*         0x0000000020003165        0x3 
 .bss.m_detection_delay_timer_id_data
                0x0000000020003168       0x20 _build/nrf52832_xxaa/app_button.c.o
 .bss.m_pin_state
                0x0000000020003188        0x8 _build/nrf52832_xxaa/app_button.c.o
 .bss.m_pin_transition
                0x0000000020003190        0x8 _build/nrf52832_xxaa/app_button.c.o
 .bss.m_error_data.6529
                0x0000000020003198       0x20 _build/nrf52832_xxaa/app_error.c.o
 .bss.m_ticks_latest
                0x00000000200031b8        0x4 _build/nrf52832_xxaa/app_timer.c.o
 .bss.mp_timer_id_head
                0x00000000200031bc        0x4 _build/nrf52832_xxaa/app_timer.c.o
 .bss.m_ticks_elapsed_q_read_ind
                0x00000000200031c0        0x1 _build/nrf52832_xxaa/app_timer.c.o
 .bss.m_ticks_elapsed_q_write_ind
                0x00000000200031c1        0x1 _build/nrf52832_xxaa/app_timer.c.o
 .bss.m_rtc1_reset
                0x00000000200031c2        0x1 _build/nrf52832_xxaa/app_timer.c.o
 *fill*         0x00000000200031c3        0x1 
 .bss.m_op_queue
                0x00000000200031c4      0x10c _build/nrf52832_xxaa/app_timer.c.o
 .bss.m_ticks_elapsed
                0x00000000200032d0        0x8 _build/nrf52832_xxaa/app_timer.c.o
 .bss.m_rtc1_running
                0x00000000200032d8        0x1 _build/nrf52832_xxaa/app_timer.c.o
 *fill*         0x00000000200032d9        0x3 
 .bss.tx_buffer
                0x00000000200032dc        0x1 _build/nrf52832_xxaa/app_uart_fifo.c.o
 *fill*         0x00000000200032dd        0x3 
 .bss.m_event_handler
                0x00000000200032e0        0x4 _build/nrf52832_xxaa/app_uart_fifo.c.o
 .bss.rx_buffer
                0x00000000200032e4        0x1 _build/nrf52832_xxaa/app_uart_fifo.c.o
 *fill*         0x00000000200032e5        0x3 
 .bss.m_tx_fifo
                0x00000000200032e8       0x10 _build/nrf52832_xxaa/app_uart_fifo.c.o
 .bss.m_rx_ovf  0x00000000200032f8        0x1 _build/nrf52832_xxaa/app_uart_fifo.c.o
 *fill*         0x00000000200032f9        0x3 
 .bss.m_rx_fifo
                0x00000000200032fc       0x10 _build/nrf52832_xxaa/app_uart_fifo.c.o
 .bss.m_shutdown_started
                0x000000002000330c        0x1 _build/nrf52832_xxaa/nrf_pwr_mgmt.c.o
 *fill*         0x000000002000330d        0x3 
 .bss.m_sysoff_mtx
                0x0000000020003310        0x4 _build/nrf52832_xxaa/nrf_pwr_mgmt.c.o
 .bss.m_handlers_iter
                0x0000000020003314        0x8 _build/nrf52832_xxaa/nrf_pwr_mgmt.c.o
 .bss.m_clock_cb
                0x000000002000331c       0x14 _build/nrf52832_xxaa/nrf_drv_clock.c.o
 .bss.m_handlers
                0x0000000020003330        0x4 _build/nrf52832_xxaa/nrf_drv_uart.c.o
 .bss.m_contexts
                0x0000000020003334        0x4 _build/nrf52832_xxaa/nrf_drv_uart.c.o
 .bss.m_clock_cb
                0x0000000020003338        0x8 _build/nrf52832_xxaa/nrfx_clock.c.o
 .bss.m_cb      0x0000000020003340       0x5c _build/nrf52832_xxaa/nrfx_gpiote.c.o
 .bss.m_prs_box_4
                0x000000002000339c        0x8 _build/nrf52832_xxaa/nrfx_prs.c.o
 .bss.m_cb      0x00000000200033a4       0x2c _build/nrf52832_xxaa/nrfx_uart.c.o
 .bss.m_cb      0x00000000200033d0       0x24 _build/nrf52832_xxaa/nrfx_uarte.c.o
 .bss.current_long_push_pin_no.7639
                0x00000000200033f4        0x1 _build/nrf52832_xxaa/bsp.c.o
 *fill*         0x00000000200033f5        0x3 
 .bss.release_event_at_push.7640
                0x00000000200033f8        0x4 _build/nrf52832_xxaa/bsp.c.o
 .bss.m_alert_on
                0x00000000200033fc        0x1 _build/nrf52832_xxaa/bsp.c.o
 *fill*         0x00000000200033fd        0x3 
 .bss.m_indication_type
                0x0000000020003400        0x4 _build/nrf52832_xxaa/bsp.c.o
 .bss.m_leds_clear
                0x0000000020003404        0x1 _build/nrf52832_xxaa/bsp.c.o
 *fill*         0x0000000020003405        0x3 
 .bss.m_bsp_alert_tmr_data
                0x0000000020003408       0x20 _build/nrf52832_xxaa/bsp.c.o
 .bss.m_stable_state
                0x0000000020003428        0x1 _build/nrf52832_xxaa/bsp.c.o
 *fill*         0x0000000020003429        0x3 
 .bss.m_registered_callback
                0x000000002000342c        0x4 _build/nrf52832_xxaa/bsp.c.o
 .bss.m_bsp_button_tmr_data
                0x0000000020003430       0x20 _build/nrf52832_xxaa/bsp.c.o
 .bss.m_bsp_leds_tmr_data
                0x0000000020003450       0x20 _build/nrf52832_xxaa/bsp.c.o
 .bss.m_events_list
                0x0000000020003470        0xc _build/nrf52832_xxaa/bsp.c.o
 .bss.m_error_handler
                0x000000002000347c        0x4 _build/nrf52832_xxaa/bsp_btn_ble.c.o
 .bss.m_num_connections
                0x0000000020003480        0x4 _build/nrf52832_xxaa/bsp_btn_ble.c.o
 .bss.tx_buf.11248
                0x0000000020003484      0x100 _build/nrf52832_xxaa/main.c.o
 .bss.m_next_buffers_set
                0x0000000020003584        0x1 _build/nrf52832_xxaa/main.c.o
 *fill*         0x0000000020003585        0x3 
 .bss.rx_buf.11247
                0x0000000020003588      0x100 _build/nrf52832_xxaa/main.c.o
 .bss.m_nus_link_ctx_storage_ctx_data_pool
                0x0000000020003688        0x4 _build/nrf52832_xxaa/main.c.o
 .bss.location.11136
                0x000000002000368c        0x4 _build/nrf52832_xxaa/main.c.o
 .bss.m_qwr     0x0000000020003690        0xc _build/nrf52832_xxaa/main.c.o
 .bss.m_advertising
                0x000000002000369c      0x258 _build/nrf52832_xxaa/main.c.o
 .bss.data_array.11234
                0x00000000200038f4       0xf4 _build/nrf52832_xxaa/main.c.o
 .bss.index.11235
                0x00000000200039e8        0x1 _build/nrf52832_xxaa/main.c.o
 *fill*         0x00000000200039e9        0x3 
 .bss.m_gatt    0x00000000200039ec       0x14 _build/nrf52832_xxaa/main.c.o
 .bss.s_light_leds
                0x0000000020003a00        0x1 _build/nrf52832_xxaa/main.c.o
 *fill*         0x0000000020003a01        0x3 
 .bss.s_command
                0x0000000020003a04      0x31c _build/nrf52832_xxaa/main.c.o
 .bss.s_buffer_tx
                0x0000000020003d20      0x960 _build/nrf52832_xxaa/main.c.o
 .bss._acDownBuffer
                0x0000000020004680       0x10 _build/nrf52832_xxaa/SEGGER_RTT.c.o
 .bss._acUpBuffer
                0x0000000020004690      0x200 _build/nrf52832_xxaa/SEGGER_RTT.c.o
 .bss.m_conn_params_config
                0x0000000020004890       0x1c _build/nrf52832_xxaa/ble_conn_params.c.o
 .bss.m_conn_params_instances
                0x00000000200048ac       0x14 _build/nrf52832_xxaa/ble_conn_params.c.o
 .bss.m_timer_data
                0x00000000200048c0       0x20 _build/nrf52832_xxaa/ble_conn_params.c.o
 .bss.m_preferred_conn_params
                0x00000000200048e0        0x8 _build/nrf52832_xxaa/ble_conn_params.c.o
 .bss.m_bcs     0x00000000200048e8       0x78 _build/nrf52832_xxaa/ble_conn_state.c.o
 .bss.m_nrf_sdh_enabled
                0x0000000020004960        0x1 _build/nrf52832_xxaa/nrf_sdh.c.o
 .bss.m_nrf_sdh_continue
                0x0000000020004961        0x1 _build/nrf52832_xxaa/nrf_sdh.c.o
 .bss.m_nrf_sdh_suspended
                0x0000000020004962        0x1 _build/nrf52832_xxaa/nrf_sdh.c.o
 .bss.m_stack_is_enabled
                0x0000000020004963        0x1 _build/nrf52832_xxaa/nrf_sdh_ble.c.o
 .bss           0x0000000020004964       0x8c /usr/lib/gcc/arm-none-eabi/5.4.1/../../../arm-none-eabi/lib/armv7e-m/fpu/libc_nano.a(lib_a-__atexit.o)
 .bss           0x00000000200049f0        0x4 /usr/lib/gcc/arm-none-eabi/5.4.1/../../../arm-none-eabi/lib/armv7e-m/fpu/libc_nano.a(lib_a-__call_atexit.o)
                0x00000000200049f0                _global_atexit
 .bss           0x00000000200049f4        0x8 /usr/lib/gcc/arm-none-eabi/5.4.1/../../../arm-none-eabi/lib/armv7e-m/fpu/libc_nano.a(lib_a-nano-mallocr.o)
                0x00000000200049f4                __malloc_free_list
                0x00000000200049f8                __malloc_sbrk_start
 .bss           0x00000000200049fc        0x4 /usr/lib/gcc/arm-none-eabi/5.4.1/../../../arm-none-eabi/lib/armv7e-m/fpu/libnosys.a(sbrk.o)
 *(COMMON)
 COMMON         0x0000000020004a00        0xc _build/nrf52832_xxaa/app_util_platform.c.o
                0x0000000020004a00                nrf_nvic_state
 COMMON         0x0000000020004a0c        0x1 _build/nrf52832_xxaa/nrf_drv_uart.c.o
                0x0000000020004a0c                nrf_drv_uart_use_easy_dma
 *fill*         0x0000000020004a0d        0x3 
 COMMON         0x0000000020004a10       0x78 _build/nrf52832_xxaa/SEGGER_RTT.c.o
                0x0000000020004a10                _SEGGER_RTT
 COMMON         0x0000000020004a88        0x4 /usr/lib/gcc/arm-none-eabi/5.4.1/../../../arm-none-eabi/lib/armv7e-m/fpu/libc_nano.a(lib_a-reent.o)
                0x0000000020004a88                errno
                0x0000000020004a8c                . = ALIGN (0x4)
                0x0000000020004a8c                __bss_end__ = .

.heap           0x0000000020004a90     0x2000
                0x0000000020004a90                __HeapBase = .
                0x0000000020004a90                __end__ = .
                0x0000000020004a90                PROVIDE (end, .)
 *(.heap*)
 .heap          0x0000000020004a90     0x2000 _build/nrf52832_xxaa/gcc_startup_nrf52.S.o
                0x0000000020006a90                __HeapLimit = .

.stack_dummy    0x0000000020004a90     0x2000
 *(.stack*)
 .stack         0x0000000020004a90     0x2000 _build/nrf52832_xxaa/gcc_startup_nrf52.S.o
                0x0000000020010000                __StackTop = (ORIGIN (RAM) + LENGTH (RAM))
                0x000000002000e000                __StackLimit = (__StackTop - SIZEOF (.stack_dummy))
                0x0000000020010000                PROVIDE (__stack, __StackTop)
                0x0000000000000001                ASSERT ((__StackLimit >= __HeapLimit), region RAM overflowed with stack)
                0x00000000000000c0                DataInitFlashUsed = (__bss_start__ - __data_start__)
                0x000000000000abfc                CodeFlashUsed = (__etext - ORIGIN (FLASH))
                0x000000000000acbc                TotalFlashUsed = (CodeFlashUsed + DataInitFlashUsed)
                0x0000000000000001                ASSERT ((TotalFlashUsed <= LENGTH (FLASH)), region FLASH overflowed with .data and user data)
OUTPUT(_build/nrf52832_xxaa.out elf32-littlearm)

.ARM.attributes
                0x0000000000000000       0x30
 .ARM.attributes
                0x0000000000000000       0x22 /usr/lib/gcc/arm-none-eabi/5.4.1/armv7e-m/fpu/crti.o
 .ARM.attributes
                0x0000000000000022       0x34 /usr/lib/gcc/arm-none-eabi/5.4.1/armv7e-m/fpu/crtbegin.o
 .ARM.attributes
                0x0000000000000056       0x20 /usr/lib/gcc/arm-none-eabi/5.4.1/../../../arm-none-eabi/lib/armv7e-m/fpu/crt0.o
 .ARM.attributes
                0x0000000000000076       0x39 _build/nrf52832_xxaa/nrfx_i2s.c.o
 .ARM.attributes
                0x00000000000000af       0x20 _build/nrf52832_xxaa/gcc_startup_nrf52.S.o
 .ARM.attributes
                0x00000000000000cf       0x39 _build/nrf52832_xxaa/nrf_log_backend_rtt.c.o
 .ARM.attributes
                0x0000000000000108       0x39 _build/nrf52832_xxaa/nrf_log_backend_serial.c.o
 .ARM.attributes
                0x0000000000000141       0x39 _build/nrf52832_xxaa/nrf_log_default_backends.c.o
 .ARM.attributes
                0x000000000000017a       0x39 _build/nrf52832_xxaa/nrf_log_frontend.c.o
 .ARM.attributes
                0x00000000000001b3       0x39 _build/nrf52832_xxaa/nrf_log_str_formatter.c.o
 .ARM.attributes
                0x00000000000001ec       0x39 _build/nrf52832_xxaa/boards.c.o
 .ARM.attributes
                0x0000000000000225       0x39 _build/nrf52832_xxaa/app_button.c.o
 .ARM.attributes
                0x000000000000025e       0x39 _build/nrf52832_xxaa/app_error.c.o
 .ARM.attributes
                0x0000000000000297       0x39 _build/nrf52832_xxaa/app_fifo.c.o
 .ARM.attributes
                0x00000000000002d0       0x39 _build/nrf52832_xxaa/app_timer.c.o
 .ARM.attributes
                0x0000000000000309       0x39 _build/nrf52832_xxaa/app_uart_fifo.c.o
 .ARM.attributes
                0x0000000000000342       0x39 _build/nrf52832_xxaa/app_util_platform.c.o
 .ARM.attributes
                0x000000000000037b       0x39 _build/nrf52832_xxaa/nrf_atflags.c.o
 .ARM.attributes
                0x00000000000003b4       0x39 _build/nrf52832_xxaa/nrf_atomic.c.o
 .ARM.attributes
                0x00000000000003ed       0x39 _build/nrf52832_xxaa/nrf_balloc.c.o
 .ARM.attributes
                0x0000000000000426       0x39 _build/nrf52832_xxaa/nrf_fprintf.c.o
 .ARM.attributes
                0x000000000000045f       0x39 _build/nrf52832_xxaa/nrf_fprintf_format.c.o
 .ARM.attributes
                0x0000000000000498       0x39 _build/nrf52832_xxaa/nrf_memobj.c.o
 .ARM.attributes
                0x00000000000004d1       0x39 _build/nrf52832_xxaa/nrf_pwr_mgmt.c.o
 .ARM.attributes
                0x000000000000050a       0x39 _build/nrf52832_xxaa/nrf_ringbuf.c.o
 .ARM.attributes
                0x0000000000000543       0x39 _build/nrf52832_xxaa/nrf_section_iter.c.o
 .ARM.attributes
                0x000000000000057c       0x39 _build/nrf52832_xxaa/nrf_strerror.c.o
 .ARM.attributes
                0x00000000000005b5       0x39 _build/nrf52832_xxaa/retarget.c.o
 .ARM.attributes
                0x00000000000005ee       0x39 _build/nrf52832_xxaa/system_nrf52.c.o
 .ARM.attributes
                0x0000000000000627       0x39 _build/nrf52832_xxaa/nrf_drv_clock.c.o
 .ARM.attributes
                0x0000000000000660       0x39 _build/nrf52832_xxaa/nrf_drv_uart.c.o
 .ARM.attributes
                0x0000000000000699       0x39 _build/nrf52832_xxaa/nrfx_clock.c.o
 .ARM.attributes
                0x00000000000006d2       0x39 _build/nrf52832_xxaa/nrfx_gpiote.c.o
 .ARM.attributes
                0x000000000000070b       0x39 _build/nrf52832_xxaa/nrfx_prs.c.o
 .ARM.attributes
                0x0000000000000744       0x39 _build/nrf52832_xxaa/nrfx_uart.c.o
 .ARM.attributes
                0x000000000000077d       0x39 _build/nrf52832_xxaa/nrfx_uarte.c.o
 .ARM.attributes
                0x00000000000007b6       0x39 _build/nrf52832_xxaa/bsp.c.o
 .ARM.attributes
                0x00000000000007ef       0x39 _build/nrf52832_xxaa/bsp_btn_ble.c.o
 .ARM.attributes
                0x0000000000000828       0x39 _build/nrf52832_xxaa/main.c.o
 .ARM.attributes
                0x0000000000000861       0x39 _build/nrf52832_xxaa/SEGGER_RTT.c.o
 .ARM.attributes
                0x000000000000089a       0x39 _build/nrf52832_xxaa/ble_advdata.c.o
 .ARM.attributes
                0x00000000000008d3       0x39 _build/nrf52832_xxaa/ble_advertising.c.o
 .ARM.attributes
                0x000000000000090c       0x39 _build/nrf52832_xxaa/ble_conn_params.c.o
 .ARM.attributes
                0x0000000000000945       0x39 _build/nrf52832_xxaa/ble_conn_state.c.o
 .ARM.attributes
                0x000000000000097e       0x39 _build/nrf52832_xxaa/ble_link_ctx_manager.c.o
 .ARM.attributes
                0x00000000000009b7       0x39 _build/nrf52832_xxaa/ble_srv_common.c.o
 .ARM.attributes
                0x00000000000009f0       0x39 _build/nrf52832_xxaa/nrf_ble_gatt.c.o
 .ARM.attributes
                0x0000000000000a29       0x39 _build/nrf52832_xxaa/nrf_ble_qwr.c.o
 .ARM.attributes
                0x0000000000000a62       0x39 _build/nrf52832_xxaa/ble_nus.c.o
 .ARM.attributes
                0x0000000000000a9b       0x39 _build/nrf52832_xxaa/nrf_sdh.c.o
 .ARM.attributes
                0x0000000000000ad4       0x39 _build/nrf52832_xxaa/nrf_sdh_ble.c.o
 .ARM.attributes
                0x0000000000000b0d       0x39 _build/nrf52832_xxaa/nrf_sdh_soc.c.o
 .ARM.attributes
                0x0000000000000b46       0x34 /usr/lib/gcc/arm-none-eabi/5.4.1/../../../arm-none-eabi/lib/armv7e-m/fpu/libc_nano.a(lib_a-atexit.o)
 .ARM.attributes
                0x0000000000000b7a       0x34 /usr/lib/gcc/arm-none-eabi/5.4.1/../../../arm-none-eabi/lib/armv7e-m/fpu/libc_nano.a(lib_a-ctype_.o)
 .ARM.attributes
                0x0000000000000bae       0x34 /usr/lib/gcc/arm-none-eabi/5.4.1/../../../arm-none-eabi/lib/armv7e-m/fpu/libc_nano.a(lib_a-exit.o)
 .ARM.attributes
                0x0000000000000be2       0x34 /usr/lib/gcc/arm-none-eabi/5.4.1/../../../arm-none-eabi/lib/armv7e-m/fpu/libc_nano.a(lib_a-fini.o)
 .ARM.attributes
                0x0000000000000c16       0x34 /usr/lib/gcc/arm-none-eabi/5.4.1/../../../arm-none-eabi/lib/armv7e-m/fpu/libc_nano.a(lib_a-impure.o)
 .ARM.attributes
                0x0000000000000c4a       0x34 /usr/lib/gcc/arm-none-eabi/5.4.1/../../../arm-none-eabi/lib/armv7e-m/fpu/libc_nano.a(lib_a-init.o)
 .ARM.attributes
                0x0000000000000c7e       0x20 /usr/lib/gcc/arm-none-eabi/5.4.1/../../../arm-none-eabi/lib/armv7e-m/fpu/libc_nano.a(lib_a-memcpy.o)
 .ARM.attributes
                0x0000000000000c9e       0x34 /usr/lib/gcc/arm-none-eabi/5.4.1/../../../arm-none-eabi/lib/armv7e-m/fpu/libc_nano.a(lib_a-memset.o)
 .ARM.attributes
                0x0000000000000cd2       0x34 /usr/lib/gcc/arm-none-eabi/5.4.1/../../../arm-none-eabi/lib/armv7e-m/fpu/libc_nano.a(lib_a-printf.o)
 .ARM.attributes
                0x0000000000000d06       0x34 /usr/lib/gcc/arm-none-eabi/5.4.1/../../../arm-none-eabi/lib/armv7e-m/fpu/libc_nano.a(lib_a-strcpy.o)
 .ARM.attributes
                0x0000000000000d3a       0x20 /usr/lib/gcc/arm-none-eabi/5.4.1/../../../arm-none-eabi/lib/armv7e-m/fpu/libc_nano.a(lib_a-strlen.o)
 .ARM.attributes
                0x0000000000000d5a       0x34 /usr/lib/gcc/arm-none-eabi/5.4.1/../../../arm-none-eabi/lib/armv7e-m/fpu/libc_nano.a(lib_a-__atexit.o)
 .ARM.attributes
                0x0000000000000d8e       0x34 /usr/lib/gcc/arm-none-eabi/5.4.1/../../../arm-none-eabi/lib/armv7e-m/fpu/libc_nano.a(lib_a-__call_atexit.o)
 .ARM.attributes
                0x0000000000000dc2       0x34 /usr/lib/gcc/arm-none-eabi/5.4.1/../../../arm-none-eabi/lib/armv7e-m/fpu/libc_nano.a(lib_a-findfp.o)
 .ARM.attributes
                0x0000000000000df6       0x34 /usr/lib/gcc/arm-none-eabi/5.4.1/../../../arm-none-eabi/lib/armv7e-m/fpu/libc_nano.a(lib_a-fwalk.o)
 .ARM.attributes
                0x0000000000000e2a       0x34 /usr/lib/gcc/arm-none-eabi/5.4.1/../../../arm-none-eabi/lib/armv7e-m/fpu/libc_nano.a(lib_a-nano-mallocr.o)
 .ARM.attributes
                0x0000000000000e5e       0x34 /usr/lib/gcc/arm-none-eabi/5.4.1/../../../arm-none-eabi/lib/armv7e-m/fpu/libc_nano.a(lib_a-nano-vfprintf.o)
 .ARM.attributes
                0x0000000000000e92       0x34 /usr/lib/gcc/arm-none-eabi/5.4.1/../../../arm-none-eabi/lib/armv7e-m/fpu/libc_nano.a(lib_a-nano-vfprintf_i.o)
 .ARM.attributes
                0x0000000000000ec6       0x34 /usr/lib/gcc/arm-none-eabi/5.4.1/../../../arm-none-eabi/lib/armv7e-m/fpu/libc_nano.a(lib_a-sbrkr.o)
 .ARM.attributes
                0x0000000000000efa       0x34 /usr/lib/gcc/arm-none-eabi/5.4.1/../../../arm-none-eabi/lib/armv7e-m/fpu/libc_nano.a(lib_a-stdio.o)
 .ARM.attributes
                0x0000000000000f2e       0x34 /usr/lib/gcc/arm-none-eabi/5.4.1/../../../arm-none-eabi/lib/armv7e-m/fpu/libc_nano.a(lib_a-wbuf.o)
 .ARM.attributes
                0x0000000000000f62       0x34 /usr/lib/gcc/arm-none-eabi/5.4.1/../../../arm-none-eabi/lib/armv7e-m/fpu/libc_nano.a(lib_a-writer.o)
 .ARM.attributes
                0x0000000000000f96       0x34 /usr/lib/gcc/arm-none-eabi/5.4.1/../../../arm-none-eabi/lib/armv7e-m/fpu/libc_nano.a(lib_a-wsetup.o)
 .ARM.attributes
                0x0000000000000fca       0x34 /usr/lib/gcc/arm-none-eabi/5.4.1/../../../arm-none-eabi/lib/armv7e-m/fpu/libc_nano.a(lib_a-closer.o)
 .ARM.attributes
                0x0000000000000ffe       0x34 /usr/lib/gcc/arm-none-eabi/5.4.1/../../../arm-none-eabi/lib/armv7e-m/fpu/libc_nano.a(lib_a-fflush.o)
 .ARM.attributes
                0x0000000000001032       0x34 /usr/lib/gcc/arm-none-eabi/5.4.1/../../../arm-none-eabi/lib/armv7e-m/fpu/libc_nano.a(lib_a-fvwrite.o)
 .ARM.attributes
                0x0000000000001066       0x34 /usr/lib/gcc/arm-none-eabi/5.4.1/../../../arm-none-eabi/lib/armv7e-m/fpu/libc_nano.a(lib_a-lseekr.o)
 .ARM.attributes
                0x000000000000109a       0x34 /usr/lib/gcc/arm-none-eabi/5.4.1/../../../arm-none-eabi/lib/armv7e-m/fpu/libc_nano.a(lib_a-makebuf.o)
 .ARM.attributes
                0x00000000000010ce       0x20 /usr/lib/gcc/arm-none-eabi/5.4.1/../../../arm-none-eabi/lib/armv7e-m/fpu/libc_nano.a(lib_a-memchr.o)
 .ARM.attributes
                0x00000000000010ee       0x34 /usr/lib/gcc/arm-none-eabi/5.4.1/../../../arm-none-eabi/lib/armv7e-m/fpu/libc_nano.a(lib_a-memmove.o)
 .ARM.attributes